Component: ARM Compiler 5.06 update 2 (build 183) Tool: armlink [4d35b7]

==============================================================================

Section Cross References

    main.o(i.JoinNetwork) refers to loramac.o(i.LoRaMacMlmeRequest) for LoRaMacMlmeRequest
    main.o(i.JoinNetwork) refers to printf8.o(i.__0printf$8) for __2printf
    main.o(i.JoinNetwork) refers to main.o(.data) for MacStatusStrings
    main.o(i.McpsConfirm) refers to printf8.o(i.__0printf$8) for __2printf
    main.o(i.McpsConfirm) refers to gpio.o(i.GpioWrite) for GpioWrite
    main.o(i.McpsConfirm) refers to timer.o(i.TimerStart) for TimerStart
    main.o(i.McpsConfirm) refers to loramac.o(i.LoRaMacMibGetRequestConfirm) for LoRaMacMibGetRequestConfirm
    main.o(i.McpsConfirm) refers to main.o(i.PrintHexBuffer) for PrintHexBuffer
    main.o(i.McpsConfirm) refers to main.o(.data) for EventInfoStatusStrings
    main.o(i.McpsConfirm) refers to board.o(.bss) for Led1
    main.o(i.McpsConfirm) refers to main.o(.bss) for Led1Timer
    main.o(i.McpsIndication) refers to printf8.o(i.__0printf$8) for __2printf
    main.o(i.McpsIndication) refers to main.o(i.OnTxNextPacketTimerEvent) for OnTxNextPacketTimerEvent
    main.o(i.McpsIndication) refers to gpio.o(i.GpioWrite) for GpioWrite
    main.o(i.McpsIndication) refers to loramac.o(i.LoRaMacMibSetRequestConfirm) for LoRaMacMibSetRequestConfirm
    main.o(i.McpsIndication) refers to main.o(i.__ARM_common_switch8) for __ARM_common_switch8
    main.o(i.McpsIndication) refers to loramac.o(i.LoRaMacMlmeRequest) for LoRaMacMlmeRequest
    main.o(i.McpsIndication) refers to main.o(i.JoinNetwork) for JoinNetwork
    main.o(i.McpsIndication) refers to timer.o(i.TimerStart) for TimerStart
    main.o(i.McpsIndication) refers to memcpya.o(.text) for __aeabi_memcpy4
    main.o(i.McpsIndication) refers to main.o(i.PrintHexBuffer) for PrintHexBuffer
    main.o(i.McpsIndication) refers to main.o(.data) for EventInfoStatusStrings
    main.o(i.McpsIndication) refers to main.o(.bss) for ComplianceTest
    main.o(i.McpsIndication) refers to board.o(.bss) for Led4
    main.o(i.McpsIndication) refers to main.o(.constdata) for .constdata
    main.o(i.MlmeConfirm) refers to printf8.o(i.__0printf$8) for __2printf
    main.o(i.MlmeConfirm) refers to loramac.o(i.LoRaMacMibGetRequestConfirm) for LoRaMacMibGetRequestConfirm
    main.o(i.MlmeConfirm) refers to main.o(i.JoinNetwork) for JoinNetwork
    main.o(i.MlmeConfirm) refers to main.o(.data) for EventInfoStatusStrings
    main.o(i.MlmeConfirm) refers to main.o(.bss) for ComplianceTest
    main.o(i.MlmeIndication) refers to printf8.o(i.__0printf$8) for __2printf
    main.o(i.MlmeIndication) refers to main.o(i.OnTxNextPacketTimerEvent) for OnTxNextPacketTimerEvent
    main.o(i.MlmeIndication) refers to main.o(.data) for EventInfoStatusStrings
    main.o(i.OnLed1TimerEvent) refers to timer.o(i.TimerStop) for TimerStop
    main.o(i.OnLed1TimerEvent) refers to gpio.o(i.GpioWrite) for GpioWrite
    main.o(i.OnLed1TimerEvent) refers to main.o(.bss) for Led1Timer
    main.o(i.OnLed1TimerEvent) refers to board.o(.bss) for Led1
    main.o(i.OnLed3TimerEvent) refers to timer.o(i.TimerStop) for TimerStop
    main.o(i.OnLed3TimerEvent) refers to gpio.o(i.GpioWrite) for GpioWrite
    main.o(i.OnLed3TimerEvent) refers to main.o(.bss) for Led3Timer
    main.o(i.OnLed3TimerEvent) refers to board.o(.bss) for Led3
    main.o(i.OnMacProcessNotify) refers to main.o(.data) for IsMacProcessPending
    main.o(i.OnTxNextPacketTimerEvent) refers to timer.o(i.TimerStop) for TimerStop
    main.o(i.OnTxNextPacketTimerEvent) refers to loramac.o(i.LoRaMacMibGetRequestConfirm) for LoRaMacMibGetRequestConfirm
    main.o(i.OnTxNextPacketTimerEvent) refers to main.o(i.JoinNetwork) for JoinNetwork
    main.o(i.OnTxNextPacketTimerEvent) refers to main.o(.bss) for TxNextPacketTimer
    main.o(i.OnTxNextPacketTimerEvent) refers to main.o(.data) for DeviceState
    main.o(i.PrepareTxFrame) refers to main.o(.data) for AppDataSize
    main.o(i.PrepareTxFrame) refers to main.o(.bss) for AppDataBuffer
    main.o(i.PrintHexBuffer) refers to printf8.o(i.__0printf$8) for __2printf
    main.o(i.SendFrame) refers to loramac.o(i.LoRaMacQueryTxPossible) for LoRaMacQueryTxPossible
    main.o(i.SendFrame) refers to loramac.o(i.LoRaMacMcpsRequest) for LoRaMacMcpsRequest
    main.o(i.SendFrame) refers to printf8.o(i.__0printf$8) for __2printf
    main.o(i.SendFrame) refers to main.o(.data) for AppDataSize
    main.o(i.SendFrame) refers to main.o(.bss) for AppDataBuffer
    main.o(i.main) refers to board.o(i.BoardInitMcu) for BoardInitMcu
    main.o(i.main) refers to board.o(i.BoardInitPeriph) for BoardInitPeriph
    main.o(i.main) refers to loramac.o(i.LoRaMacInitialization) for LoRaMacInitialization
    main.o(i.main) refers to printf8.o(i.__0printf$8) for __2printf
    main.o(i.main) refers to loramac.o(i.LoRaMacProcess) for LoRaMacProcess
[...]
    LoRaMacCryptoGetFCntDown                 0x080048b5   Thumb Code   144  loramaccrypto.o(i.LoRaMacCryptoGetFCntDown)
    LoRaMacCryptoGetFCntUp                   0x08004949   Thumb Code    24  loramaccrypto.o(i.LoRaMacCryptoGetFCntUp)
    LoRaMacCryptoGetNvmCtx                   0x08004965   Thumb Code    10  loramaccrypto.o(i.LoRaMacCryptoGetNvmCtx)
    LoRaMacCryptoHandleJoinAccept            0x08004975   Thumb Code   514  loramaccrypto.o(i.LoRaMacCryptoHandleJoinAccept)
    LoRaMacCryptoInit                        0x08004b7d   Thumb Code    74  loramaccrypto.o(i.LoRaMacCryptoInit)
    LoRaMacCryptoPrepareJoinRequest          0x08004bd5   Thumb Code   104  loramaccrypto.o(i.LoRaMacCryptoPrepareJoinRequest)
    LoRaMacCryptoRestoreNvmCtx               0x08004c41   Thumb Code    26  loramaccrypto.o(i.LoRaMacCryptoRestoreNvmCtx)
    LoRaMacCryptoSecureMessage               0x08004c61   Thumb Code   172  loramaccrypto.o(i.LoRaMacCryptoSecureMessage)
    LoRaMacCryptoSetKey                      0x08004d11   Thumb Code    62  loramaccrypto.o(i.LoRaMacCryptoSetKey)
    LoRaMacCryptoSetLrWanVersion             0x08004d51   Thumb Code    14  loramaccrypto.o(i.LoRaMacCryptoSetLrWanVersion)
    LoRaMacCryptoSetMulticastReference       0x08004d65   Thumb Code    48  loramaccrypto.o(i.LoRaMacCryptoSetMulticastReference)
    LoRaMacCryptoUnsecureMessage             0x08004d99   Thumb Code   214  loramaccrypto.o(i.LoRaMacCryptoUnsecureMessage)
    LoRaMacInitialization                    0x08005165   Thumb Code  1274  loramac.o(i.LoRaMacInitialization)
    LoRaMacIsBusy                            0x0800566d   Thumb Code    24  loramac.o(i.LoRaMacIsBusy)
    LoRaMacMcpsRequest                       0x0800568d   Thumb Code   402  loramac.o(i.LoRaMacMcpsRequest)
    LoRaMacMibClassBSetRequestConfirm        0x08005825   Thumb Code     6  loramacclassb.o(i.LoRaMacMibClassBSetRequestConfirm)
    LoRaMacMibGetRequestConfirm              0x0800582d   Thumb Code   504  loramac.o(i.LoRaMacMibGetRequestConfirm)
    LoRaMacMibSetRequestConfirm              0x08005a29   Thumb Code  1674  loramac.o(i.LoRaMacMibSetRequestConfirm)
    LoRaMacMlmeRequest                       0x080060bd   Thumb Code   440  loramac.o(i.LoRaMacMlmeRequest)
    LoRaMacParserData                        0x0800627d   Thumb Code   298  loramacparser.o(i.LoRaMacParserData)
    LoRaMacParserJoinAccept                  0x080063a7   Thumb Code   254  loramacparser.o(i.LoRaMacParserJoinAccept)
    LoRaMacProcess                           0x080064a5   Thumb Code    92  loramac.o(i.LoRaMacProcess)
    LoRaMacQueryTxPossible                   0x08006505   Thumb Code   242  loramac.o(i.LoRaMacQueryTxPossible)
    LoRaMacSerializerData                    0x080065fd   Thumb Code   310  loramacserializer.o(i.LoRaMacSerializerData)
    LoRaMacSerializerJoinRequest             0x08006733   Thumb Code   170  loramacserializer.o(i.LoRaMacSerializerJoinRequest)
    LoRaMacStart                             0x080067dd   Thumb Code     8  loramac.o(i.LoRaMacStart)
    LpmEnterLowPower                         0x080067e9   Thumb Code    48  lpm-board.o(i.LpmEnterLowPower)
    LpmEnterOffMode                          0x08006821   Thumb Code     2  lpm-board.o(i.LpmEnterOffMode)
    LpmEnterSleepMode                        0x08006823   Thumb Code    12  board.o(i.LpmEnterSleepMode)
    LpmEnterStopMode                         0x08006831   Thumb Code    52  board.o(i.LpmEnterStopMode)
    LpmExitOffMode                           0x08006869   Thumb Code     2  lpm-board.o(i.LpmExitOffMode)
    LpmExitSleepMode                         0x0800686b   Thumb Code     2  lpm-board.o(i.LpmExitSleepMode)
    LpmExitStopMode                          0x0800686d   Thumb Code    20  board.o(i.LpmExitStopMode)
    LpmGetMode                               0x08006881   Thumb Code    44  lpm-board.o(i.LpmGetMode)
    LpmSetOffMode                            0x080068b5   Thumb Code    56  lpm-board.o(i.LpmSetOffMode)
    LpmSetStopMode                           0x080068f1   Thumb Code    56  lpm-board.o(i.LpmSetStopMode)
    NvmCtxMgmtEvent                          0x08007379   Thumb Code     2  nvmctxmgmt.o(i.NvmCtxMgmtEvent)
    NvmCtxMgmtRestore                        0x0800737b   Thumb Code     4  nvmctxmgmt.o(i.NvmCtxMgmtRestore)
    NvmCtxMgmtStore                          0x0800737f   Thumb Code     4  nvmctxmgmt.o(i.NvmCtxMgmtStore)
    OnMacProcessNotify                       0x08007431   Thumb Code     8  main.o(i.OnMacProcessNotify)
    PrepareFrame                             0x08007849   Thumb Code   456  loramac.o(i.PrepareFrame)
    PrintHexBuffer                           0x08007afd   Thumb Code    66  main.o(i.PrintHexBuffer)
    RTC_Bcd2ToByte                           0x08008a95   Thumb Code    26  stm32l0xx_hal_rtc.o(i.RTC_Bcd2ToByte)
    RTC_ByteToBcd2                           0x08008aaf   Thumb Code    26  stm32l0xx_hal_rtc.o(i.RTC_ByteToBcd2)
    RTC_EnterInitMode                        0x08008ac9   Thumb Code    66  stm32l0xx_hal_rtc.o(i.RTC_EnterInitMode)
    RTC_IRQHandler                           0x08008b0d   Thumb Code    72  rtc-board.o(i.RTC_IRQHandler)
    RegionAlternateDr                        0x08008b61   Thumb Code    26  region.o(i.RegionAlternateDr)
    RegionApplyCFList                        0x08008b7b   Thumb Code    24  region.o(i.RegionApplyCFList)
    RegionApplyDrOffset                      0x08008b93   Thumb Code    30  region.o(i.RegionApplyDrOffset)
    RegionCN470AlternateDr                   0x08008bb1   Thumb Code     2  regioncn470.o(i.RegionCN470AlternateDr)
    RegionCN470ApplyCFList                   0x08008bb5   Thumb Code    74  regioncn470.o(i.RegionCN470ApplyCFList)
    RegionCN470ApplyDrOffset                 0x08008c05   Thumb Code    18  regioncn470.o(i.RegionCN470ApplyDrOffset)
    RegionCN470CalcBackOff                   0x08008c19   Thumb Code    54  regioncn470.o(i.RegionCN470CalcBackOff)
    RegionCN470ChanMaskSet                   0x08008c59   Thumb Code    52  regioncn470.o(i.RegionCN470ChanMaskSet)
    RegionCN470ComputeRxWindowParameters     0x08008c91   Thumb Code    96  regioncn470.o(i.RegionCN470ComputeRxWindowParameters)
    RegionCN470DlChannelReq                  0x08008cfd   Thumb Code     6  regioncn470.o(i.RegionCN470DlChannelReq)
    RegionCN470GetNvmCtx                     0x08008d05   Thumb Code    12  regioncn470.o(i.RegionCN470GetNvmCtx)
    RegionCN470GetPhyParam                   0x08008d15   Thumb Code   332  regioncn470.o(i.RegionCN470GetPhyParam)
    RegionCN470InitDefaults                  0x08008e8d   Thumb Code   174  regioncn470.o(i.RegionCN470InitDefaults)
    RegionCN470LinkAdrReq                    0x08008f51   Thumb Code   338  regioncn470.o(i.RegionCN470LinkAdrReq)
    RegionCN470NewChannelReq                 0x080090ad   Thumb Code     6  regioncn470.o(i.RegionCN470NewChannelReq)
    RegionCN470NextChannel                   0x080090b5   Thumb Code   210  regioncn470.o(i.RegionCN470NextChannel)
    RegionCN470RxConfig                      0x08009191   Thumb Code   166  regioncn470.o(i.RegionCN470RxConfig)
    RegionCN470RxParamSetupReq               0x08009251   Thumb Code    64  regioncn470.o(i.RegionCN470RxParamSetupReq)
    RegionCN470SetBandTxDone                 0x08009291   Thumb Code    32  regioncn470.o(i.RegionCN470SetBandTxDone)
    RegionCN470SetContinuousWave             0x080092b9   Thumb Code    82  regioncn470.o(i.RegionCN470SetContinuousWave)
    RegionCN470TxConfig                      0x08009319   Thumb Code   168  regioncn470.o(i.RegionCN470TxConfig)
    RegionCN470TxParamSetupReq               0x080093d1   Thumb Code     8  regioncn470.o(i.RegionCN470TxParamSetupReq)
    RegionCN470Verify                        0x080093d9   Thumb Code   132  regioncn470.o(i.RegionCN470Verify)
    RegionCalcBackOff                        0x0800945d   Thumb Code    24  region.o(i.RegionCalcBackOff)
    RegionChanMaskSet                        0x08009475   Thumb Code    22  region.o(i.RegionChanMaskSet)
    RegionCommonCalcBackOff                  0x0800948b   Thumb Code   138  regioncommon.o(i.RegionCommonCalcBackOff)
    RegionCommonChanMaskCopy                 0x08009515   Thumb Code    34  regioncommon.o(i.RegionCommonChanMaskCopy)
    RegionCommonChanVerifyDr                 0x08009537   Thumb Code   128  regioncommon.o(i.RegionCommonChanVerifyDr)
    RegionCommonComputeRxWindowParameters    0x080095b9   Thumb Code   276  regioncommon.o(i.RegionCommonComputeRxWindowParameters)
    RegionCommonComputeSymbolTimeLoRa        0x080096d1   Thumb Code    56  regioncommon.o(i.RegionCommonComputeSymbolTimeLoRa)
    RegionCommonComputeTxPower               0x0800970d   Thumb Code    66  regioncommon.o(i.RegionCommonComputeTxPower)
    RegionCommonCountChannels                0x0800974f   Thumb Code    52  regioncommon.o(i.RegionCommonCountChannels)
    RegionCommonGetJoinDc                    0x08009785   Thumb Code    36  regioncommon.o(i.RegionCommonGetJoinDc)
    RegionCommonLinkAdrReqVerifyParams       0x080097b1   Thumb Code   158  regioncommon.o(i.RegionCommonLinkAdrReqVerifyParams)
    RegionCommonParseLinkAdrReq              0x0800984f   Thumb Code    72  regioncommon.o(i.RegionCommonParseLinkAdrReq)
    RegionCommonSetBandTxDone                0x08009897   Thumb Code    14  regioncommon.o(i.RegionCommonSetBandTxDone)
    RegionCommonUpdateBandTimeOff            0x080098a5   Thumb Code   248  regioncommon.o(i.RegionCommonUpdateBandTimeOff)
    RegionCommonValueInRange                 0x0800999d   Thumb Code    18  regioncommon.o(i.RegionCommonValueInRange)
    RegionComputeRxWindowParameters          0x080099af   Thumb Code    34  region.o(i.RegionComputeRxWindowParameters)
    RegionDlChannelReq                       0x080099d1   Thumb Code    22  region.o(i.RegionDlChannelReq)
    RegionGetNvmCtx                          0x080099e7   Thumb Code    22  region.o(i.RegionGetNvmCtx)
    RegionGetPhyParam                        0x080099fd   Thumb Code    28  region.o(i.RegionGetPhyParam)
    RegionInitDefaults                       0x08009a19   Thumb Code    24  region.o(i.RegionInitDefaults)
    RegionIsActive                           0x08009a31   Thumb Code    14  region.o(i.RegionIsActive)
    RegionLinkAdrReq                         0x08009a3f   Thumb Code    36  region.o(i.RegionLinkAdrReq)
    RegionNewChannelReq                      0x08009a63   Thumb Code    22  region.o(i.RegionNewChannelReq)
    RegionNextChannel                        0x08009a79   Thumb Code    32  region.o(i.RegionNextChannel)
    RegionRxConfig                           0x08009a99   Thumb Code    26  region.o(i.RegionRxConfig)
    RegionRxParamSetupReq                    0x08009ab3   Thumb Code    22  region.o(i.RegionRxParamSetupReq)
    RegionSetBandTxDone                      0x08009ac9   Thumb Code    26  region.o(i.RegionSetBandTxDone)
    RegionSetContinuousWave                  0x08009ae3   Thumb Code    24  region.o(i.RegionSetContinuousWave)
    RegionTxConfig                           0x08009afb   Thumb Code    30  region.o(i.RegionTxConfig)
    RegionTxParamSetupReq                    0x08009b19   Thumb Code    22  region.o(i.RegionTxParamSetupReq)
    RegionVerify                             0x08009b2f   Thumb Code    26  region.o(i.RegionVerify)
    RestoreCtxs                              0x08009d25   Thumb Code   138  loramac.o(i.RestoreCtxs)
    RtcBkupRead                              0x08009dbd   Thumb Code    28  rtc-board.o(i.RtcBkupRead)
    RtcBkupWrite                             0x08009ddd   Thumb Code    28  rtc-board.o(i.RtcBkupWrite)
    RtcGetCalendarTime                       0x08009dfd   Thumb Code    44  rtc-board.o(i.RtcGetCalendarTime)
    RtcGetMinimumTimeout                     0x08009ef9   Thumb Code     4  rtc-board.o(i.RtcGetMinimumTimeout)
    RtcGetTimerContext                       0x08009efd   Thumb Code     6  rtc-board.o(i.RtcGetTimerContext)
    RtcGetTimerElapsedTime                   0x08009f09   Thumb Code    24  rtc-board.o(i.RtcGetTimerElapsedTime)
    RtcGetTimerValue                         0x08009f25   Thumb Code    20  rtc-board.o(i.RtcGetTimerValue)
    RtcInit                                  0x08009f39   Thumb Code   162  rtc-board.o(i.RtcInit)
    RtcMs2Tick                               0x08009ff1   Thumb Code    24  rtc-board.o(i.RtcMs2Tick)
    RtcSetAlarm                              0x0800a009   Thumb Code    68  rtc-board.o(i.RtcSetAlarm)
    RtcSetMcuWakeUpTime                      0x0800a051   Thumb Code   116  rtc-board.o(i.RtcSetMcuWakeUpTime)
    RtcSetTimerContext                       0x0800a0d9   Thumb Code    24  rtc-board.o(i.RtcSetTimerContext)
    RtcStartAlarm                            0x0800a0f5   Thumb Code   366  rtc-board.o(i.RtcStartAlarm)
    RtcStopAlarm                             0x0800a281   Thumb Code    42  rtc-board.o(i.RtcStopAlarm)
    RtcTick2Ms                               0x0800a2b9   Thumb Code    26  rtc-board.o(i.RtcTick2Ms)
    SX1276AntSwDeInit                        0x0800a3d1   Thumb Code    94  sx1276-board.o(i.SX1276AntSwDeInit)
    SX1276AntSwInit                          0x0800a445   Thumb Code    98  sx1276-board.o(i.SX1276AntSwInit)
    SX1276CheckRfFrequency                   0x0800a4bd   Thumb Code     6  sx1276-board.o(i.SX1276CheckRfFrequency)
    SX1276GetBoardTcxoWakeupTime             0x0800a4c3   Thumb Code     4  sx1276-board.o(i.SX1276GetBoardTcxoWakeupTime)
    SX1276GetStatus                          0x0800a4d5   Thumb Code     6  sx1276.o(i.SX1276GetStatus)
    SX1276GetTimeOnAir                       0x0800a4e1   Thumb Code   628  sx1276.o(i.SX1276GetTimeOnAir)
    SX1276GetWakeupTime                      0x0800a77d   Thumb Code    10  sx1276.o(i.SX1276GetWakeupTime)
    SX1276Init                               0x0800a789   Thumb Code   112  sx1276.o(i.SX1276Init)
    SX1276IoDeInit                           0x0800a819   Thumb Code   144  sx1276-board.o(i.SX1276IoDeInit)
    SX1276IoInit                             0x0800a8ad   Thumb Code   172  sx1276-board.o(i.SX1276IoInit)
    SX1276IoIrqInit                          0x0800a961   Thumb Code    88  sx1276-board.o(i.SX1276IoIrqInit)
    SX1276IsChannelFree                      0x0800a9bd   Thumb Code   104  sx1276.o(i.SX1276IsChannelFree)
    SX1276OnDio0Irq                          0x0800aa25   Thumb Code   868  sx1276.o(i.SX1276OnDio0Irq)
    SX1276OnDio1Irq                          0x0800ada5   Thumb Code   378  sx1276.o(i.SX1276OnDio1Irq)
    SX1276OnDio2Irq                          0x0800af35   Thumb Code   336  sx1276.o(i.SX1276OnDio2Irq)
    SX1276OnDio3Irq                          0x0800b095   Thumb Code   116  sx1276.o(i.SX1276OnDio3Irq)
    SX1276OnDio4Irq                          0x0800b111   Thumb Code    44  sx1276.o(i.SX1276OnDio4Irq)
    SX1276OnTimeoutIrq                       0x0800b141   Thumb Code   256  sx1276.o(i.SX1276OnTimeoutIrq)
    SX1276Random                             0x0800b251   Thumb Code    64  sx1276.o(i.SX1276Random)
    SX1276Read                               0x0800b291   Thumb Code    20  sx1276.o(i.SX1276Read)
    SX1276ReadBuffer                         0x0800b2a5   Thumb Code    62  sx1276.o(i.SX1276ReadBuffer)
    SX1276ReadFifo                           0x0800b2e9   Thumb Code    18  sx1276.o(i.SX1276ReadFifo)
    SX1276ReadRssi                           0x0800b2fd   Thumb Code    74  sx1276.o(i.SX1276ReadRssi)
    SX1276Reset                              0x0800b351   Thumb Code    60  sx1276-board.o(i.SX1276Reset)
    SX1276Send                               0x0800b391   Thumb Code   294  sx1276.o(i.SX1276Send)
    SX1276SetAntSw                           0x0800b4c1   Thumb Code   134  sx1276-board.o(i.SX1276SetAntSw)
    SX1276SetAntSwLowPower                   0x0800b55d   Thumb Code    44  sx1276-board.o(i.SX1276SetAntSwLowPower)
    SX1276SetBoardTcxo                       0x0800b58d   Thumb Code    34  sx1276-board.o(i.SX1276SetBoardTcxo)
    SX1276SetChannel                         0x0800b5b5   Thumb Code    64  sx1276.o(i.SX1276SetChannel)
    SX1276SetMaxPayloadLength                0x0800b5fd   Thumb Code    54  sx1276.o(i.SX1276SetMaxPayloadLength)
    SX1276SetModem                           0x0800b639   Thumb Code   152  sx1276.o(i.SX1276SetModem)
    SX1276SetOpMode                          0x0800b6d5   Thumb Code    58  sx1276.o(i.SX1276SetOpMode)
    SX1276SetPublicNetwork                   0x0800b711   Thumb Code    38  sx1276.o(i.SX1276SetPublicNetwork)
    SX1276SetRfTxPower                       0x0800b73d   Thumb Code   202  sx1276-board.o(i.SX1276SetRfTxPower)
    SX1276SetRx                              0x0800b809   Thumb Code   618  sx1276.o(i.SX1276SetRx)
    SX1276SetRxConfig                        0x0800baa1   Thumb Code   770  sx1276.o(i.SX1276SetRxConfig)
    SX1276SetSleep                           0x0800bdbd   Thumb Code    40  sx1276.o(i.SX1276SetSleep)
    SX1276SetStby                            0x0800bdf5   Thumb Code    34  sx1276.o(i.SX1276SetStby)
    SX1276SetTx                              0x0800be29   Thumb Code   200  sx1276.o(i.SX1276SetTx)
    SX1276SetTxConfig                        0x0800befd   Thumb Code   602  sx1276.o(i.SX1276SetTxConfig)
    SX1276SetTxContinuousWave                0x0800c165   Thumb Code   126  sx1276.o(i.SX1276SetTxContinuousWave)
    SX1276StartCad                           0x0800c1ed   Thumb Code    66  sx1276.o(i.SX1276StartCad)
    SX1276Write                              0x0800c235   Thumb Code    16  sx1276.o(i.SX1276Write)
    SX1276WriteBuffer                        0x0800c245   Thumb Code    62  sx1276.o(i.SX1276WriteBuffer)
    SX1276WriteFifo                          0x0800c289   Thumb Code    18  sx1276.o(i.SX1276WriteFifo)
    SecureElementAesEncrypt                  0x0800c49d   Thumb Code   122  soft-se.o(i.SecureElementAesEncrypt)
    SecureElementComputeAesCmac              0x0800c51d   Thumb Code    38  soft-se.o(i.SecureElementComputeAesCmac)
    SecureElementDeriveAndStoreKey           0x0800c543   Thumb Code   100  soft-se.o(i.SecureElementDeriveAndStoreKey)
    SecureElementGetDevEui                   0x0800c5a9   Thumb Code     4  soft-se.o(i.SecureElementGetDevEui)
    SecureElementGetJoinEui                  0x0800c5b1   Thumb Code     4  soft-se.o(i.SecureElementGetJoinEui)
    SecureElementGetNvmCtx                   0x0800c5b9   Thumb Code    12  soft-se.o(i.SecureElementGetNvmCtx)
    SecureElementInit                        0x0800c5c9   Thumb Code   440  soft-se.o(i.SecureElementInit)
    SecureElementRandomNumber                0x0800c791   Thumb Code    24  soft-se.o(i.SecureElementRandomNumber)
    SecureElementRestoreNvmCtx               0x0800c7ad   Thumb Code    28  soft-se.o(i.SecureElementRestoreNvmCtx)
    SecureElementSetDevEui                   0x0800c7cd   Thumb Code    32  soft-se.o(i.SecureElementSetDevEui)
    SecureElementSetJoinEui                  0x0800c7f5   Thumb Code    32  soft-se.o(i.SecureElementSetJoinEui)
    SecureElementSetKey                      0x0800c81d   Thumb Code   144  soft-se.o(i.SecureElementSetKey)
    SecureElementVerifyAesCmac               0x0800c8b5   Thumb Code    64  soft-se.o(i.SecureElementVerifyAesCmac)
    Send                                     0x0800c999   Thumb Code   436  loramac.o(i.Send)
    SendFrameOnChannel                       0x0800cc61   Thumb Code   276  loramac.o(i.SendFrameOnChannel)
    SendReJoinReq                            0x0800cd85   Thumb Code   120  loramac.o(i.SendReJoinReq)
    SetTxContinuousWave                      0x0800ce15   Thumb Code   100  loramac.o(i.SetTxContinuousWave)
    SetTxContinuousWave1                     0x0800ce81   Thumb Code    36  loramac.o(i.SetTxContinuousWave1)
    SpiDeInit                                0x0800cead   Thumb Code   104  spi-board.o(i.SpiDeInit)
    SpiFormat                                0x0800cf19   Thumb Code   166  spi-board.o(i.SpiFormat)
    SpiFrequency                             0x0800cfc5   Thumb Code    84  spi-board.o(i.SpiFrequency)
    SpiInOut                                 0x0800d021   Thumb Code   152  spi-board.o(i.SpiInOut)
    SpiInit                                  0x0800d0bd   Thumb Code   380  spi-board.o(i.SpiInit)
    SysTick_Handler                          0x0800d439   Thumb Code    12  board.o(i.SysTick_Handler)
    SysTimeAdd                               0x0800d445   Thumb Code    82  systime.o(i.SysTimeAdd)
    SysTimeGet                               0x0800d497   Thumb Code    68  systime.o(i.SysTimeGet)
    SysTimeGetMcuTime                        0x0800d4db   Thumb Code    28  systime.o(i.SysTimeGetMcuTime)
    SysTimeSet                               0x0800d4f7   Thumb Code    58  systime.o(i.SysTimeSet)
    SysTimeSub                               0x0800d531   Thumb Code    78  systime.o(i.SysTimeSub)
    SystemInit                               0x0800d6bd   Thumb Code    88  system_stm32l0xx.o(i.SystemInit)
    TimerGetCurrentTime                      0x0800d745   Thumb Code    16  timer.o(i.TimerGetCurrentTime)
    TimerGetElapsedTime                      0x0800d755   Thumb Code    32  timer.o(i.TimerGetElapsedTime)
    TimerInit                                0x0800d775   Thumb Code    18  timer.o(i.TimerInit)
    TimerIrqHandler                          0x0800d7e1   Thumb Code   192  timer.o(i.TimerIrqHandler)
    TimerSetValue                            0x0800d8cf   Thumb Code    40  timer.o(i.TimerSetValue)
    TimerStart                               0x0800d8f9   Thumb Code   114  timer.o(i.TimerStart)
    TimerStop                                0x0800d971   Thumb Code   180  timer.o(i.TimerStop)
    UART_AdvFeatureConfig                    0x0800da29   Thumb Code   240  stm32l0xx_hal_uart.o(i.UART_AdvFeatureConfig)
    UART_CheckIdleState                      0x0800db19   Thumb Code   112  stm32l0xx_hal_uart.o(i.UART_CheckIdleState)
    UART_SetConfig                           0x0800dc79   Thumb Code   954  stm32l0xx_hal_uart.o(i.UART_SetConfig)
    UART_WaitOnFlagUntilTimeout              0x0800e0db   Thumb Code   112  stm32l0xx_hal_uart.o(i.UART_WaitOnFlagUntilTimeout)
    USART1_IRQHandler                        0x0800e14d   Thumb Code    10  uart-board.o(i.USART1_IRQHandler)
    UartConfig                               0x0800e15d   Thumb Code    36  uart.o(i.UartConfig)
    UartInit                                 0x0800e181   Thumb Code    34  uart.o(i.UartInit)
    UartMcuConfig                            0x0800e1a5   Thumb Code   298  uart-board.o(i.UartMcuConfig)
    UartMcuInit                              0x0800e2dd   Thumb Code   102  uart-board.o(i.UartMcuInit)
    UartMcuPutChar                           0x0800e349   Thumb Code    84  uart-board.o(i.UartMcuPutChar)
    UartPutChar                              0x0800e3a5   Thumb Code    16  uart.o(i.UartPutChar)
    __0printf$8                              0x0800e531   Thumb Code    24  printf8.o(i.__0printf$8)
    __1printf$8                              0x0800e531   Thumb Code     0  printf8.o(i.__0printf$8)
    __2printf                                0x0800e531   Thumb Code     0  printf8.o(i.__0printf$8)
    __ARM_clz                                0x0800e551   Thumb Code    46  depilogue.o(i.__ARM_clz)
    __ARM_common_ll_muluu                    0x0800e57f   Thumb Code    48  rtc-board.o(i.__ARM_common_ll_muluu)
    __ARM_common_switch8                     0x0800e5af   Thumb Code    28  main.o(i.__ARM_common_switch8)
    __scatterload_copy                       0x0800e5cb   Thumb Code    14  handlers.o(i.__scatterload_copy)
    __scatterload_null                       0x0800e5d9   Thumb Code     2  handlers.o(i.__scatterload_null)
    __scatterload_zeroinit                   0x0800e5db   Thumb Code    14  handlers.o(i.__scatterload_zeroinit)
    aes_encrypt                              0x0800ea6d   Thumb Code    90  aes.o(i.aes_encrypt)
    aes_set_key                              0x0800eac9   Thumb Code   280  aes.o(i.aes_set_key)
    ceil                                     0x0800ebe5   Thumb Code   180  ceil.o(i.ceil)
    floor                                    0x0800ed8d   Thumb Code   180  floor.o(i.floor)
    fputc                                    0x0800ee55   Thumb Code    24  board.o(i.fputc)
    main                                     0x0800ee71   Thumb Code   960  main.o(i.main)
    memcpy1                                  0x0800f409   Thumb Code    24  utilities.o(i.memcpy1)
    memcpyr                                  0x0800f421   Thumb Code    28  utilities.o(i.memcpyr)
    memset1                                  0x0800f43d   Thumb Code    20  utilities.o(i.memset1)
    rand1                                    0x0800f6d5   Thumb Code    30  utilities.o(i.rand1)
    randr                                    0x0800f705   Thumb Code    26  utilities.o(i.randr)
    round                                    0x0800f721   Thumb Code   142  round.o(i.round)
    srand1                                   0x0800f82d   Thumb Code     6  utilities.o(i.srand1)
    Radio                                    0x0800f8fc   Data         108  sx1276-board.o(.constdata)
    AHBPrescTable                            0x0800f968   Data          16  system_stm32l0xx.o(.constdata)
    APBPrescTable                            0x0800f978   Data           8  system_stm32l0xx.o(.constdata)
    PLLMulTable                              0x0800f980   Data           9  system_stm32l0xx.o(.constdata)
    RadioRegsInit                            0x0800fce8   Data          48  sx1276.o(.constdata)
    FskBandwidths                            0x0800fd18   Data         176  sx1276.o(.constdata)
    Region$$Table$$Base                      0x080100ec   Number         0  anon$$obj.o(Region$$Table)
    Region$$Table$$Limit                     0x0801010c   Number         0  anon$$obj.o(Region$$Table)
    AppData                                  0x20000070   Data           8  main.o(.data)
    MacStatusStrings                         0x20000078   Data          96  main.o(.data)
    EventInfoStatusStrings                   0x200000d8   Data          68  main.o(.data)
    sx1276_band                              0x20000131   Data           1  sx1276-board.o(.data)
    RxData                                   0x20000132   Data           1  uart-board.o(.data)
    TxData                                   0x20000133   Data           1  uart-board.o(.data)
    SystemCoreClock                          0x20000134   Data           4  system_stm32l0xx.o(.data)
    uwTick                                   0x20000138   Data           4  stm32l0xx_hal.o(.data)
    LoRaMacRadioEvents                       0x2000013c   Data           4  loramac.o(.data)
    TxDoneParams                             0x20000140   Data           4  loramac.o(.data)
    DioIrq                                   0x20000164   Data          24  sx1276.o(.data)
    __stdout                                 0x20000180   Data           4  stdout.o(.data)
    ComplianceTest                           0x200002c0   Data          20  main.o(.bss)
    Led1                                     0x200002d4   Data          20  board.o(.bss)
    Led2                                     0x200002e8   Data          20  board.o(.bss)
    Led3                                     0x200002fc   Data          20  board.o(.bss)
    Led4                                     0x20000310   Data          20  board.o(.bss)
    Uart2                                    0x20000324   Data          72  board.o(.bss)
    Uart2TxBuffer                            0x20000384   Data        1024  board.o(.bss)
    Uart2RxBuffer                            0x20000784   Data        1024  board.o(.bss)
    TcxoPower                                0x20000cdc   Data          20  sx1276-board.o(.bss)
    AntSwitchRx                              0x20000cf0   Data          20  sx1276-board.o(.bss)
    AntSwitchTxBoost                         0x20000d04   Data          20  sx1276-board.o(.bss)
    AntSwitchTxRfo                           0x20000d18   Data          20  sx1276-board.o(.bss)
    AntSwitchHF                              0x20000d2c   Data          20  sx1276-board.o(.bss)
    AntSwitchLF                              0x20000d40   Data          20  sx1276-board.o(.bss)
    Contexts                                 0x2000142c   Data          56  loramac.o(.bss)
    RxDoneParams                             0x20001464   Data          16  loramac.o(.bss)
    SX1276                                   0x20001f48   Data         324  sx1276.o(.bss)
    TxTimeoutTimer                           0x2000208c   Data          24  sx1276.o(.bss)
    RxTimeoutTimer                           0x200020a4   Data          24  sx1276.o(.bss)
    RxTimeoutSyncWord                        0x200020bc   Data          24  sx1276.o(.bss)
    __initial_sp                             0x200024d8   Data           0  startup_stm32l072xx.o(STACK)



==============================================================================

Memory Map of the image

  Image Entry point : 0x080000c1

  Load Region LR_IROM1 (Base: 0x08000000, Size: 0x00010290, Max: 0x00020000, ABSOLUTE, COMPRESSED[0x000101e8])

    Execution Region ER_IROM1 (Base: 0x08000000, Size: 0x0001010c, Max: 0x00020000, ABSOLUTE)

    Base Addr    Size         Type   Attr      Idx    E Section Name        Object

    0x08000000   0x000000c0   Data   RO         1409    RESET               startup_stm32l072xx.o
    0x080000c0   0x00000000   Code   RO        10587  * .ARM.Collect$$$$00000000  mc_p.l(entry.o)
    0x080000c0   0x00000004   Code   RO        10897    .ARM.Collect$$$$00000001  mc_p.l(entry2.o)
    0x080000c4   0x00000004   Code   RO        10900    .ARM.Collect$$$$00000004  mc_p.l(entry5.o)
    0x080000c8   0x00000000   Code   RO        10902    .ARM.Collect$$$$00000008  mc_p.l(entry7b.o)
    0x080000c8   0x00000000   Code   RO        10904    .ARM.Collect$$$$0000000A  mc_p.l(entry8b.o)
    0x080000c8   0x00000008   Code   RO        10905    .ARM.Collect$$$$0000000B  mc_p.l(entry9a.o)
    0x080000d0   0x00000000   Code   RO        10907    .ARM.Collect$$$$0000000D  mc_p.l(entry10a.o)
    0x080000d0   0x00000000   Code   RO        10909    .ARM.Collect$$$$0000000F  mc_p.l(entry11a.o)
    0x080000d0   0x00000004   Code   RO        10898    .ARM.Collect$$$$00002712  mc_p.l(entry2.o)
    0x080000d4   0x0000001c   Code   RO         1410    .text               startup_stm32l072xx.o
    0x080000f0   0x0000002c   Code   RO        10590    .text               mc_p.l(uidiv.o)
    0x0800011c   0x00000028   Code   RO        10592    .text               mc_p.l(idiv.o)
    0x08000144   0x00000060   Code   RO        10594    .text               mc_p.l(uldiv.o)
    0x080001a4   0x00000024   Code   RO        10596    .text               mc_p.l(memcpya.o)
    0x080001c8   0x00000024   Code   RO        10598    .text               mc_p.l(memseta.o)
    0x080001ec   0x000000b2   Code   RO        10863    .text               mf_p.l(fadd.o)
    0x0800029e   0x00000002   PAD
    0x080002a0   0x00000164   Code   RO        10867    .text               mf_p.l(dadd.o)
    0x08000404   0x000000d0   Code   RO        10869    .text               mf_p.l(dmul.o)
    0x080004d4   0x000000f0   Code   RO        10871    .text               mf_p.l(ddiv.o)
    0x080005c4   0x0000000e   Code   RO        10875    .text               mf_p.l(ffltui.o)
    0x080005d2   0x00000002   PAD
    0x080005d4   0x00000028   Code   RO        10877    .text               mf_p.l(dflti.o)
    0x080005fc   0x0000001c   Code   RO        10879    .text               mf_p.l(dfltui.o)
    0x08000618   0x00000048   Code   RO        10883    .text               mf_p.l(dfixi.o)
    0x08000660   0x0000003c   Code   RO        10885    .text               mf_p.l(dfixui.o)
    0x0800069c   0x00000028   Code   RO        10887    .text               mf_p.l(f2d.o)
    0x080006c4   0x00000028   Code   RO        10889    .text               mf_p.l(cdcmple.o)
    0x080006ec   0x00000028   Code   RO        10891    .text               mf_p.l(cdrcmple.o)
    0x08000714   0x00000020   Code   RO        10912    .text               mc_p.l(llshl.o)
    0x08000734   0x00000022   Code   RO        10914    .text               mc_p.l(llushr.o)
    0x08000756   0x00000026   Code   RO        10916    .text               mc_p.l(llsshr.o)
    0x0800077c   0x00000000   Code   RO        10918    .text               mc_p.l(iusefp.o)
    0x0800077c   0x00000082   Code   RO        10919    .text               mf_p.l(fepilogue.o)
    0x080007fe   0x000000be   Code   RO        10921    .text               mf_p.l(depilogue.o)
    0x080008bc   0x0000007c   Code   RO        10925    .text               mf_p.l(drnd.o)
    0x08000938   0x00000024   Code   RO        10929    .text               mc_p.l(init.o)
    0x0800095c   0x00000056   Code   RO        10939    .text               mc_p.l(__dczerorl2.o)
    0x080009b2   0x000001c4   Code   RO         7668    i.AES_CMAC_Final    cmac.o
    0x08000b76   0x00000022   Code   RO         7669    i.AES_CMAC_Init     cmac.o
    0x08000b98   0x00000012   Code   RO         7670    i.AES_CMAC_SetKey   cmac.o
    0x08000baa   0x000000f2   Code   RO         7671    i.AES_CMAC_Update   cmac.o
    0x08000c9c   0x00000048   Code   RO         6441    i.AckTimeoutRetriesFinalize  loramac.o
    0x08000ce4   0x00000070   Code   RO         6442    i.AckTimeoutRetriesProcess  loramac.o
    0x08000d54   0x0000000c   Code   RO          385    i.BoardCriticalSectionBegin  board.o
    0x08000d60   0x0000000a   Code   RO          386    i.BoardCriticalSectionEnd  board.o
    0x08000d6a   0x00000002   PAD
    0x08000d6c   0x00000014   Code   RO          387    i.BoardDeInitMcu    board.o
    0x08000d80   0x00000004   Code   RO          388    i.BoardGetBatteryLevel  board.o
    0x08000d84   0x00000018   Code   RO          390    i.BoardGetRandomSeed  board.o
    0x08000d9c   0x00000064   Code   RO          391    i.BoardGetUniqueId  board.o
    0x08000e00   0x00000144   Code   RO          392    i.BoardInitMcu      board.o
    0x08000f44   0x00000002   Code   RO          393    i.BoardInitPeriph   board.o
    0x08000f46   0x0000000c   Code   RO          394    i.BoardLowPowerHandler  board.o
    0x08000f52   0x00000010   Code   RO          396    i.BoardUnusedIoInit  board.o
    0x08000f62   0x000000d6   Code   RO         6918    i.CalcNextV10X      loramacadr.o
    0x08001038   0x000000d8   Code   RO         6443    i.CalculateBackOff  loramac.o
    0x08001110   0x0000003c   Code   RO          397    i.CalibrateSystemWakeupTime  board.o
    0x0800114c   0x00000028   Code   RO         6444    i.CallNvmCtxCallback  loramac.o
    0x08001174   0x00000030   Code   RO         7387    i.CheckFCntDown     loramaccrypto.o
    0x080011a4   0x00000034   Code   RO         6445    i.CheckRetransConfirmedUplink  loramac.o
    0x080011d8   0x0000004c   Code   RO         6446    i.CheckRetransUnconfirmedUplink  loramac.o
    0x08001224   0x0000007c   Code   RO         7701    i.ComputeCmac       soft-se.o
    0x080012a0   0x00000056   Code   RO         7388    i.ComputeCmacB0     loramaccrypto.o
    0x080012f6   0x00000028   Code   RO         8663    i.CountChannels     regioncommon.o
    0x0800131e   0x000000b8   Code   RO         8313    i.CountNbOfEnabledChannels  regioncn470.o
    0x080013d6   0x0000000c   Code   RO        10107    i.DelayMs           delay.o
    0x080013e2   0x0000000c   Code   RO          608    i.DelayMsMcu        delay-board.o
    0x080013ee   0x00000002   PAD
    0x080013f0   0x000000b0   Code   RO         7389    i.DeriveSessionKey10x  loramaccrypto.o
    0x080014a0   0x0000006c   Code   RO         6447    i.DetermineFrameType  loramac.o
    0x0800150c   0x00000002   Code   RO         7390    i.DummyCB           loramaccrypto.o
    0x0800150e   0x00000002   Code   RO         7702    i.DummyCB           soft-se.o
    0x08001510   0x00000010   Code   RO          672    i.EXTI0_1_IRQHandler  gpio-board.o
    0x08001520   0x00000010   Code   RO          673    i.EXTI2_3_IRQHandler  gpio-board.o
    0x08001530   0x0000005c   Code   RO          674    i.EXTI4_15_IRQHandler  gpio-board.o
    0x0800158c   0x0000000a   Code   RO         6448    i.EventClassBNvmCtxChanged  loramac.o
    0x08001596   0x0000000a   Code   RO         6449    i.EventCommandsNvmCtxChanged  loramac.o
    0x080015a0   0x0000000a   Code   RO         6450    i.EventConfirmQueueNvmCtxChanged  loramac.o
    0x080015aa   0x0000000a   Code   RO         6451    i.EventCryptoNvmCtxChanged  loramac.o
    0x080015b4   0x0000000a   Code   RO         6452    i.EventMacNvmCtxChanged  loramac.o
    0x080015be   0x0000000a   Code   RO         6453    i.EventRegionNvmCtxChanged  loramac.o
    0x080015c8   0x0000000a   Code   RO         6454    i.EventSecureElementNvmCtxChanged  loramac.o
    0x080015d2   0x0000000c   Code   RO        10155    i.FifoInit          fifo.o
    0x080015de   0x00000012   Code   RO        10156    i.FifoNext          fifo.o
    0x080015f0   0x0000001e   Code   RO        10157    i.FifoPop           fifo.o
    0x0800160e   0x00000018   Code   RO        10158    i.FifoPush          fifo.o
    0x08001626   0x00000018   Code   RO         7158    i.FreeMacCommandSlot  loramaccommands.o
    0x0800163e   0x00000002   PAD
    0x08001640   0x00000034   Code   RO         8314    i.GetBandwidth      regioncn470.o
    0x08001674   0x00000014   Code   RO          398    i.GetBoardPowerSource  board.o
    0x08001688   0x00000074   Code   RO         6455    i.GetCtxs           loramac.o
    0x080016fc   0x00000026   Code   RO         7280    i.GetElement        loramacconfirmqueue.o
    0x08001722   0x0000007c   Code   RO         6456    i.GetFCntDown       loramac.o
    0x0800179e   0x00000002   PAD
    0x080017a0   0x00000034   Code   RO         9837    i.GetFskBandwidthRegValue  sx1276.o
    0x080017d4   0x00000030   Code   RO         7391    i.GetKeyAddrItem    loramaccrypto.o
    0x08001804   0x00000034   Code   RO         7703    i.GetKeyByID        soft-se.o
    0x08001838   0x00000094   Code   RO         7392    i.GetLastFcntDown   loramaccrypto.o
    0x080018cc   0x00000044   Code   RO         6457    i.GetMaxAppPayloadWithoutFOptsLength  loramac.o
    0x08001910   0x00000014   Code   RO         8315    i.GetNextLowerTxDr  regioncn470.o
    0x08001924   0x00000022   Code   RO        10201    i.GpioInit          gpio.o
    0x08001946   0x00000002   PAD
    0x08001948   0x00000150   Code   RO          675    i.GpioMcuInit       gpio-board.o
    0x08001a98   0x00000154   Code   RO          679    i.GpioMcuSetInterrupt  gpio-board.o
    0x08001bec   0x0000002e   Code   RO          681    i.GpioMcuWrite      gpio-board.o
    0x08001c1a   0x00000018   Code   RO        10205    i.GpioSetInterrupt  gpio.o
    0x08001c32   0x00000010   Code   RO        10207    i.GpioWrite         gpio.o
    0x08001c42   0x00000002   PAD
    0x08001c44   0x00000014   Code   RO         1421    i.HAL_DBGMCU_EnableDBGSleepMode  stm32l0xx_hal.o
    0x08001c58   0x00000014   Code   RO         1422    i.HAL_DBGMCU_EnableDBGStandbyMode  stm32l0xx_hal.o
    0x08001c6c   0x00000014   Code   RO         1423    i.HAL_DBGMCU_EnableDBGStopMode  stm32l0xx_hal.o
    0x08001c80   0x000000b4   Code   RO         2012    i.HAL_DMA_Abort_IT  stm32l0xx_hal_dma.o
    0x08001d34   0x0000001a   Code   RO         1425    i.HAL_Delay         stm32l0xx_hal.o
    0x08001d4e   0x00000002   PAD
    0x08001d50   0x00000040   Code   RO          682    i.HAL_GPIO_EXTI_Callback  gpio-board.o
    0x08001d90   0x00000020   Code   RO         2425    i.HAL_GPIO_EXTI_IRQHandler  stm32l0xx_hal_gpio.o
    0x08001db0   0x000001f8   Code   RO         2426    i.HAL_GPIO_Init     stm32l0xx_hal_gpio.o
    0x08001fa8   0x0000000c   Code   RO         2430    i.HAL_GPIO_WritePin  stm32l0xx_hal_gpio.o
    0x08001fb4   0x0000000c   Code   RO         1429    i.HAL_GetTick       stm32l0xx_hal.o
    0x08001fc0   0x00000010   Code   RO         1430    i.HAL_IncTick       stm32l0xx_hal.o
    0x08001fd0   0x00000020   Code   RO         1431    i.HAL_Init          stm32l0xx_hal.o
    0x08001ff0   0x00000028   Code   RO         1432    i.HAL_InitTick      stm32l0xx_hal.o
    0x08002018   0x00000002   Code   RO         3042    i.HAL_MspInit       stm32l0xx_hal_msp_template.o
    0x0800201a   0x00000002   PAD
    0x0800201c   0x00000018   Code   RO         1851    i.HAL_NVIC_EnableIRQ  stm32l0xx_hal_cortex.o
    0x08002034   0x00000028   Code   RO         1852    i.HAL_NVIC_GetPendingIRQ  stm32l0xx_hal_cortex.o
    0x0800205c   0x00000012   Code   RO         1855    i.HAL_NVIC_SetPriority  stm32l0xx_hal_cortex.o
    0x0800206e   0x00000002   PAD
    0x08002070   0x00000014   Code   RO         3226    i.HAL_PWREx_EnableFastWakeUp  stm32l0xx_hal_pwr_ex.o
    0x08002084   0x00000014   Code   RO         3228    i.HAL_PWREx_EnableUltraLowPower  stm32l0xx_hal_pwr_ex.o
    0x08002098   0x00000014   Code   RO         3110    i.HAL_PWR_DisablePVD  stm32l0xx_hal_pwr.o
    0x080020ac   0x0000003c   Code   RO         3119    i.HAL_PWR_EnterSLEEPMode  stm32l0xx_hal_pwr.o
    0x080020e8   0x00000048   Code   RO         3121    i.HAL_PWR_EnterSTOPMode  stm32l0xx_hal_pwr.o
    0x08002130   0x00000380   Code   RO         3391    i.HAL_RCCEx_GetPeriphCLKFreq  stm32l0xx_hal_rcc_ex.o
    0x080024b0   0x00000270   Code   RO         3394    i.HAL_RCCEx_PeriphCLKConfig  stm32l0xx_hal_rcc_ex.o
    0x08002720   0x000001f8   Code   RO         3280    i.HAL_RCC_ClockConfig  stm32l0xx_hal_rcc.o
    0x08002918   0x0000000c   Code   RO         3284    i.HAL_RCC_GetHCLKFreq  stm32l0xx_hal_rcc.o
    0x08002924   0x00000024   Code   RO         3286    i.HAL_RCC_GetPCLK1Freq  stm32l0xx_hal_rcc.o
    0x08002948   0x00000024   Code   RO         3287    i.HAL_RCC_GetPCLK2Freq  stm32l0xx_hal_rcc.o
    0x0800296c   0x000000e4   Code   RO         3288    i.HAL_RCC_GetSysClockFreq  stm32l0xx_hal_rcc.o
    0x08002a50   0x000006e0   Code   RO         3291    i.HAL_RCC_OscConfig  stm32l0xx_hal_rcc.o
    0x08003130   0x00000012   Code   RO         3653    i.HAL_RTCEx_BKUPRead  stm32l0xx_hal_rtc_ex.o
    0x08003142   0x00000012   Code   RO         3654    i.HAL_RTCEx_BKUPWrite  stm32l0xx_hal_rtc_ex.o
    0x08003154   0x00000058   Code   RO         3661    i.HAL_RTCEx_EnableBypassShadow  stm32l0xx_hal_rtc_ex.o
    0x080031ac   0x0000000a   Code   RO          904    i.HAL_RTC_AlarmAEventCallback  rtc-board.o
    0x080031b6   0x00000112   Code   RO         3521    i.HAL_RTC_DeactivateAlarm  stm32l0xx_hal_rtc.o
    0x080032c8   0x000000f0   Code   RO         3522    i.HAL_RTC_GetAlarm  stm32l0xx_hal_rtc.o
    0x080033b8   0x0000005c   Code   RO         3523    i.HAL_RTC_GetDate   stm32l0xx_hal_rtc.o
    0x08003414   0x0000006c   Code   RO         3525    i.HAL_RTC_GetTime   stm32l0xx_hal_rtc.o
    0x08003480   0x000000c8   Code   RO         3526    i.HAL_RTC_Init      stm32l0xx_hal_rtc.o
    0x08003548   0x00000002   Code   RO         3528    i.HAL_RTC_MspInit   stm32l0xx_hal_rtc.o
    0x0800354a   0x00000002   PAD
    0x0800354c   0x0000025c   Code   RO         3531    i.HAL_RTC_SetAlarm_IT  stm32l0xx_hal_rtc.o
    0x080037a8   0x00000130   Code   RO         3532    i.HAL_RTC_SetDate   stm32l0xx_hal_rtc.o
    0x080038d8   0x00000154   Code   RO         3533    i.HAL_RTC_SetTime   stm32l0xx_hal_rtc.o
    0x08003a2c   0x0000003c   Code   RO         3534    i.HAL_RTC_WaitForSynchro  stm32l0xx_hal_rtc.o
    0x08003a68   0x0000003a   Code   RO         3921    i.HAL_SPI_DeInit    stm32l0xx_hal_spi.o
    0x08003aa2   0x0000008e   Code   RO         3926    i.HAL_SPI_Init      stm32l0xx_hal_spi.o
    0x08003b30   0x00000002   Code   RO         3927    i.HAL_SPI_MspDeInit  stm32l0xx_hal_spi.o
    0x08003b32   0x00000002   Code   RO         3928    i.HAL_SPI_MspInit   stm32l0xx_hal_spi.o
    0x08003b34   0x00000024   Code   RO         1857    i.HAL_SYSTICK_CLKSourceConfig  stm32l0xx_hal_cortex.o
    0x08003b58   0x00000002   Code   RO         1858    i.HAL_SYSTICK_Callback  stm32l0xx_hal_cortex.o
    0x08003b5a   0x00000002   PAD
    0x08003b5c   0x00000038   Code   RO         1859    i.HAL_SYSTICK_Config  stm32l0xx_hal_cortex.o
    0x08003b94   0x00000008   Code   RO         1860    i.HAL_SYSTICK_IRQHandler  stm32l0xx_hal_cortex.o
    0x08003b9c   0x00000002   Code   RO         5180    i.HAL_UARTEx_WakeupCallback  stm32l0xx_hal_uart_ex.o
    0x08003b9e   0x00000002   PAD
    0x08003ba0   0x00000018   Code   RO         1219    i.HAL_UART_ErrorCallback  uart-board.o
    0x08003bb8   0x000001c0   Code   RO         4851    i.HAL_UART_IRQHandler  stm32l0xx_hal_uart.o
    0x08003d78   0x00000082   Code   RO         4852    i.HAL_UART_Init     stm32l0xx_hal_uart.o
    0x08003dfa   0x00000002   Code   RO         4854    i.HAL_UART_MspInit  stm32l0xx_hal_uart.o
    0x08003dfc   0x000000ec   Code   RO         4857    i.HAL_UART_Receive_IT  stm32l0xx_hal_uart.o
    0x08003ee8   0x00000044   Code   RO         1220    i.HAL_UART_RxCpltCallback  uart-board.o
    0x08003f2c   0x0000007c   Code   RO         4862    i.HAL_UART_Transmit_IT  stm32l0xx_hal_uart.o
    0x08003fa8   0x00000044   Code   RO         1221    i.HAL_UART_TxCpltCallback  uart-board.o
    0x08003fec   0x000000cc   Code   RO         6458    i.HandleRadioRxErrorTimeout  loramac.o
    0x080040b8   0x00000018   Code   RO         7281    i.IncreaseBufferPointer  loramacconfirmqueue.o
    0x080040d0   0x00000012   Code   RO        10159    i.IsFifoEmpty       fifo.o
    0x080040e2   0x0000001a   Code   RO        10160    i.IsFifoFull        fifo.o
    0x080040fc   0x00000024   Code   RO         6459    i.IsRequestPending  loramac.o
    0x08004120   0x0000001e   Code   RO         7159    i.IsSlotFree        loramaccommands.o
    0x0800413e   0x0000001a   Code   RO         7160    i.IsSticky          loramaccommands.o
    0x08004158   0x000000b4   Code   RO            1    i.JoinNetwork       main.o
    0x0800420c   0x00000014   Code   RO         8316    i.LimitTxPower      regioncn470.o
    0x08004220   0x00000028   Code   RO         7161    i.LinkedListAdd     loramaccommands.o
    0x08004248   0x0000002a   Code   RO         7162    i.LinkedListGetPrevious  loramaccommands.o
    0x08004272   0x00000012   Code   RO         7163    i.LinkedListInit    loramaccommands.o
    0x08004284   0x0000003c   Code   RO         7164    i.LinkedListRemove  loramaccommands.o
    0x080042c0   0x00000022   Code   RO         6919    i.LoRaMacAdrCalcNext  loramacadr.o
    0x080042e2   0x00000002   PAD
    0x080042e4   0x00000040   Code   RO         6462    i.LoRaMacCheckForBeaconAcquisition  loramac.o
    0x08004324   0x00000028   Code   RO         6463    i.LoRaMacCheckForRxAbort  loramac.o
    0x0800434c   0x00000006   Code   RO         6937    i.LoRaMacClassBBeaconFreqReq  loramacclassb.o
    0x08004352   0x00000002   Code   RO         6938    i.LoRaMacClassBBeaconTimerEvent  loramacclassb.o
    0x08004354   0x00000002   Code   RO         6939    i.LoRaMacClassBBeaconTimingAns  loramacclassb.o
    0x08004356   0x00000002   Code   RO         6940    i.LoRaMacClassBDeviceTimeAns  loramacclassb.o
    0x08004358   0x00000008   Code   RO         6941    i.LoRaMacClassBGetNvmCtx  loramacclassb.o
    0x08004360   0x00000002   Code   RO         6942    i.LoRaMacClassBHaltBeaconing  loramacclassb.o
    0x08004362   0x00000002   Code   RO         6943    i.LoRaMacClassBInit  loramacclassb.o
    0x08004364   0x00000004   Code   RO         6944    i.LoRaMacClassBIsAcquisitionInProgress  loramacclassb.o
    0x08004368   0x00000004   Code   RO         6946    i.LoRaMacClassBIsBeaconExpected  loramacclassb.o
    0x0800436c   0x00000004   Code   RO         6947    i.LoRaMacClassBIsBeaconModeActive  loramacclassb.o
    0x08004370   0x00000004   Code   RO         6948    i.LoRaMacClassBIsMulticastExpected  loramacclassb.o
    0x08004374   0x00000004   Code   RO         6949    i.LoRaMacClassBIsPingExpected  loramacclassb.o
    0x08004378   0x00000006   Code   RO         6950    i.LoRaMacClassBIsUplinkCollision  loramacclassb.o
    0x0800437e   0x00000006   Code   RO         6951    i.LoRaMacClassBMibGetRequestConfirm  loramacclassb.o
    0x08004384   0x00000002   Code   RO         6952    i.LoRaMacClassBMulticastSlotTimerEvent  loramacclassb.o
    0x08004386   0x00000006   Code   RO         6953    i.LoRaMacClassBPingSlotChannelReq  loramacclassb.o
    0x0800438c   0x00000002   Code   RO         6954    i.LoRaMacClassBPingSlotInfoAns  loramacclassb.o
    0x0800438e   0x00000002   Code   RO         6955    i.LoRaMacClassBPingSlotTimerEvent  loramacclassb.o
    0x08004390   0x00000002   Code   RO         6956    i.LoRaMacClassBProcess  loramacclassb.o
    0x08004392   0x00000006   Code   RO         6957    i.LoRaMacClassBRestoreNvmCtx  loramacclassb.o
    0x08004398   0x00000002   Code   RO         6958    i.LoRaMacClassBResumeBeaconing  loramacclassb.o
    0x0800439a   0x00000006   Code   RO         6959    i.LoRaMacClassBRxBeacon  loramacclassb.o
    0x080043a0   0x00000002   Code   RO         6960    i.LoRaMacClassBSetBeaconState  loramacclassb.o
    0x080043a2   0x00000002   Code   RO         6962    i.LoRaMacClassBSetMulticastSlotState  loramacclassb.o
    0x080043a4   0x00000002   Code   RO         6963    i.LoRaMacClassBSetPingSlotInfo  loramacclassb.o
    0x080043a6   0x00000002   Code   RO         6964    i.LoRaMacClassBSetPingSlotState  loramacclassb.o
    0x080043a8   0x00000002   Code   RO         6966    i.LoRaMacClassBStopRxSlots  loramacclassb.o
    0x080043aa   0x00000006   Code   RO         6967    i.LoRaMacClassBSwitchClass  loramacclassb.o
    0x080043b0   0x00000060   Code   RO         7165    i.LoRaMacCommandsAddCmd  loramaccommands.o
    0x08004410   0x00000010   Code   RO         7167    i.LoRaMacCommandsGetNvmCtx  loramaccommands.o
    0x08004420   0x00000018   Code   RO         7168    i.LoRaMacCommandsGetSizeSerializedCmds  loramaccommands.o
    0x08004438   0x00000024   Code   RO         7169    i.LoRaMacCommandsInit  loramaccommands.o
    0x0800445c   0x00000048   Code   RO         7170    i.LoRaMacCommandsRemoveCmd  loramaccommands.o
    0x080044a4   0x0000002c   Code   RO         7171    i.LoRaMacCommandsRemoveNoneStickyCmds  loramaccommands.o
    0x080044d0   0x0000002c   Code   RO         7172    i.LoRaMacCommandsRemoveStickyAnsCmds  loramaccommands.o
    0x080044fc   0x00000020   Code   RO         7173    i.LoRaMacCommandsRestoreNvmCtx  loramaccommands.o
    0x0800451c   0x00000058   Code   RO         7174    i.LoRaMacCommandsSerializeCmds  loramaccommands.o
    0x08004574   0x00000030   Code   RO         7175    i.LoRaMacCommandsStickyCmdsPending  loramaccommands.o
    0x080045a4   0x00000054   Code   RO         7282    i.LoRaMacConfirmQueueAdd  loramacconfirmqueue.o
    0x080045f8   0x0000000c   Code   RO         7283    i.LoRaMacConfirmQueueGetCnt  loramacconfirmqueue.o
    0x08004604   0x00000010   Code   RO         7284    i.LoRaMacConfirmQueueGetNvmCtx  loramacconfirmqueue.o
    0x08004614   0x00000030   Code   RO         7285    i.LoRaMacConfirmQueueGetStatus  loramacconfirmqueue.o
    0x08004644   0x00000070   Code   RO         7287    i.LoRaMacConfirmQueueHandleCb  loramacconfirmqueue.o
    0x080046b4   0x00000044   Code   RO         7288    i.LoRaMacConfirmQueueInit  loramacconfirmqueue.o
    0x080046f8   0x00000020   Code   RO         7289    i.LoRaMacConfirmQueueIsCmdActive  loramacconfirmqueue.o
    0x08004718   0x00000018   Code   RO         7290    i.LoRaMacConfirmQueueIsFull  loramacconfirmqueue.o
    0x08004730   0x00000030   Code   RO         7291    i.LoRaMacConfirmQueueRemoveFirst  loramacconfirmqueue.o
    0x08004760   0x00000020   Code   RO         7293    i.LoRaMacConfirmQueueRestoreNvmCtx  loramacconfirmqueue.o
    0x08004780   0x00000030   Code   RO         7294    i.LoRaMacConfirmQueueSetStatus  loramacconfirmqueue.o
    0x080047b0   0x0000003c   Code   RO         7295    i.LoRaMacConfirmQueueSetStatusCmn  loramacconfirmqueue.o
    0x080047ec   0x00000050   Code   RO         7393    i.LoRaMacCryptoDeriveMcKEKey  loramaccrypto.o
    0x0800483c   0x00000078   Code   RO         7394    i.LoRaMacCryptoDeriveMcRootKey  loramaccrypto.o
    0x080048b4   0x00000094   Code   RO         7396    i.LoRaMacCryptoGetFCntDown  loramaccrypto.o
    0x08004948   0x0000001c   Code   RO         7397    i.LoRaMacCryptoGetFCntUp  loramaccrypto.o
    0x08004964   0x00000010   Code   RO         7398    i.LoRaMacCryptoGetNvmCtx  loramaccrypto.o
    0x08004974   0x00000208   Code   RO         7399    i.LoRaMacCryptoHandleJoinAccept  loramaccrypto.o
    0x08004b7c   0x00000058   Code   RO         7400    i.LoRaMacCryptoInit  loramaccrypto.o
    0x08004bd4   0x0000006c   Code   RO         7401    i.LoRaMacCryptoPrepareJoinRequest  loramaccrypto.o
    0x08004c40   0x00000020   Code   RO         7404    i.LoRaMacCryptoRestoreNvmCtx  loramaccrypto.o
    0x08004c60   0x000000b0   Code   RO         7405    i.LoRaMacCryptoSecureMessage  loramaccrypto.o
    0x08004d10   0x0000003e   Code   RO         7406    i.LoRaMacCryptoSetKey  loramaccrypto.o
    0x08004d4e   0x00000002   PAD
    0x08004d50   0x00000014   Code   RO         7407    i.LoRaMacCryptoSetLrWanVersion  loramaccrypto.o
    0x08004d64   0x00000034   Code   RO         7408    i.LoRaMacCryptoSetMulticastReference  loramaccrypto.o
    0x08004d98   0x000000dc   Code   RO         7409    i.LoRaMacCryptoUnsecureMessage  loramaccrypto.o
    0x08004e74   0x0000000c   Code   RO         6464    i.LoRaMacEnableRequests  loramac.o
    0x08004e80   0x00000088   Code   RO         6465    i.LoRaMacHandleIndicationEvents  loramac.o
    0x08004f08   0x0000006c   Code   RO         6466    i.LoRaMacHandleIrqEvents  loramac.o
    0x08004f74   0x000000b0   Code   RO         6467    i.LoRaMacHandleMcpsRequest  loramac.o
    0x08005024   0x00000060   Code   RO         6468    i.LoRaMacHandleMlmeRequest  loramac.o
    0x08005084   0x000000b8   Code   RO         6469    i.LoRaMacHandleRequestEvents  loramac.o
    0x0800513c   0x00000028   Code   RO         6470    i.LoRaMacHandleScheduleUplinkEvent  loramac.o
    0x08005164   0x00000508   Code   RO         6471    i.LoRaMacInitialization  loramac.o
    0x0800566c   0x00000020   Code   RO         6472    i.LoRaMacIsBusy     loramac.o
    0x0800568c   0x00000198   Code   RO         6477    i.LoRaMacMcpsRequest  loramac.o
    0x08005824   0x00000006   Code   RO         6968    i.LoRaMacMibClassBSetRequestConfirm  loramacclassb.o
    0x0800582a   0x00000002   PAD
    0x0800582c   0x000001fc   Code   RO         6478    i.LoRaMacMibGetRequestConfirm  loramac.o
    0x08005a28   0x00000694   Code   RO         6479    i.LoRaMacMibSetRequestConfirm  loramac.o
    0x080060bc   0x000001c0   Code   RO         6480    i.LoRaMacMlmeRequest  loramac.o
    0x0800627c   0x0000012a   Code   RO         7556    i.LoRaMacParserData  loramacparser.o
    0x080063a6   0x000000fe   Code   RO         7557    i.LoRaMacParserJoinAccept  loramacparser.o
    0x080064a4   0x00000060   Code   RO         6481    i.LoRaMacProcess    loramac.o
    0x08006504   0x000000f8   Code   RO         6482    i.LoRaMacQueryTxPossible  loramac.o
    0x080065fc   0x00000136   Code   RO         7574    i.LoRaMacSerializerData  loramacserializer.o
    0x08006732   0x000000aa   Code   RO         7575    i.LoRaMacSerializerJoinRequest  loramacserializer.o
    0x080067dc   0x0000000c   Code   RO         6483    i.LoRaMacStart      loramac.o
    0x080067e8   0x00000038   Code   RO          828    i.LpmEnterLowPower  lpm-board.o
    0x08006820   0x00000002   Code   RO          829    i.LpmEnterOffMode   lpm-board.o
    0x08006822   0x0000000c   Code   RO          399    i.LpmEnterSleepMode  board.o
    0x0800682e   0x00000002   PAD
    0x08006830   0x00000038   Code   RO          400    i.LpmEnterStopMode  board.o
    0x08006868   0x00000002   Code   RO          832    i.LpmExitOffMode    lpm-board.o
    0x0800686a   0x00000002   Code   RO          833    i.LpmExitSleepMode  lpm-board.o
    0x0800686c   0x00000014   Code   RO          401    i.LpmExitStopMode   board.o
    0x08006880   0x00000034   Code   RO          835    i.LpmGetMode        lpm-board.o
    0x080068b4   0x0000003c   Code   RO          836    i.LpmSetOffMode     lpm-board.o
    0x080068f0   0x0000003c   Code   RO          837    i.LpmSetStopMode    lpm-board.o
    0x0800692c   0x0000002c   Code   RO         7176    i.MallocNewMacCommandSlot  loramaccommands.o
    0x08006958   0x00000278   Code   RO            2    i.McpsConfirm       main.o
    0x08006bd0   0x0000054c   Code   RO            3    i.McpsIndication    main.o
    0x0800711c   0x00000150   Code   RO            4    i.MlmeConfirm       main.o
    0x0800726c   0x0000007c   Code   RO            5    i.MlmeIndication    main.o
    0x080072e8   0x00000078   Code   RO         1861    i.NVIC_SetPriority  stm32l0xx_hal_cortex.o
    0x08007360   0x00000018   Code   RO         7177    i.NvmCtxCallback    loramaccommands.o
    0x08007378   0x00000002   Code   RO          142    i.NvmCtxMgmtEvent   nvmctxmgmt.o
    0x0800737a   0x00000004   Code   RO          143    i.NvmCtxMgmtRestore  nvmctxmgmt.o
    0x0800737e   0x00000004   Code   RO          144    i.NvmCtxMgmtStore   nvmctxmgmt.o
    0x08007382   0x00000002   PAD
    0x08007384   0x00000060   Code   RO         6486    i.OnAckTimeoutTimerEvent  loramac.o
    0x080073e4   0x00000014   Code   RO          402    i.OnCalibrateSystemWakeupTimeTimerEvent  board.o
    0x080073f8   0x0000001c   Code   RO            6    i.OnLed1TimerEvent  main.o
    0x08007414   0x0000001c   Code   RO            7    i.OnLed3TimerEvent  main.o
    0x08007430   0x0000000c   Code   RO            8    i.OnMacProcessNotify  main.o
    0x0800743c   0x00000054   Code   RO         6487    i.OnRadioRxDone     loramac.o
    0x08007490   0x00000034   Code   RO         6488    i.OnRadioRxError    loramac.o
    0x080074c4   0x00000034   Code   RO         6489    i.OnRadioRxTimeout  loramac.o
    0x080074f8   0x00000054   Code   RO         6490    i.OnRadioTxDone     loramac.o
    0x0800754c   0x00000034   Code   RO         6491    i.OnRadioTxTimeout  loramac.o
    0x08007580   0x00000050   Code   RO         6492    i.OnRxWindow1TimerEvent  loramac.o
    0x080075d0   0x00000058   Code   RO         6493    i.OnRxWindow2TimerEvent  loramac.o
    0x08007628   0x00000060   Code   RO         6494    i.OnTxDelayedTimerEvent  loramac.o
    0x08007688   0x00000048   Code   RO            9    i.OnTxNextPacketTimerEvent  main.o
    0x080076d0   0x0000003c   Code   RO         6495    i.OpenContinuousRxCWindow  loramac.o
    0x0800770c   0x000000ca   Code   RO         7410    i.PayloadEncrypt    loramaccrypto.o
    0x080077d6   0x00000002   PAD
    0x080077d8   0x00000070   Code   RO         7411    i.PrepareB0         loramaccrypto.o
    0x08007848   0x000001d4   Code   RO         6496    i.PrepareFrame      loramac.o
    0x08007a1c   0x00000048   Code   RO         6497    i.PrepareRxDoneAbort  loramac.o
    0x08007a64   0x00000098   Code   RO           10    i.PrepareTxFrame    main.o
    0x08007afc   0x00000050   Code   RO           11    i.PrintHexBuffer    main.o
    0x08007b4c   0x000006a0   Code   RO         6498    i.ProcessMacCommands  loramac.o
    0x080081ec   0x000006bc   Code   RO         6499    i.ProcessRadioRxDone  loramac.o
    0x080088a8   0x0000000c   Code   RO         6500    i.ProcessRadioRxError  loramac.o
    0x080088b4   0x0000000c   Code   RO         6501    i.ProcessRadioRxTimeout  loramac.o
    0x080088c0   0x000000ec   Code   RO         6502    i.ProcessRadioTxDone  loramac.o
    0x080089ac   0x00000050   Code   RO         6503    i.ProcessRadioTxTimeout  loramac.o
    0x080089fc   0x00000098   Code   RO         3292    i.RCC_SetFlashLatencyFromMSIRange  stm32l0xx_hal_rcc.o
    0x08008a94   0x0000001a   Code   RO         3535    i.RTC_Bcd2ToByte    stm32l0xx_hal_rtc.o
    0x08008aae   0x0000001a   Code   RO         3536    i.RTC_ByteToBcd2    stm32l0xx_hal_rtc.o
    0x08008ac8   0x00000042   Code   RO         3537    i.RTC_EnterInitMode  stm32l0xx_hal_rtc.o
    0x08008b0a   0x00000002   PAD
    0x08008b0c   0x00000054   Code   RO          905    i.RTC_IRQHandler    rtc-board.o
    0x08008b60   0x0000001a   Code   RO         7804    i.RegionAlternateDr  region.o
    0x08008b7a   0x00000018   Code   RO         7805    i.RegionApplyCFList  region.o
    0x08008b92   0x0000001e   Code   RO         7806    i.RegionApplyDrOffset  region.o
    0x08008bb0   0x00000002   Code   RO         8317    i.RegionCN470AlternateDr  regioncn470.o
    0x08008bb2   0x00000002   PAD
    0x08008bb4   0x00000050   Code   RO         8318    i.RegionCN470ApplyCFList  regioncn470.o
    0x08008c04   0x00000012   Code   RO         8319    i.RegionCN470ApplyDrOffset  regioncn470.o
    0x08008c16   0x00000002   PAD
    0x08008c18   0x00000040   Code   RO         8320    i.RegionCN470CalcBackOff  regioncn470.o
    0x08008c58   0x00000038   Code   RO         8321    i.RegionCN470ChanMaskSet  regioncn470.o
    0x08008c90   0x0000006c   Code   RO         8324    i.RegionCN470ComputeRxWindowParameters  regioncn470.o
    0x08008cfc   0x00000006   Code   RO         8325    i.RegionCN470DlChannelReq  regioncn470.o
    0x08008d02   0x00000002   PAD
    0x08008d04   0x00000010   Code   RO         8326    i.RegionCN470GetNvmCtx  regioncn470.o
    0x08008d14   0x00000178   Code   RO         8327    i.RegionCN470GetPhyParam  regioncn470.o
    0x08008e8c   0x000000c4   Code   RO         8328    i.RegionCN470InitDefaults  regioncn470.o
    0x08008f50   0x0000015c   Code   RO         8329    i.RegionCN470LinkAdrReq  regioncn470.o
    0x080090ac   0x00000006   Code   RO         8330    i.RegionCN470NewChannelReq  regioncn470.o
    0x080090b2   0x00000002   PAD
    0x080090b4   0x000000dc   Code   RO         8331    i.RegionCN470NextChannel  regioncn470.o
    0x08009190   0x000000c0   Code   RO         8333    i.RegionCN470RxConfig  regioncn470.o
    0x08009250   0x00000040   Code   RO         8334    i.RegionCN470RxParamSetupReq  regioncn470.o
    0x08009290   0x00000028   Code   RO         8335    i.RegionCN470SetBandTxDone  regioncn470.o
    0x080092b8   0x00000060   Code   RO         8336    i.RegionCN470SetContinuousWave  regioncn470.o
    0x08009318   0x000000b8   Code   RO         8337    i.RegionCN470TxConfig  regioncn470.o
    0x080093d0   0x00000008   Code   RO         8338    i.RegionCN470TxParamSetupReq  regioncn470.o
    0x080093d8   0x00000084   Code   RO         8339    i.RegionCN470Verify  regioncn470.o
    0x0800945c   0x00000018   Code   RO         7807    i.RegionCalcBackOff  region.o
    0x08009474   0x00000016   Code   RO         7808    i.RegionChanMaskSet  region.o
    0x0800948a   0x0000008a   Code   RO         8664    i.RegionCommonCalcBackOff  regioncommon.o
    0x08009514   0x00000022   Code   RO         8666    i.RegionCommonChanMaskCopy  regioncommon.o
    0x08009536   0x00000080   Code   RO         8667    i.RegionCommonChanVerifyDr  regioncommon.o
    0x080095b6   0x00000002   PAD
    0x080095b8   0x00000118   Code   RO         8668    i.RegionCommonComputeRxWindowParameters  regioncommon.o
    0x080096d0   0x0000003c   Code   RO         8670    i.RegionCommonComputeSymbolTimeLoRa  regioncommon.o
    0x0800970c   0x00000042   Code   RO         8671    i.RegionCommonComputeTxPower  regioncommon.o
    0x0800974e   0x00000034   Code   RO         8672    i.RegionCommonCountChannels  regioncommon.o
    0x08009782   0x00000002   PAD
    0x08009784   0x0000002c   Code   RO         8673    i.RegionCommonGetJoinDc  regioncommon.o
    0x080097b0   0x0000009e   Code   RO         8674    i.RegionCommonLinkAdrReqVerifyParams  regioncommon.o
    0x0800984e   0x00000048   Code   RO         8675    i.RegionCommonParseLinkAdrReq  regioncommon.o
    0x08009896   0x0000000e   Code   RO         8677    i.RegionCommonSetBandTxDone  regioncommon.o
    0x080098a4   0x000000f8   Code   RO         8678    i.RegionCommonUpdateBandTimeOff  regioncommon.o
    0x0800999c   0x00000012   Code   RO         8679    i.RegionCommonValueInRange  regioncommon.o
    0x080099ae   0x00000022   Code   RO         7811    i.RegionComputeRxWindowParameters  region.o
    0x080099d0   0x00000016   Code   RO         7812    i.RegionDlChannelReq  region.o
    0x080099e6   0x00000016   Code   RO         7813    i.RegionGetNvmCtx   region.o
    0x080099fc   0x0000001c   Code   RO         7814    i.RegionGetPhyParam  region.o
    0x08009a18   0x00000018   Code   RO         7815    i.RegionInitDefaults  region.o
    0x08009a30   0x0000000e   Code   RO         7816    i.RegionIsActive    region.o
    0x08009a3e   0x00000024   Code   RO         7817    i.RegionLinkAdrReq  region.o
    0x08009a62   0x00000016   Code   RO         7818    i.RegionNewChannelReq  region.o
    0x08009a78   0x00000020   Code   RO         7819    i.RegionNextChannel  region.o
    0x08009a98   0x0000001a   Code   RO         7821    i.RegionRxConfig    region.o
    0x08009ab2   0x00000016   Code   RO         7822    i.RegionRxParamSetupReq  region.o
    0x08009ac8   0x0000001a   Code   RO         7823    i.RegionSetBandTxDone  region.o
    0x08009ae2   0x00000018   Code   RO         7824    i.RegionSetContinuousWave  region.o
    0x08009afa   0x0000001e   Code   RO         7825    i.RegionTxConfig    region.o
    0x08009b18   0x00000016   Code   RO         7826    i.RegionTxParamSetupReq  region.o
    0x08009b2e   0x0000001a   Code   RO         7827    i.RegionVerify      region.o
    0x08009b48   0x0000002a   Code   RO         6504    i.RemoveMacCommands  loramac.o
    0x08009b72   0x00000002   PAD
    0x08009b74   0x00000054   Code   RO         7412    i.ResetFCnts        loramaccrypto.o
    0x08009bc8   0x0000015c   Code   RO         6505    i.ResetMacParameters  loramac.o
    0x08009d24   0x00000098   Code   RO         6506    i.RestoreCtxs       loramac.o
    0x08009dbc   0x00000020   Code   RO          906    i.RtcBkupRead       rtc-board.o
    0x08009ddc   0x00000020   Code   RO          907    i.RtcBkupWrite      rtc-board.o
    0x08009dfc   0x0000002c   Code   RO          909    i.RtcGetCalendarTime  rtc-board.o
    0x08009e28   0x000000d0   Code   RO          910    i.RtcGetCalendarValue  rtc-board.o
    0x08009ef8   0x00000004   Code   RO          912    i.RtcGetMinimumTimeout  rtc-board.o
    0x08009efc   0x0000000c   Code   RO          913    i.RtcGetTimerContext  rtc-board.o
    0x08009f08   0x0000001c   Code   RO          914    i.RtcGetTimerElapsedTime  rtc-board.o
    0x08009f24   0x00000014   Code   RO          915    i.RtcGetTimerValue  rtc-board.o
    0x08009f38   0x000000b8   Code   RO          916    i.RtcInit           rtc-board.o
    0x08009ff0   0x00000018   Code   RO          917    i.RtcMs2Tick        rtc-board.o
    0x0800a008   0x00000048   Code   RO          919    i.RtcSetAlarm       rtc-board.o
    0x0800a050   0x00000088   Code   RO          920    i.RtcSetMcuWakeUpTime  rtc-board.o
    0x0800a0d8   0x0000001c   Code   RO          921    i.RtcSetTimerContext  rtc-board.o
    0x0800a0f4   0x0000018c   Code   RO          922    i.RtcStartAlarm     rtc-board.o
    0x0800a280   0x00000038   Code   RO          923    i.RtcStopAlarm      rtc-board.o
    0x0800a2b8   0x0000001a   Code   RO          925    i.RtcTick2Ms        rtc-board.o
    0x0800a2d2   0x00000002   PAD
    0x0800a2d4   0x000000b8   Code   RO         9838    i.RxChainCalibration  sx1276.o
    0x0800a38c   0x00000044   Code   RO         6507    i.RxWindowSetup     loramac.o
    0x0800a3d0   0x00000074   Code   RO         1119    i.SX1276AntSwDeInit  sx1276-board.o
    0x0800a444   0x00000078   Code   RO         1120    i.SX1276AntSwInit   sx1276-board.o
    0x0800a4bc   0x00000006   Code   RO         1121    i.SX1276CheckRfFrequency  sx1276-board.o
    0x0800a4c2   0x00000004   Code   RO         1122    i.SX1276GetBoardTcxoWakeupTime  sx1276-board.o
    0x0800a4c6   0x0000000e   Code   RO         1123    i.SX1276GetPaSelect  sx1276-board.o
    0x0800a4d4   0x0000000c   Code   RO         9839    i.SX1276GetStatus   sx1276.o
    0x0800a4e0   0x0000029c   Code   RO         9840    i.SX1276GetTimeOnAir  sx1276.o
    0x0800a77c   0x0000000a   Code   RO         9841    i.SX1276GetWakeupTime  sx1276.o
    0x0800a786   0x00000002   PAD
    0x0800a788   0x00000090   Code   RO         9842    i.SX1276Init        sx1276.o
    0x0800a818   0x00000094   Code   RO         1124    i.SX1276IoDeInit    sx1276-board.o
    0x0800a8ac   0x000000b4   Code   RO         1125    i.SX1276IoInit      sx1276-board.o
    0x0800a960   0x0000005c   Code   RO         1126    i.SX1276IoIrqInit   sx1276-board.o
    0x0800a9bc   0x00000068   Code   RO         9843    i.SX1276IsChannelFree  sx1276.o
    0x0800aa24   0x00000380   Code   RO         9844    i.SX1276OnDio0Irq   sx1276.o
    0x0800ada4   0x00000190   Code   RO         9845    i.SX1276OnDio1Irq   sx1276.o
    0x0800af34   0x00000160   Code   RO         9846    i.SX1276OnDio2Irq   sx1276.o
    0x0800b094   0x0000007c   Code   RO         9847    i.SX1276OnDio3Irq   sx1276.o
    0x0800b110   0x00000030   Code   RO         9848    i.SX1276OnDio4Irq   sx1276.o
    0x0800b140   0x00000110   Code   RO         9850    i.SX1276OnTimeoutIrq  sx1276.o
    0x0800b250   0x00000040   Code   RO         9851    i.SX1276Random      sx1276.o
    0x0800b290   0x00000014   Code   RO         9852    i.SX1276Read        sx1276.o
    0x0800b2a4   0x00000044   Code   RO         9853    i.SX1276ReadBuffer  sx1276.o
    0x0800b2e8   0x00000012   Code   RO         9854    i.SX1276ReadFifo    sx1276.o
    0x0800b2fa   0x00000002   PAD
    0x0800b2fc   0x00000054   Code   RO         9855    i.SX1276ReadRssi    sx1276.o
    0x0800b350   0x00000040   Code   RO         1127    i.SX1276Reset       sx1276-board.o
    0x0800b390   0x00000130   Code   RO         9856    i.SX1276Send        sx1276.o
    0x0800b4c0   0x0000009c   Code   RO         1128    i.SX1276SetAntSw    sx1276-board.o
    0x0800b55c   0x00000030   Code   RO         1129    i.SX1276SetAntSwLowPower  sx1276-board.o
    0x0800b58c   0x00000028   Code   RO         1130    i.SX1276SetBoardTcxo  sx1276-board.o
    0x0800b5b4   0x00000048   Code   RO         9857    i.SX1276SetChannel  sx1276.o
    0x0800b5fc   0x0000003c   Code   RO         9858    i.SX1276SetMaxPayloadLength  sx1276.o
    0x0800b638   0x0000009c   Code   RO         9859    i.SX1276SetModem    sx1276.o
    0x0800b6d4   0x0000003a   Code   RO         9860    i.SX1276SetOpMode   sx1276.o
    0x0800b70e   0x00000002   PAD
    0x0800b710   0x0000002c   Code   RO         9861    i.SX1276SetPublicNetwork  sx1276.o
    0x0800b73c   0x000000ca   Code   RO         1131    i.SX1276SetRfTxPower  sx1276-board.o
    0x0800b806   0x00000002   PAD
    0x0800b808   0x00000298   Code   RO         9862    i.SX1276SetRx       sx1276.o
    0x0800baa0   0x0000031c   Code   RO         9863    i.SX1276SetRxConfig  sx1276.o
    0x0800bdbc   0x00000038   Code   RO         9864    i.SX1276SetSleep    sx1276.o
    0x0800bdf4   0x00000034   Code   RO         9865    i.SX1276SetStby     sx1276.o
    0x0800be28   0x000000d4   Code   RO         9866    i.SX1276SetTx       sx1276.o
    0x0800befc   0x00000268   Code   RO         9867    i.SX1276SetTxConfig  sx1276.o
    0x0800c164   0x00000088   Code   RO         9868    i.SX1276SetTxContinuousWave  sx1276.o
    0x0800c1ec   0x00000048   Code   RO         9869    i.SX1276StartCad    sx1276.o
    0x0800c234   0x00000010   Code   RO         9870    i.SX1276Write       sx1276.o
    0x0800c244   0x00000044   Code   RO         9871    i.SX1276WriteBuffer  sx1276.o
    0x0800c288   0x00000012   Code   RO         9872    i.SX1276WriteFifo   sx1276.o
    0x0800c29a   0x00000002   PAD
    0x0800c29c   0x00000200   Code   RO         6508    i.ScheduleTx        loramac.o
    0x0800c49c   0x00000080   Code   RO         7704    i.SecureElementAesEncrypt  soft-se.o
    0x0800c51c   0x00000026   Code   RO         7705    i.SecureElementComputeAesCmac  soft-se.o
    0x0800c542   0x00000064   Code   RO         7706    i.SecureElementDeriveAndStoreKey  soft-se.o
    0x0800c5a6   0x00000002   PAD
    0x0800c5a8   0x00000008   Code   RO         7707    i.SecureElementGetDevEui  soft-se.o
    0x0800c5b0   0x00000008   Code   RO         7708    i.SecureElementGetJoinEui  soft-se.o
    0x0800c5b8   0x00000010   Code   RO         7709    i.SecureElementGetNvmCtx  soft-se.o
    0x0800c5c8   0x000001c8   Code   RO         7710    i.SecureElementInit  soft-se.o
    0x0800c790   0x0000001c   Code   RO         7711    i.SecureElementRandomNumber  soft-se.o
    0x0800c7ac   0x00000020   Code   RO         7712    i.SecureElementRestoreNvmCtx  soft-se.o
    0x0800c7cc   0x00000028   Code   RO         7713    i.SecureElementSetDevEui  soft-se.o
    0x0800c7f4   0x00000028   Code   RO         7714    i.SecureElementSetJoinEui  soft-se.o
    0x0800c81c   0x00000098   Code   RO         7715    i.SecureElementSetKey  soft-se.o
    0x0800c8b4   0x00000040   Code   RO         7716    i.SecureElementVerifyAesCmac  soft-se.o
    0x0800c8f4   0x000000a4   Code   RO         6509    i.SecureFrame       loramac.o
    0x0800c998   0x000001b8   Code   RO         6510    i.Send              loramac.o
    0x0800cb50   0x00000110   Code   RO           12    i.SendFrame         main.o
    0x0800cc60   0x00000124   Code   RO         6511    i.SendFrameOnChannel  loramac.o
    0x0800cd84   0x0000007c   Code   RO         6512    i.SendReJoinReq     loramac.o
    0x0800ce00   0x00000014   Code   RO         6513    i.SetMlmeScheduleUplinkIndication  loramac.o
    0x0800ce14   0x0000006c   Code   RO         6514    i.SetTxContinuousWave  loramac.o
    0x0800ce80   0x0000002c   Code   RO         6515    i.SetTxContinuousWave1  loramac.o
    0x0800ceac   0x0000006c   Code   RO         1072    i.SpiDeInit         spi-board.o
    0x0800cf18   0x000000ac   Code   RO         1073    i.SpiFormat         spi-board.o
    0x0800cfc4   0x0000005c   Code   RO         1074    i.SpiFrequency      spi-board.o
    0x0800d020   0x0000009c   Code   RO         1075    i.SpiInOut          spi-board.o
    0x0800d0bc   0x00000190   Code   RO         1076    i.SpiInit           spi-board.o
    0x0800d24c   0x00000070   Code   RO         6516    i.StopRetransmission  loramac.o
    0x0800d2bc   0x0000017c   Code   RO         6517    i.SwitchClass       loramac.o
    0x0800d438   0x0000000c   Code   RO          403    i.SysTick_Handler   board.o
    0x0800d444   0x00000052   Code   RO        10345    i.SysTimeAdd        systime.o
    0x0800d496   0x00000044   Code   RO        10347    i.SysTimeGet        systime.o
    0x0800d4da   0x0000001c   Code   RO        10348    i.SysTimeGetMcuTime  systime.o
    0x0800d4f6   0x0000003a   Code   RO        10351    i.SysTimeSet        systime.o
    0x0800d530   0x0000004e   Code   RO        10352    i.SysTimeSub        systime.o
    0x0800d57e   0x00000002   PAD
    0x0800d580   0x000000b8   Code   RO          404    i.SystemClockConfig  board.o
    0x0800d638   0x00000084   Code   RO          405    i.SystemClockReConfig  board.o
    0x0800d6bc   0x00000068   Code   RO         1308    i.SystemInit        system_stm32l0xx.o
    0x0800d724   0x00000020   Code   RO        10429    i.TimerExists       timer.o
    0x0800d744   0x00000010   Code   RO        10430    i.TimerGetCurrentTime  timer.o
    0x0800d754   0x00000020   Code   RO        10431    i.TimerGetElapsedTime  timer.o
    0x0800d774   0x00000012   Code   RO        10432    i.TimerInit         timer.o
    0x0800d786   0x00000002   PAD
    0x0800d788   0x00000024   Code   RO        10433    i.TimerInsertNewHeadTimer  timer.o
    0x0800d7ac   0x00000034   Code   RO        10434    i.TimerInsertTimer  timer.o
    0x0800d7e0   0x000000c4   Code   RO        10435    i.TimerIrqHandler   timer.o
    0x0800d8a4   0x0000002a   Code   RO        10440    i.TimerSetTimeout   timer.o
    0x0800d8ce   0x00000028   Code   RO        10441    i.TimerSetValue     timer.o
    0x0800d8f6   0x00000002   PAD
    0x0800d8f8   0x00000078   Code   RO        10442    i.TimerStart        timer.o
    0x0800d970   0x000000b8   Code   RO        10443    i.TimerStop         timer.o
    0x0800da28   0x000000f0   Code   RO         4865    i.UART_AdvFeatureConfig  stm32l0xx_hal_uart.o
    0x0800db18   0x00000074   Code   RO         4866    i.UART_CheckIdleState  stm32l0xx_hal_uart.o
    0x0800db8c   0x00000018   Code   RO         4867    i.UART_DMAAbortOnError  stm32l0xx_hal_uart.o
    0x0800dba4   0x00000022   Code   RO         4877    i.UART_EndRxTransfer  stm32l0xx_hal_uart.o
    0x0800dbc6   0x00000020   Code   RO         4878    i.UART_EndTransmit_IT  stm32l0xx_hal_uart.o
    0x0800dbe6   0x00000090   Code   RO         4880    i.UART_Receive_IT   stm32l0xx_hal_uart.o
    0x0800dc76   0x00000002   PAD
    0x0800dc78   0x000003f0   Code   RO         4881    i.UART_SetConfig    stm32l0xx_hal_uart.o
    0x0800e068   0x00000072   Code   RO         4882    i.UART_Transmit_IT  stm32l0xx_hal_uart.o
    0x0800e0da   0x00000070   Code   RO         4883    i.UART_WaitOnFlagUntilTimeout  stm32l0xx_hal_uart.o
    0x0800e14a   0x00000002   PAD
    0x0800e14c   0x00000010   Code   RO         1222    i.USART1_IRQHandler  uart-board.o
    0x0800e15c   0x00000024   Code   RO        10529    i.UartConfig        uart.o
    0x0800e180   0x00000022   Code   RO        10533    i.UartInit          uart.o
    0x0800e1a2   0x00000002   PAD
    0x0800e1a4   0x00000138   Code   RO         1223    i.UartMcuConfig     uart-board.o
    0x0800e2dc   0x0000006c   Code   RO         1227    i.UartMcuInit       uart-board.o
    0x0800e348   0x0000005c   Code   RO         1229    i.UartMcuPutChar    uart-board.o
    0x0800e3a4   0x00000010   Code   RO        10535    i.UartPutChar       uart.o
    0x0800e3b4   0x00000060   Code   RO         7413    i.UpdateFCntDown    loramaccrypto.o
    0x0800e414   0x00000020   Code   RO         6518    i.UpdateRxSlotIdleState  loramac.o
    0x0800e434   0x0000002a   Code   RO         6519    i.ValidatePayloadLength  loramac.o
    0x0800e45e   0x00000078   Code   RO         7414    i.VerifyCmacB0      loramaccrypto.o
    0x0800e4d6   0x00000002   PAD
    0x0800e4d8   0x00000058   Code   RO         8340    i.VerifyRfFreq      regioncn470.o
    0x0800e530   0x00000020   Code   RO        10809    i.__0printf$8       mc_p.l(printf8.o)
    0x0800e550   0x0000002e   Code   RO        10923    i.__ARM_clz         mf_p.l(depilogue.o)
    0x0800e57e   0x00000030   Code   RO         1048    i.__ARM_common_ll_muluu  rtc-board.o
    0x0800e5ae   0x0000001c   Code   RO           79    i.__ARM_common_switch8  main.o
    0x0800e5ca   0x0000000e   Code   RO        10933    i.__scatterload_copy  mc_p.l(handlers.o)
    0x0800e5d8   0x00000002   Code   RO        10934    i.__scatterload_null  mc_p.l(handlers.o)
    0x0800e5da   0x0000000e   Code   RO        10935    i.__scatterload_zeroinit  mc_p.l(handlers.o)
    0x0800e5e8   0x00000428   Code   RO        10816    i._printf_core      mc_p.l(printf8.o)
    0x0800ea10   0x00000020   Code   RO        10817    i._printf_post_padding  mc_p.l(printf8.o)
    0x0800ea30   0x0000002c   Code   RO        10818    i._printf_pre_padding  mc_p.l(printf8.o)
    0x0800ea5c   0x00000010   Code   RO         7604    i.add_round_key     aes.o
    0x0800ea6c   0x0000005a   Code   RO         7606    i.aes_encrypt       aes.o
    0x0800eac6   0x00000002   PAD
    0x0800eac8   0x0000011c   Code   RO         7607    i.aes_set_key       aes.o
    0x0800ebe4   0x000000c8   Code   RO        10578    i.ceil              m_ps.l(ceil.o)
    0x0800ecac   0x00000084   Code   RO         7608    i.copy_and_key      aes.o
    0x0800ed30   0x00000042   Code   RO         7609    i.copy_block        aes.o
    0x0800ed72   0x00000018   Code   RO         7610    i.copy_block_nn     aes.o
    0x0800ed8a   0x00000002   PAD
    0x0800ed8c   0x000000c8   Code   RO        10582    i.floor             m_ps.l(floor.o)
    0x0800ee54   0x0000001c   Code   RO          407    i.fputc             board.o
    0x0800ee70   0x00000598   Code   RO           13    i.main              main.o
    0x0800f408   0x00000018   Code   RO          178    i.memcpy1           utilities.o
    0x0800f420   0x0000001c   Code   RO          179    i.memcpyr           utilities.o
    0x0800f43c   0x00000014   Code   RO          180    i.memset1           utilities.o
    0x0800f450   0x00000284   Code   RO         7611    i.mix_sub_columns   aes.o
    0x0800f6d4   0x00000030   Code   RO          181    i.rand1             utilities.o
    0x0800f704   0x0000001a   Code   RO          182    i.randr             utilities.o
    0x0800f71e   0x00000002   PAD
    0x0800f720   0x0000009c   Code   RO        10585    i.round             m_ps.l(round.o)
    0x0800f7bc   0x00000070   Code   RO         7612    i.shift_sub_rows    aes.o
    0x0800f82c   0x0000000c   Code   RO          183    i.srand1            utilities.o
    0x0800f838   0x00000082   Code   RO         7613    i.xor_block         aes.o
    0x0800f8ba   0x00000002   PAD
    0x0800f8bc   0x00000028   Data   RO           15    .constdata          main.o
    0x0800f8e4   0x00000018   Data   RO          927    .constdata          rtc-board.o
    0x0800f8fc   0x0000006c   Data   RO         1133    .constdata          sx1276-board.o
    0x0800f968   0x00000021   Data   RO         1309    .constdata          system_stm32l0xx.o
    0x0800f989   0x00000010   Data   RO         6521    .constdata          loramac.o
    0x0800f999   0x00000300   Data   RO         7614    .constdata          aes.o
    0x0800fc99   0x00000003   PAD
    0x0800fc9c   0x0000004c   Data   RO         8342    .constdata          regioncn470.o
    0x0800fce8   0x000000e0   Data   RO         9874    .constdata          sx1276.o
    0x0800fdc8   0x00000321   Data   RO           16    .conststring        main.o
    0x080100e9   0x00000003   PAD
    0x080100ec   0x00000020   Data   RO        10931    Region$$Table       anon$$obj.o


    Execution Region RW_IRAM1 (Base: 0x20000000, Size: 0x000024d8, Max: 0x00005000, ABSOLUTE, COMPRESSED[0x000000dc])

    Base Addr    Size         Type   Attr      Idx    E Section Name        Object

    0x20000000   0x0000011c   Data   RW           17    .data               main.o
    0x2000011c   0x00000004   Data   RW          184    .data               utilities.o
    0x20000120   0x00000003   Data   RW          409    .data               board.o
    0x20000123   0x00000001   PAD
    0x20000124   0x00000008   Data   RW          838    .data               lpm-board.o
    0x2000012c   0x00000004   Data   RW          928    .data               rtc-board.o
    0x20000130   0x00000002   Data   RW         1134    .data               sx1276-board.o
    0x20000132   0x00000002   Data   RW         1231    .data               uart-board.o
    0x20000134   0x00000004   Data   RW         1310    .data               system_stm32l0xx.o
    0x20000138   0x00000004   Data   RW         1441    .data               stm32l0xx_hal.o
    0x2000013c   0x00000008   Data   RW         6522    .data               loramac.o
    0x20000144   0x00000004   Data   RW         7180    .data               loramaccommands.o
    0x20000148   0x00000014   Data   RW         7416    .data               loramaccrypto.o
    0x2000015c   0x00000004   Data   RW         7718    .data               soft-se.o
    0x20000160   0x0000001c   Data   RW         9875    .data               sx1276.o
    0x2000017c   0x00000004   Data   RW        10445    .data               timer.o
    0x20000180   0x00000004   Data   RW        10911    .data               mc_p.l(stdout.o)
    0x20000184   0x00000150   Zero   RW           14    .bss                main.o
    0x200002d4   0x000008b0   Zero   RW          408    .bss                board.o
    0x20000b84   0x00000040   Zero   RW          683    .bss                gpio-board.o
    0x20000bc4   0x00000068   Zero   RW          926    .bss                rtc-board.o
    0x20000c2c   0x000000b0   Zero   RW         1077    .bss                spi-board.o
    0x20000cdc   0x00000078   Zero   RW         1132    .bss                sx1276-board.o
    0x20000d54   0x00000070   Zero   RW         1230    .bss                uart-board.o
    0x20000dc4   0x000006b0   Zero   RW         6520    .bss                loramac.o
    0x20001474   0x000000fc   Zero   RW         7178    .bss                loramaccommands.o
    0x20001570   0x0000002c   Zero   RW         7296    .bss                loramacconfirmqueue.o
    0x2000159c   0x00000040   Zero   RW         7415    .bss                loramaccrypto.o
    0x200015dc   0x000003c4   Zero   RW         7717    .bss                soft-se.o
    0x200019a0   0x000004a8   Zero   RW         8341    .bss                regioncn470.o
    0x20001e48   0x0000028c   Zero   RW         9873    .bss                sx1276.o
    0x200020d4   0x00000004   PAD
    0x200020d8   0x00000400   Zero   RW         1407    STACK               startup_stm32l072xx.o


==============================================================================

Image component sizes


      Code (inc. data)   RO Data    RW Data    ZI Data      Debug   Object Name

         0          0          0          0          0     351756   adc-board.o
      1498         22        768          0          0      14768   aes.o
      1068        106          0          3       2224     278775   board.o
       746          0          0          0          0       4345   cmac.o
        12          0          0          0          0        533   delay-board.o
        12          0          0          0          0        490   delay.o
       128          0          0          0          0       3535   fifo.o
       910         44          0          0         64       5756   gpio-board.o
        74          0          0          0          0       2250   gpio.o
     14798        734         16          8       1712      76256   loramac.o
       248          0          0          0          0       2093   loramacadr.o
       106          0          0          0          0      28483   loramacclassb.o
       808         62          0          4        252      12643   loramaccommands.o
       646         66          0          0         44       9925   loramacconfirmqueue.o
      2792        128          0         20         64      21562   loramaccrypto.o
       552          0          0          0          0       1814   loramacparser.o
       480          0          0          0          0       1911   loramacserializer.o
       234         24          0          8          0       3971   lpm-board.o
      4732       1876        841        284        336      40839   main.o
        10          0          0          0          0       1496   nvmctxmgmt.o
       536          0          0          0          0      22483   region.o
         0          0          0          0          0       1428   regionas923.o
      2576        270         76          0       1192      20666   regioncn470.o
      1352         16          0          0          0      11611   regioncommon.o
      1444        154         24          4        104      13169   rtc-board.o
      1288         78          0          4        964      12533   soft-se.o
       928         42          0          0        176       4228   spi-board.o
        28          8        192          0       1024        696   startup_stm32l072xx.o
       186         36          0          4          0       5544   stm32l0xx_hal.o
       304         36          0          0          0      13408   stm32l0xx_hal_cortex.o
       180          6          0          0          0       1231   stm32l0xx_hal_dma.o
       548         38          0          0          0       3047   stm32l0xx_hal_gpio.o
         2          0          0          0          0        530   stm32l0xx_hal_msp_template.o
       152         22          0          0          0       1978   stm32l0xx_hal_pwr.o
        40          8          0          0          0       1117   stm32l0xx_hal_pwr_ex.o
      2728        122          0          0          0       7216   stm32l0xx_hal_rcc.o
      1520         56          0          0          0       3113   stm32l0xx_hal_rcc_ex.o
      2342         40          0          0          0      11023   stm32l0xx_hal_rtc.o
       124          0          0          0          0       2546   stm32l0xx_hal_rtc_ex.o
       204          0          0          0          0       2998   stm32l0xx_hal_spi.o
      2764         68          0          0          0      11547   stm32l0xx_hal_uart.o
         2          0          0          0          0       1040   stm32l0xx_hal_uart_ex.o
      1190         96        108          2        120      12144   sx1276-board.o
      6920        404        224         28        652      27538   sx1276.o
       104         16         33          4          0     381051   system_stm32l0xx.o
       314          0          0          0          0       5796   systime.o
       768         32          0          4          0       7483   timer.o
       688         68          0          2        112       5516   uart-board.o
        86          0          0          0          0       2350   uart.o
       158         24          0          4          0       5343   utilities.o

    ----------------------------------------------------------------------
     59418       4702       2320        384       9044    1463574   Object Totals
         0          0         32          0          0          0   (incl. Generated)
        88          0          6          1          4          0   (incl. Padding)

    ----------------------------------------------------------------------

      Code (inc. data)   RO Data    RW Data    ZI Data      Debug   Library Member Name

       200         20          0          0          0         76   ceil.o
       200         20          0          0          0         76   floor.o
       156         14          0          0          0         84   round.o
        86          0          0          0          0          0   __dczerorl2.o
         0          0          0          0          0          0   entry.o
         0          0          0          0          0          0   entry10a.o
         0          0          0          0          0          0   entry11a.o
         8          4          0          0          0          0   entry2.o
         4          0          0          0          0          0   entry5.o
         0          0          0          0          0          0   entry7b.o
         0          0          0          0          0          0   entry8b.o
         8          4          0          0          0          0   entry9a.o
        30          0          0          0          0          0   handlers.o
        40          0          0          0          0         72   idiv.o
        36          8          0          0          0         68   init.o
         0          0          0          0          0          0   iusefp.o
        32          0          0          0          0         68   llshl.o
        38          0          0          0          0         68   llsshr.o
        34          0          0          0          0         68   llushr.o
        36          0          0          0          0         60   memcpya.o
        36          0          0          0          0        100   memseta.o
      1172         52          0          0          0        324   printf8.o
         0          0          0          4          0          0   stdout.o
        44          0          0          0          0         72   uidiv.o
        96          0          0          0          0         84   uldiv.o
        40          2          0          0          0         68   cdcmple.o
        40          2          0          0          0         68   cdrcmple.o
       356          4          0          0          0        140   dadd.o
       240          6          0          0          0         84   ddiv.o
       236          0          0          0          0        216   depilogue.o
        72         10          0          0          0         72   dfixi.o
        60         10          0          0          0         68   dfixui.o
        40          6          0          0          0         68   dflti.o
        28          4          0          0          0         68   dfltui.o
       208          6          0          0          0         88   dmul.o
       124         10          0          0          0         76   drnd.o
        40          0          0          0          0         60   f2d.o
       178          0          0          0          0        108   fadd.o
       130          0          0          0          0        144   fepilogue.o
        14          0          0          0          0         68   ffltui.o

    ----------------------------------------------------------------------
      4066        182          0          4          0       2616   Library Totals
         4          0          0          0          0          0   (incl. Padding)

    ----------------------------------------------------------------------

      Code (inc. data)   RO Data    RW Data    ZI Data      Debug   Library Name

       556         54          0          0          0        236   m_ps.l
      1700         68          0          4          0        984   mc_p.l
      1806         60          0          0          0       1396   mf_p.l

    ----------------------------------------------------------------------
      4066        182          0          4          0       2616   Library Totals

    ----------------------------------------------------------------------

==============================================================================


      Code (inc. data)   RO Data    RW Data    ZI Data      Debug   

     63484       4884       2320        388       9044    1443738   Grand Totals
     63484       4884       2320        220       9044    1443738   ELF Image Totals (compressed)
     63484       4884       2320        220          0          0   ROM Totals

==============================================================================

    Total RO  Size (Code + RO Data)                65804 (  64.26kB)
    Total RW  Size (RW Data + ZI Data)              9432 (   9.21kB)
    Total ROM Size (Code + RO Data + RW Data)      66024 (  64.48kB)

==============================================================================

