<html>
<body>
<pre>
<h1>µVision Build Log</h1>
<h2>Tool Versions:</h2>
IDE-Version: ¦ÌVision V5.20.0.0
Copyright (C) 2016 ARM Ltd and ARM Germany GmbH. All rights reserved.
License Information: c Microsoft, Microsoft, LIC=X96Y8-3M5JF-G7NR6-DXHBP-XPR1G-NJZ71
 
Tool Versions:
Toolchain:       MDK-ARM Plus  Version: 5.20
Toolchain Path:  C:\Keil_v5\ARM\ARMCC\Bin
C Compiler:      Armcc.exe V5.06 update 2 (build 183)
Assembler:       Armasm.exe V5.06 update 2 (build 183)
Linker/Locator:  ArmLink.exe V5.06 update 2 (build 183)
Library Manager: ArmAr.exe V5.06 update 2 (build 183)
Hex Converter:   FromElf.exe V5.06 update 2 (build 183)
CPU DLL:         SARMCM3.DLL V5.20
Dialog DLL:      DARMCM1.DLL V1.14.0.0
Target DLL:      STLink\ST-LINKIII-KEIL_SWO.dll V2.0.18.0
Dialog DLL:      TARMCM1.DLL V1.10.0.0
 
<h2>Project:</h2>
D:\workspace\opensource-api\LoRaMac-node\prj\rhf76-052dm\lw-demo\lw-demo.uvprojx
Project File Date:  08/29/2019

<h2>Output:</h2>
*** Using Compiler 'V5.06 update 2 (build 183)', folder: 'C:\Keil_v5\ARM\ARMCC\Bin'
Build target 'NDebug'
compiling utilities.c...
compiling NvmCtxMgmt.c...
compiling main.c...
..\..\..\src\apps\LoRaMac\classA\RHF76-052DM\main.c(36): warning:  #1215-D: #warning directive: "No active region defined, LORAMAC_REGION_EU868 will be used as default."
  #warning "No active region defined, LORAMAC_REGION_EU868 will be used as default."
..\..\..\src\apps\LoRaMac\classA\RHF76-052DM\main.c: 1 warning, 0 errors
compiling delay-board.c...
compiling adc-board.c...
compiling board.c...
compiling eeprom-board.c...
compiling gpio-board.c...
compiling i2c-board.c...
compiling lpm-board.c...
compiling spi-board.c...
compiling sx1276-board.c...
compiling rtc-board.c...
compiling uart-board.c...
compiling system_stm32l0xx.c...
compiling stm32l0xx_hal.c...
compiling stm32l0xx_hal_adc.c...
compiling stm32l0xx_hal_comp.c...
compiling stm32l0xx_hal_adc_ex.c...
compiling stm32l0xx_hal_comp_ex.c...
compiling stm32l0xx_hal_crc.c...
compiling stm32l0xx_hal_cortex.c...
compiling stm32l0xx_hal_cryp.c...
compiling stm32l0xx_hal_cryp_ex.c...
compiling stm32l0xx_hal_crc_ex.c...
compiling stm32l0xx_hal_dac.c...
compiling stm32l0xx_hal_dac_ex.c...
compiling stm32l0xx_hal_dma.c...
compiling stm32l0xx_hal_flash.c...
compiling stm32l0xx_hal_firewall.c...
compiling stm32l0xx_hal_flash_ex.c...
compiling stm32l0xx_hal_flash_ramfunc.c...
compiling stm32l0xx_hal_gpio.c...
compiling stm32l0xx_hal_i2c.c...
compiling stm32l0xx_hal_i2c_ex.c...
compiling stm32l0xx_hal_i2s.c...
compiling stm32l0xx_hal_iwdg.c...
compiling stm32l0xx_hal_irda.c...
compiling stm32l0xx_hal_lcd.c...
compiling stm32l0xx_hal_lptim.c...
compiling stm32l0xx_hal_msp_template.c...
compiling stm32l0xx_hal_pcd_ex.c...
compiling stm32l0xx_hal_pcd.c...
compiling stm32l0xx_hal_pwr_ex.c...
compiling stm32l0xx_hal_pwr.c...
compiling stm32l0xx_hal_rcc.c...
compiling stm32l0xx_hal_rng.c...
compiling stm32l0xx_hal_rcc_ex.c...
compiling stm32l0xx_hal_rtc_ex.c...
compiling stm32l0xx_hal_rtc.c...
compiling stm32l0xx_hal_smartcard.c...
compiling stm32l0xx_hal_smartcard_ex.c...
compiling stm32l0xx_hal_smbus.c...
compiling stm32l0xx_hal_spi.c...
compiling stm32l0xx_hal_tim.c...
compiling stm32l0xx_hal_tim_ex.c...
compiling stm32l0xx_hal_uart.c...
compiling stm32l0xx_hal_tsc.c...
compiling stm32l0xx_hal_wwdg.c...
compiling stm32l0xx_hal_uart_ex.c...
compiling stm32l0xx_hal_usart.c...
compiling stm32l0xx_ll_adc.c...
..\..\..\src\boards\mcu\stm32\STM32L0xx_HAL_Driver\Src\stm32l0xx_ll_adc.c(44): warning:  #47-D: incompatible redefinition of macro "assert_param" (declared at line 307 of "..\..\..\src\boards\RHF76-052DM\cmsis\stm32l0xx_hal_conf.h")
    #define assert_param(expr) ((void)0U)
..\..\..\src\boards\mcu\stm32\STM32L0xx_HAL_Driver\Src\stm32l0xx_ll_adc.c: 1 warning, 0 errors
compiling stm32l0xx_ll_comp.c...
..\..\..\src\boards\mcu\stm32\STM32L0xx_HAL_Driver\Src\stm32l0xx_ll_comp.c(43): warning:  #47-D: incompatible redefinition of macro "assert_param" (declared at line 307 of "..\..\..\src\boards\RHF76-052DM\cmsis\stm32l0xx_hal_conf.h")
    #define assert_param(expr) ((void)0U)
..\..\..\src\boards\mcu\stm32\STM32L0xx_HAL_Driver\Src\stm32l0xx_ll_comp.c: 1 warning, 0 errors
compiling stm32l0xx_ll_crc.c...
..\..\..\src\boards\mcu\stm32\STM32L0xx_HAL_Driver\Src\stm32l0xx_ll_crc.c(44): warning:  #47-D: incompatible redefinition of macro "assert_param" (declared at line 307 of "..\..\..\src\boards\RHF76-052DM\cmsis\stm32l0xx_hal_conf.h")
  #define assert_param(expr) ((void)0U)
..\..\..\src\boards\mcu\stm32\STM32L0xx_HAL_Driver\Src\stm32l0xx_ll_crc.c: 1 warning, 0 errors
compiling stm32l0xx_ll_dac.c...
..\..\..\src\boards\mcu\stm32\STM32L0xx_HAL_Driver\Src\stm32l0xx_ll_dac.c(44): warning:  #47-D: incompatible redefinition of macro "assert_param" (declared at line 307 of "..\..\..\src\boards\RHF76-052DM\cmsis\stm32l0xx_hal_conf.h")
    #define assert_param(expr) ((void)0U)
..\..\..\src\boards\mcu\stm32\STM32L0xx_HAL_Driver\Src\stm32l0xx_ll_dac.c: 1 warning, 0 errors
compiling stm32l0xx_ll_crs.c...
compiling stm32l0xx_ll_dma.c...
..\..\..\src\boards\mcu\stm32\STM32L0xx_HAL_Driver\Src\stm32l0xx_ll_dma.c(43): warning:  #47-D: incompatible redefinition of macro "assert_param" (declared at line 307 of "..\..\..\src\boards\RHF76-052DM\cmsis\stm32l0xx_hal_conf.h")
  #define assert_param(expr) ((void)0U)
..\..\..\src\boards\mcu\stm32\STM32L0xx_HAL_Driver\Src\stm32l0xx_ll_dma.c: 1 warning, 0 errors
compiling stm32l0xx_ll_gpio.c...
..\..\..\src\boards\mcu\stm32\STM32L0xx_HAL_Driver\Src\stm32l0xx_ll_gpio.c(43): warning:  #47-D: incompatible redefinition of macro "assert_param" (declared at line 307 of "..\..\..\src\boards\RHF76-052DM\cmsis\stm32l0xx_hal_conf.h")
  #define assert_param(expr) ((void)0U)
..\..\..\src\boards\mcu\stm32\STM32L0xx_HAL_Driver\Src\stm32l0xx_ll_gpio.c: 1 warning, 0 errors
compiling stm32l0xx_ll_lptim.c...
..\..\..\src\boards\mcu\stm32\STM32L0xx_HAL_Driver\Src\stm32l0xx_ll_lptim.c(44): warning:  #47-D: incompatible redefinition of macro "assert_param" (declared at line 307 of "..\..\..\src\boards\RHF76-052DM\cmsis\stm32l0xx_hal_conf.h")
    #define assert_param(expr) ((void)0U)
..\..\..\src\boards\mcu\stm32\STM32L0xx_HAL_Driver\Src\stm32l0xx_ll_lptim.c: 1 warning, 0 errors
compiling stm32l0xx_ll_exti.c...
..\..\..\src\boards\mcu\stm32\STM32L0xx_HAL_Driver\Src\stm32l0xx_ll_exti.c(42): warning:  #47-D: incompatible redefinition of macro "assert_param" (declared at line 307 of "..\..\..\src\boards\RHF76-052DM\cmsis\stm32l0xx_hal_conf.h")
  #define assert_param(expr) ((void)0U)
..\..\..\src\boards\mcu\stm32\STM32L0xx_HAL_Driver\Src\stm32l0xx_ll_exti.c: 1 warning, 0 errors
compiling stm32l0xx_ll_i2c.c...
..\..\..\src\boards\mcu\stm32\STM32L0xx_HAL_Driver\Src\stm32l0xx_ll_i2c.c(43): warning:  #47-D: incompatible redefinition of macro "assert_param" (declared at line 307 of "..\..\..\src\boards\RHF76-052DM\cmsis\stm32l0xx_hal_conf.h")
  #define assert_param(expr) ((void)0U)
..\..\..\src\boards\mcu\stm32\STM32L0xx_HAL_Driver\Src\stm32l0xx_ll_i2c.c: 1 warning, 0 errors
compiling stm32l0xx_ll_rcc.c...
..\..\..\src\boards\mcu\stm32\STM32L0xx_HAL_Driver\Src\stm32l0xx_ll_rcc.c(42): warning:  #47-D: incompatible redefinition of macro "assert_param" (declared at line 307 of "..\..\..\src\boards\RHF76-052DM\cmsis\stm32l0xx_hal_conf.h")
    #define assert_param(expr) ((void)0U)
..\..\..\src\boards\mcu\stm32\STM32L0xx_HAL_Driver\Src\stm32l0xx_ll_rcc.c: 1 warning, 0 errors
compiling stm32l0xx_ll_lpuart.c...
..\..\..\src\boards\mcu\stm32\STM32L0xx_HAL_Driver\Src\stm32l0xx_ll_lpuart.c(44): warning:  #47-D: incompatible redefinition of macro "assert_param" (declared at line 307 of "..\..\..\src\boards\RHF76-052DM\cmsis\stm32l0xx_hal_conf.h")
  #define assert_param(expr) ((void)0U)
..\..\..\src\boards\mcu\stm32\STM32L0xx_HAL_Driver\Src\stm32l0xx_ll_lpuart.c: 1 warning, 0 errors
compiling stm32l0xx_ll_pwr.c...
compiling stm32l0xx_ll_rng.c...
..\..\..\src\boards\mcu\stm32\STM32L0xx_HAL_Driver\Src\stm32l0xx_ll_rng.c(44): warning:  #47-D: incompatible redefinition of macro "assert_param" (declared at line 307 of "..\..\..\src\boards\RHF76-052DM\cmsis\stm32l0xx_hal_conf.h")
  #define assert_param(expr) ((void)0U)
..\..\..\src\boards\mcu\stm32\STM32L0xx_HAL_Driver\Src\stm32l0xx_ll_rng.c: 1 warning, 0 errors
compiling stm32l0xx_ll_spi.c...
..\..\..\src\boards\mcu\stm32\STM32L0xx_HAL_Driver\Src\stm32l0xx_ll_spi.c(45): warning:  #47-D: incompatible redefinition of macro "assert_param" (declared at line 307 of "..\..\..\src\boards\RHF76-052DM\cmsis\stm32l0xx_hal_conf.h")
  #define assert_param(expr) ((void)0U)
..\..\..\src\boards\mcu\stm32\STM32L0xx_HAL_Driver\Src\stm32l0xx_ll_spi.c: 1 warning, 0 errors
compiling stm32l0xx_ll_tim.c...
..\..\..\src\boards\mcu\stm32\STM32L0xx_HAL_Driver\Src\stm32l0xx_ll_tim.c(44): warning:  #47-D: incompatible redefinition of macro "assert_param" (declared at line 307 of "..\..\..\src\boards\RHF76-052DM\cmsis\stm32l0xx_hal_conf.h")
  #define assert_param(expr) ((void)0U)
..\..\..\src\boards\mcu\stm32\STM32L0xx_HAL_Driver\Src\stm32l0xx_ll_tim.c: 1 warning, 0 errors
compiling stm32l0xx_ll_rtc.c...
..\..\..\src\boards\mcu\stm32\STM32L0xx_HAL_Driver\Src\stm32l0xx_ll_rtc.c(43): warning:  #47-D: incompatible redefinition of macro "assert_param" (declared at line 307 of "..\..\..\src\boards\RHF76-052DM\cmsis\stm32l0xx_hal_conf.h")
  #define assert_param(expr) ((void)0U)
..\..\..\src\boards\mcu\stm32\STM32L0xx_HAL_Driver\Src\stm32l0xx_ll_rtc.c: 1 warning, 0 errors
compiling stm32l0xx_ll_usart.c...
..\..\..\src\boards\mcu\stm32\STM32L0xx_HAL_Driver\Src\stm32l0xx_ll_usart.c(44): warning:  #47-D: incompatible redefinition of macro "assert_param" (declared at line 307 of "..\..\..\src\boards\RHF76-052DM\cmsis\stm32l0xx_hal_conf.h")
  #define assert_param(expr) ((void)0U)
..\..\..\src\boards\mcu\stm32\STM32L0xx_HAL_Driver\Src\stm32l0xx_ll_usart.c: 1 warning, 0 errors
compiling LoRaMac.c...
compiling LoRaMacClassB.c...
compiling LoRaMacAdr.c...
compiling LoRaMacConfirmQueue.c...
compiling LoRaMacCommands.c...
compiling LoRaMacParser.c...
compiling LoRaMacCrypto.c...
compiling stm32l0xx_ll_utils.c...
..\..\..\src\boards\mcu\stm32\STM32L0xx_HAL_Driver\Src\stm32l0xx_ll_utils.c(43): warning:  #47-D: incompatible redefinition of macro "assert_param" (declared at line 307 of "..\..\..\src\boards\RHF76-052DM\cmsis\stm32l0xx_hal_conf.h")
  #define assert_param(expr) ((void)0U)
..\..\..\src\boards\mcu\stm32\STM32L0xx_HAL_Driver\Src\stm32l0xx_ll_utils.c: 1 warning, 0 errors
compiling aes.c...
compiling LoRaMacSerializer.c...
compiling cmac.c...
compiling soft-se.c...
compiling Region.c...
compiling RegionAS923.c...
compiling RegionAU915.c...
compiling RegionCN470.c...
compiling RegionCN779.c...
compiling RegionCommon.c...
compiling RegionEU433.c...
compiling RegionEU868.c...
compiling RegionIN865.c...
compiling RegionKR920.c...
compiling RegionRU864.c...
compiling RegionUS915.c...
compiling adc.c...
compiling sx1276.c...
compiling eeprom.c...
compiling delay.c...
compiling fifo.c...
compiling gpio.c...
compiling i2c.c...
compiling nvmm.c...
compiling systime.c...
compiling timer.c...
compiling uart.c...
linking...
Program Size: Code=63484 RO-data=2320 RW-data=388 ZI-data=9044  
FromELF: creating hex file...
".\Objects\lw-demo.axf" - 0 Error(s), 18 Warning(s).

<h2>Collection of Component include folders:</h2>
  D:\workspace\opensource-api\LoRaMac-node\prj\rhf76-052dm\lw-demo\RTE
  C:\Keil_v5\ARM\PACK\Keil\STM32L0xx_DFP\1.6.0\Device\Include

<h2>Collection of Component Files used:</h2>
Build Time Elapsed:  00:01:37
</pre>
</body>
</html>
