<!doctype html public "-//w3c//dtd html 4.0 transitional//en">
<html><head>
<title>Static Call Graph - [.\Objects\lw-demo.axf]</title></head>
<body><HR>
<H1>Static Call Graph for image .\Objects\lw-demo.axf</H1><HR>
<BR><P>#&#060CALLGRAPH&#062# ARM Linker, 5060183: Last Updated: Fri Aug 30 15:21:28 2019
<BR><P>
<H3>Maximum Stack Usage =        888 bytes + Unknown(Cycles, Untraceable Function Pointers)</H3><H3>
Call chain for Maximum Stack Depth:</H3>
main &rArr; LoRaMacProcess &rArr; LoRaMacHandleIrqEvents &rArr; ProcessRadioRxDone &rArr; LoRaMacCryptoUnsecureMessage &rArr; VerifyCmacB0 &rArr; SecureElementVerifyAesCmac &rArr; ComputeCmac &rArr; AES_CMAC_Final &rArr; aes_encrypt &rArr; mix_sub_columns
<P>
<H3>
Mutually Recursive functions
</H3> <LI><a href="#[6]">NMI_Handler</a>&nbsp;&nbsp;&nbsp;&rArr;&nbsp;&nbsp;&nbsp;<a href="#[6]">NMI_Handler</a><BR>
 <LI><a href="#[7]">HardFault_Handler</a>&nbsp;&nbsp;&nbsp;&rArr;&nbsp;&nbsp;&nbsp;<a href="#[7]">HardFault_Handler</a><BR>
 <LI><a href="#[8]">SVC_Handler</a>&nbsp;&nbsp;&nbsp;&rArr;&nbsp;&nbsp;&nbsp;<a href="#[8]">SVC_Handler</a><BR>
 <LI><a href="#[9]">PendSV_Handler</a>&nbsp;&nbsp;&nbsp;&rArr;&nbsp;&nbsp;&nbsp;<a href="#[9]">PendSV_Handler</a><BR>
 <LI><a href="#[17]">ADC1_COMP_IRQHandler</a>&nbsp;&nbsp;&nbsp;&rArr;&nbsp;&nbsp;&nbsp;<a href="#[17]">ADC1_COMP_IRQHandler</a><BR>
</UL>
<P>
<H3>
Function Pointers
</H3><UL>
 <LI><a href="#[17]">ADC1_COMP_IRQHandler</a> from startup_stm32l072xx.o(.text) referenced from startup_stm32l072xx.o(RESET)
 <LI><a href="#[44]">BoardGetBatteryLevel</a> from board.o(i.BoardGetBatteryLevel) referenced from main.o(i.main)
 <LI><a href="#[14]">DMA1_Channel1_IRQHandler</a> from startup_stm32l072xx.o(.text) referenced from startup_stm32l072xx.o(RESET)
 <LI><a href="#[15]">DMA1_Channel2_3_IRQHandler</a> from startup_stm32l072xx.o(.text) referenced from startup_stm32l072xx.o(RESET)
 <LI><a href="#[16]">DMA1_Channel4_5_6_7_IRQHandler</a> from startup_stm32l072xx.o(.text) referenced from startup_stm32l072xx.o(RESET)
 <LI><a href="#[2e]">DummyCB</a> from loramaccrypto.o(i.DummyCB) referenced from loramaccrypto.o(i.LoRaMacCryptoInit)
 <LI><a href="#[3e]">DummyCB</a> from soft-se.o(i.DummyCB) referenced from soft-se.o(i.SecureElementInit)
 <LI><a href="#[10]">EXTI0_1_IRQHandler</a> from gpio-board.o(i.EXTI0_1_IRQHandler) referenced from startup_stm32l072xx.o(RESET)
 <LI><a href="#[11]">EXTI2_3_IRQHandler</a> from gpio-board.o(i.EXTI2_3_IRQHandler) referenced from startup_stm32l072xx.o(RESET)
 <LI><a href="#[12]">EXTI4_15_IRQHandler</a> from gpio-board.o(i.EXTI4_15_IRQHandler) referenced from startup_stm32l072xx.o(RESET)
 <LI><a href="#[3c]">EventClassBNvmCtxChanged</a> from loramac.o(i.EventClassBNvmCtxChanged) referenced from loramac.o(i.LoRaMacInitialization)
 <LI><a href="#[3b]">EventCommandsNvmCtxChanged</a> from loramac.o(i.EventCommandsNvmCtxChanged) referenced from loramac.o(i.LoRaMacInitialization)
 <LI><a href="#[2f]">EventConfirmQueueNvmCtxChanged</a> from loramac.o(i.EventConfirmQueueNvmCtxChanged) referenced from loramac.o(i.LoRaMacInitialization)
 <LI><a href="#[3a]">EventCryptoNvmCtxChanged</a> from loramac.o(i.EventCryptoNvmCtxChanged) referenced from loramac.o(i.LoRaMacInitialization)
 <LI><a href="#[39]">EventSecureElementNvmCtxChanged</a> from loramac.o(i.EventSecureElementNvmCtxChanged) referenced from loramac.o(i.LoRaMacInitialization)
 <LI><a href="#[e]">FLASH_IRQHandler</a> from startup_stm32l072xx.o(.text) referenced from startup_stm32l072xx.o(RESET)
 <LI><a href="#[7]">HardFault_Handler</a> from startup_stm32l072xx.o(.text) referenced from startup_stm32l072xx.o(RESET)
 <LI><a href="#[21]">I2C1_IRQHandler</a> from startup_stm32l072xx.o(.text) referenced from startup_stm32l072xx.o(RESET)
 <LI><a href="#[22]">I2C2_IRQHandler</a> from startup_stm32l072xx.o(.text) referenced from startup_stm32l072xx.o(RESET)
 <LI><a href="#[1f]">I2C3_IRQHandler</a> from startup_stm32l072xx.o(.text) referenced from startup_stm32l072xx.o(RESET)
 <LI><a href="#[18]">LPTIM1_IRQHandler</a> from startup_stm32l072xx.o(.text) referenced from startup_stm32l072xx.o(RESET)
 <LI><a href="#[40]">McpsConfirm</a> from main.o(i.McpsConfirm) referenced from main.o(i.main)
 <LI><a href="#[41]">McpsIndication</a> from main.o(i.McpsIndication) referenced from main.o(i.main)
 <LI><a href="#[42]">MlmeConfirm</a> from main.o(i.MlmeConfirm) referenced from main.o(i.main)
 <LI><a href="#[43]">MlmeIndication</a> from main.o(i.MlmeIndication) referenced from main.o(i.main)
 <LI><a href="#[6]">NMI_Handler</a> from startup_stm32l072xx.o(.text) referenced from startup_stm32l072xx.o(RESET)
 <LI><a href="#[45]">NvmCtxMgmtEvent</a> from nvmctxmgmt.o(i.NvmCtxMgmtEvent) referenced from main.o(i.main)
 <LI><a href="#[33]">OnAckTimeoutTimerEvent</a> from loramac.o(i.OnAckTimeoutTimerEvent) referenced from loramac.o(i.LoRaMacInitialization)
 <LI><a href="#[2c]">OnCalibrateSystemWakeupTimeTimerEvent</a> from board.o(i.OnCalibrateSystemWakeupTimeTimerEvent) referenced from board.o(i.CalibrateSystemWakeupTime)
 <LI><a href="#[48]">OnLed1TimerEvent</a> from main.o(i.OnLed1TimerEvent) referenced from main.o(i.main)
 <LI><a href="#[49]">OnLed3TimerEvent</a> from main.o(i.OnLed3TimerEvent) referenced from main.o(i.main)
 <LI><a href="#[46]">OnMacProcessNotify</a> from main.o(i.OnMacProcessNotify) referenced from main.o(i.main)
 <LI><a href="#[35]">OnRadioRxDone</a> from loramac.o(i.OnRadioRxDone) referenced from loramac.o(i.LoRaMacInitialization)
 <LI><a href="#[36]">OnRadioRxError</a> from loramac.o(i.OnRadioRxError) referenced from loramac.o(i.LoRaMacInitialization)
 <LI><a href="#[38]">OnRadioRxTimeout</a> from loramac.o(i.OnRadioRxTimeout) referenced from loramac.o(i.LoRaMacInitialization)
 <LI><a href="#[34]">OnRadioTxDone</a> from loramac.o(i.OnRadioTxDone) referenced from loramac.o(i.LoRaMacInitialization)
 <LI><a href="#[37]">OnRadioTxTimeout</a> from loramac.o(i.OnRadioTxTimeout) referenced from loramac.o(i.LoRaMacInitialization)
 <LI><a href="#[31]">OnRxWindow1TimerEvent</a> from loramac.o(i.OnRxWindow1TimerEvent) referenced from loramac.o(i.LoRaMacInitialization)
 <LI><a href="#[32]">OnRxWindow2TimerEvent</a> from loramac.o(i.OnRxWindow2TimerEvent) referenced from loramac.o(i.LoRaMacInitialization)
 <LI><a href="#[30]">OnTxDelayedTimerEvent</a> from loramac.o(i.OnTxDelayedTimerEvent) referenced from loramac.o(i.LoRaMacInitialization)
 <LI><a href="#[47]">OnTxNextPacketTimerEvent</a> from main.o(i.OnTxNextPacketTimerEvent) referenced from main.o(i.main)
 <LI><a href="#[c]">PVD_IRQHandler</a> from startup_stm32l072xx.o(.text) referenced from startup_stm32l072xx.o(RESET)
 <LI><a href="#[9]">PendSV_Handler</a> from startup_stm32l072xx.o(.text) referenced from startup_stm32l072xx.o(RESET)
 <LI><a href="#[f]">RCC_CRS_IRQHandler</a> from startup_stm32l072xx.o(.text) referenced from startup_stm32l072xx.o(RESET)
 <LI><a href="#[27]">RNG_LPUART1_IRQHandler</a> from startup_stm32l072xx.o(.text) referenced from startup_stm32l072xx.o(RESET)
 <LI><a href="#[d]">RTC_IRQHandler</a> from rtc-board.o(i.RTC_IRQHandler) referenced from startup_stm32l072xx.o(RESET)
 <LI><a href="#[5]">Reset_Handler</a> from startup_stm32l072xx.o(.text) referenced from startup_stm32l072xx.o(RESET)
 <LI><a href="#[23]">SPI1_IRQHandler</a> from startup_stm32l072xx.o(.text) referenced from startup_stm32l072xx.o(RESET)
 <LI><a href="#[24]">SPI2_IRQHandler</a> from startup_stm32l072xx.o(.text) referenced from startup_stm32l072xx.o(RESET)
 <LI><a href="#[8]">SVC_Handler</a> from startup_stm32l072xx.o(.text) referenced from startup_stm32l072xx.o(RESET)
 <LI><a href="#[52]">SX1276CheckRfFrequency</a> from sx1276-board.o(i.SX1276CheckRfFrequency) referenced from sx1276-board.o(.constdata)
 <LI><a href="#[4b]">SX1276GetStatus</a> from sx1276.o(i.SX1276GetStatus) referenced from sx1276-board.o(.constdata)
 <LI><a href="#[53]">SX1276GetTimeOnAir</a> from sx1276.o(i.SX1276GetTimeOnAir) referenced from sx1276-board.o(.constdata)
 <LI><a href="#[61]">SX1276GetWakeupTime</a> from sx1276.o(i.SX1276GetWakeupTime) referenced from sx1276-board.o(.constdata)
 <LI><a href="#[4a]">SX1276Init</a> from sx1276.o(i.SX1276Init) referenced from sx1276-board.o(.constdata)
 <LI><a href="#[4e]">SX1276IsChannelFree</a> from sx1276.o(i.SX1276IsChannelFree) referenced from sx1276-board.o(.constdata)
 <LI><a href="#[0]">SX1276OnDio0Irq</a> from sx1276.o(i.SX1276OnDio0Irq) referenced 2 times from sx1276.o(.data)
 <LI><a href="#[1]">SX1276OnDio1Irq</a> from sx1276.o(i.SX1276OnDio1Irq) referenced 2 times from sx1276.o(.data)
 <LI><a href="#[2]">SX1276OnDio2Irq</a> from sx1276.o(i.SX1276OnDio2Irq) referenced 2 times from sx1276.o(.data)
 <LI><a href="#[3]">SX1276OnDio3Irq</a> from sx1276.o(i.SX1276OnDio3Irq) referenced 2 times from sx1276.o(.data)
 <LI><a href="#[4]">SX1276OnDio4Irq</a> from sx1276.o(i.SX1276OnDio4Irq) referenced 2 times from sx1276.o(.data)
 <LI><a href="#[3d]">SX1276OnTimeoutIrq</a> from sx1276.o(i.SX1276OnTimeoutIrq) referenced from sx1276.o(i.SX1276Init)
 <LI><a href="#[4f]">SX1276Random</a> from sx1276.o(i.SX1276Random) referenced from sx1276-board.o(.constdata)
 <LI><a href="#[5c]">SX1276Read</a> from sx1276.o(i.SX1276Read) referenced from sx1276-board.o(.constdata)
 <LI><a href="#[5e]">SX1276ReadBuffer</a> from sx1276.o(i.SX1276ReadBuffer) referenced from sx1276-board.o(.constdata)
 <LI><a href="#[5a]">SX1276ReadRssi</a> from sx1276.o(i.SX1276ReadRssi) referenced from sx1276-board.o(.constdata)
 <LI><a href="#[54]">SX1276Send</a> from sx1276.o(i.SX1276Send) referenced from sx1276-board.o(.constdata)
 <LI><a href="#[4d]">SX1276SetChannel</a> from sx1276.o(i.SX1276SetChannel) referenced from sx1276-board.o(.constdata)
 <LI><a href="#[5f]">SX1276SetMaxPayloadLength</a> from sx1276.o(i.SX1276SetMaxPayloadLength) referenced from sx1276-board.o(.constdata)
 <LI><a href="#[4c]">SX1276SetModem</a> from sx1276.o(i.SX1276SetModem) referenced from sx1276-board.o(.constdata)
 <LI><a href="#[60]">SX1276SetPublicNetwork</a> from sx1276.o(i.SX1276SetPublicNetwork) referenced from sx1276-board.o(.constdata)
 <LI><a href="#[57]">SX1276SetRx</a> from sx1276.o(i.SX1276SetRx) referenced from sx1276-board.o(.constdata)
 <LI><a href="#[50]">SX1276SetRxConfig</a> from sx1276.o(i.SX1276SetRxConfig) referenced from sx1276-board.o(.constdata)
 <LI><a href="#[55]">SX1276SetSleep</a> from sx1276.o(i.SX1276SetSleep) referenced from sx1276-board.o(.constdata)
 <LI><a href="#[56]">SX1276SetStby</a> from sx1276.o(i.SX1276SetStby) referenced from sx1276-board.o(.constdata)
 <LI><a href="#[51]">SX1276SetTxConfig</a> from sx1276.o(i.SX1276SetTxConfig) referenced from sx1276-board.o(.constdata)
 <LI><a href="#[59]">SX1276SetTxContinuousWave</a> from sx1276.o(i.SX1276SetTxContinuousWave) referenced from sx1276-board.o(.constdata)
 <LI><a href="#[58]">SX1276StartCad</a> from sx1276.o(i.SX1276StartCad) referenced from sx1276-board.o(.constdata)
 <LI><a href="#[5b]">SX1276Write</a> from sx1276.o(i.SX1276Write) referenced from sx1276-board.o(.constdata)
 <LI><a href="#[5d]">SX1276WriteBuffer</a> from sx1276.o(i.SX1276WriteBuffer) referenced from sx1276-board.o(.constdata)
 <LI><a href="#[a]">SysTick_Handler</a> from board.o(i.SysTick_Handler) referenced from startup_stm32l072xx.o(RESET)
 <LI><a href="#[2a]">SystemInit</a> from system_stm32l0xx.o(i.SystemInit) referenced from startup_stm32l072xx.o(.text)
 <LI><a href="#[1e]">TIM21_IRQHandler</a> from startup_stm32l072xx.o(.text) referenced from startup_stm32l072xx.o(RESET)
 <LI><a href="#[20]">TIM22_IRQHandler</a> from startup_stm32l072xx.o(.text) referenced from startup_stm32l072xx.o(RESET)
 <LI><a href="#[1a]">TIM2_IRQHandler</a> from startup_stm32l072xx.o(.text) referenced from startup_stm32l072xx.o(RESET)
 <LI><a href="#[1b]">TIM3_IRQHandler</a> from startup_stm32l072xx.o(.text) referenced from startup_stm32l072xx.o(RESET)
 <LI><a href="#[1c]">TIM6_DAC_IRQHandler</a> from startup_stm32l072xx.o(.text) referenced from startup_stm32l072xx.o(RESET)
 <LI><a href="#[1d]">TIM7_IRQHandler</a> from startup_stm32l072xx.o(.text) referenced from startup_stm32l072xx.o(RESET)
 <LI><a href="#[13]">TSC_IRQHandler</a> from startup_stm32l072xx.o(.text) referenced from startup_stm32l072xx.o(RESET)
 <LI><a href="#[2d]">UART_DMAAbortOnError</a> from stm32l0xx_hal_uart.o(i.UART_DMAAbortOnError) referenced from stm32l0xx_hal_uart.o(i.HAL_UART_IRQHandler)
 <LI><a href="#[25]">USART1_IRQHandler</a> from uart-board.o(i.USART1_IRQHandler) referenced from startup_stm32l072xx.o(RESET)
 <LI><a href="#[26]">USART2_IRQHandler</a> from startup_stm32l072xx.o(.text) referenced from startup_stm32l072xx.o(RESET)
 <LI><a href="#[19]">USART4_5_IRQHandler</a> from startup_stm32l072xx.o(.text) referenced from startup_stm32l072xx.o(RESET)
 <LI><a href="#[28]">USB_IRQHandler</a> from startup_stm32l072xx.o(.text) referenced from startup_stm32l072xx.o(RESET)
 <LI><a href="#[b]">WWDG_IRQHandler</a> from startup_stm32l072xx.o(.text) referenced from startup_stm32l072xx.o(RESET)
 <LI><a href="#[2b]">__main</a> from entry.o(.ARM.Collect$$$$00000000) referenced from startup_stm32l072xx.o(.text)
 <LI><a href="#[3f]">fputc</a> from board.o(i.fputc) referenced from printf8.o(i.__0printf$8)
 <LI><a href="#[29]">main</a> from main.o(i.main) referenced from entry9a.o(.ARM.Collect$$$$0000000B)
</UL>
<P>
<H3>
Global Symbols
</H3>
<P><STRONG><a name="[2b]"></a>__main</STRONG> (Thumb, 0 bytes, Stack size unknown bytes, entry.o(.ARM.Collect$$$$00000000))
<BR>[Address Reference Count : 1]<UL><LI> startup_stm32l072xx.o(.text)
</UL>
<P><STRONG><a name="[235]"></a>_main_stk</STRONG> (Thumb, 0 bytes, Stack size unknown bytes, entry2.o(.ARM.Collect$$$$00000001))

<P><STRONG><a name="[62]"></a>_main_scatterload</STRONG> (Thumb, 0 bytes, Stack size unknown bytes, entry5.o(.ARM.Collect$$$$00000004))
<BR><BR>[Calls]<UL><LI><a href="#[63]">&gt;&gt;</a>&nbsp;&nbsp;&nbsp;__scatterload
</UL>

<P><STRONG><a name="[80]"></a>__main_after_scatterload</STRONG> (Thumb, 0 bytes, Stack size unknown bytes, entry5.o(.ARM.Collect$$$$00000004))
<BR><BR>[Called By]<UL><LI><a href="#[63]">&gt;&gt;</a>&nbsp;&nbsp;&nbsp;__scatterload
</UL>

<P><STRONG><a name="[236]"></a>_main_clock</STRONG> (Thumb, 0 bytes, Stack size unknown bytes, entry7b.o(.ARM.Collect$$$$00000008))

<P><STRONG><a name="[237]"></a>_main_cpp_init</STRONG> (Thumb, 0 bytes, Stack size unknown bytes, entry8b.o(.ARM.Collect$$$$0000000A))

<P><STRONG><a name="[238]"></a>_main_init</STRONG> (Thumb, 0 bytes, Stack size unknown bytes, entry9a.o(.ARM.Collect$$$$0000000B))

<P><STRONG><a name="[239]"></a>__rt_final_cpp</STRONG> (Thumb, 0 bytes, Stack size unknown bytes, entry10a.o(.ARM.Collect$$$$0000000D))

<P><STRONG><a name="[23a]"></a>__rt_final_exit</STRONG> (Thumb, 0 bytes, Stack size unknown bytes, entry11a.o(.ARM.Collect$$$$0000000F))

<P><STRONG><a name="[5]"></a>Reset_Handler</STRONG> (Thumb, 8 bytes, Stack size 0 bytes, startup_stm32l072xx.o(.text))
<BR>[Address Reference Count : 1]<UL><LI> startup_stm32l072xx.o(RESET)
</UL>
<P><STRONG><a name="[6]"></a>NMI_Handler</STRONG> (Thumb, 2 bytes, Stack size 0 bytes, startup_stm32l072xx.o(.text))
<BR><BR>[Calls]<UL><LI><a href="#[6]">&gt;&gt;</a>&nbsp;&nbsp;&nbsp;NMI_Handler
</UL>
<BR>[Called By]<UL><LI><a href="#[6]">&gt;&gt;</a>&nbsp;&nbsp;&nbsp;NMI_Handler
</UL>
<BR>[Address Reference Count : 1]<UL><LI> startup_stm32l072xx.o(RESET)
</UL>
<P><STRONG><a name="[7]"></a>HardFault_Handler</STRONG> (Thumb, 2 bytes, Stack size 0 bytes, startup_stm32l072xx.o(.text))
<BR><BR>[Calls]<UL><LI><a href="#[7]">&gt;&gt;</a>&nbsp;&nbsp;&nbsp;HardFault_Handler
</UL>
<BR>[Called By]<UL><LI><a href="#[7]">&gt;&gt;</a>&nbsp;&nbsp;&nbsp;HardFault_Handler
</UL>
<BR>[Address Reference Count : 1]<UL><LI> startup_stm32l072xx.o(RESET)
</UL>
<P><STRONG><a name="[8]"></a>SVC_Handler</STRONG> (Thumb, 2 bytes, Stack size 0 bytes, startup_stm32l072xx.o(.text))
<BR><BR>[Calls]<UL><LI><a href="#[8]">&gt;&gt;</a>&nbsp;&nbsp;&nbsp;SVC_Handler
</UL>
<BR>[Called By]<UL><LI><a href="#[8]">&gt;&gt;</a>&nbsp;&nbsp;&nbsp;SVC_Handler
</UL>
<BR>[Address Reference Count : 1]<UL><LI> startup_stm32l072xx.o(RESET)
</UL>
<P><STRONG><a name="[9]"></a>PendSV_Handler</STRONG> (Thumb, 2 bytes, Stack size 0 bytes, startup_stm32l072xx.o(.text))
<BR><BR>[Calls]<UL><LI><a href="#[9]">&gt;&gt;</a>&nbsp;&nbsp;&nbsp;PendSV_Handler
</UL>
<BR>[Called By]<UL><LI><a href="#[9]">&gt;&gt;</a>&nbsp;&nbsp;&nbsp;PendSV_Handler
</UL>
<BR>[Address Reference Count : 1]<UL><LI> startup_stm32l072xx.o(RESET)
</UL>
<P><STRONG><a name="[17]"></a>ADC1_COMP_IRQHandler</STRONG> (Thumb, 0 bytes, Stack size 0 bytes, startup_stm32l072xx.o(.text))
<BR><BR>[Calls]<UL><LI><a href="#[17]">&gt;&gt;</a>&nbsp;&nbsp;&nbsp;ADC1_COMP_IRQHandler
</UL>
<BR>[Called By]<UL><LI><a href="#[17]">&gt;&gt;</a>&nbsp;&nbsp;&nbsp;ADC1_COMP_IRQHandler
</UL>
<BR>[Address Reference Count : 1]<UL><LI> startup_stm32l072xx.o(RESET)
</UL>
<P><STRONG><a name="[14]"></a>DMA1_Channel1_IRQHandler</STRONG> (Thumb, 0 bytes, Stack size 0 bytes, startup_stm32l072xx.o(.text))
<BR>[Address Reference Count : 1]<UL><LI> startup_stm32l072xx.o(RESET)
</UL>
<P><STRONG><a name="[15]"></a>DMA1_Channel2_3_IRQHandler</STRONG> (Thumb, 0 bytes, Stack size 0 bytes, startup_stm32l072xx.o(.text))
<BR>[Address Reference Count : 1]<UL><LI> startup_stm32l072xx.o(RESET)
</UL>
<P><STRONG><a name="[16]"></a>DMA1_Channel4_5_6_7_IRQHandler</STRONG> (Thumb, 0 bytes, Stack size 0 bytes, startup_stm32l072xx.o(.text))
<BR>[Address Reference Count : 1]<UL><LI> startup_stm32l072xx.o(RESET)
</UL>
<P><STRONG><a name="[e]"></a>FLASH_IRQHandler</STRONG> (Thumb, 0 bytes, Stack size 0 bytes, startup_stm32l072xx.o(.text))
<BR>[Address Reference Count : 1]<UL><LI> startup_stm32l072xx.o(RESET)
</UL>
<P><STRONG><a name="[21]"></a>I2C1_IRQHandler</STRONG> (Thumb, 0 bytes, Stack size 0 bytes, startup_stm32l072xx.o(.text))
<BR>[Address Reference Count : 1]<UL><LI> startup_stm32l072xx.o(RESET)
</UL>
<P><STRONG><a name="[22]"></a>I2C2_IRQHandler</STRONG> (Thumb, 0 bytes, Stack size 0 bytes, startup_stm32l072xx.o(.text))
<BR>[Address Reference Count : 1]<UL><LI> startup_stm32l072xx.o(RESET)
</UL>
<P><STRONG><a name="[1f]"></a>I2C3_IRQHandler</STRONG> (Thumb, 0 bytes, Stack size 0 bytes, startup_stm32l072xx.o(.text))
<BR>[Address Reference Count : 1]<UL><LI> startup_stm32l072xx.o(RESET)
</UL>
<P><STRONG><a name="[18]"></a>LPTIM1_IRQHandler</STRONG> (Thumb, 0 bytes, Stack size 0 bytes, startup_stm32l072xx.o(.text))
<BR>[Address Reference Count : 1]<UL><LI> startup_stm32l072xx.o(RESET)
</UL>
<P><STRONG><a name="[c]"></a>PVD_IRQHandler</STRONG> (Thumb, 0 bytes, Stack size 0 bytes, startup_stm32l072xx.o(.text))
<BR>[Address Reference Count : 1]<UL><LI> startup_stm32l072xx.o(RESET)
</UL>
<P><STRONG><a name="[f]"></a>RCC_CRS_IRQHandler</STRONG> (Thumb, 0 bytes, Stack size 0 bytes, startup_stm32l072xx.o(.text))
<BR>[Address Reference Count : 1]<UL><LI> startup_stm32l072xx.o(RESET)
</UL>
<P><STRONG><a name="[27]"></a>RNG_LPUART1_IRQHandler</STRONG> (Thumb, 0 bytes, Stack size 0 bytes, startup_stm32l072xx.o(.text))
<BR>[Address Reference Count : 1]<UL><LI> startup_stm32l072xx.o(RESET)
</UL>
<P><STRONG><a name="[23]"></a>SPI1_IRQHandler</STRONG> (Thumb, 0 bytes, Stack size 0 bytes, startup_stm32l072xx.o(.text))
<BR>[Address Reference Count : 1]<UL><LI> startup_stm32l072xx.o(RESET)
</UL>
<P><STRONG><a name="[24]"></a>SPI2_IRQHandler</STRONG> (Thumb, 0 bytes, Stack size 0 bytes, startup_stm32l072xx.o(.text))
<BR>[Address Reference Count : 1]<UL><LI> startup_stm32l072xx.o(RESET)
</UL>
<P><STRONG><a name="[1e]"></a>TIM21_IRQHandler</STRONG> (Thumb, 0 bytes, Stack size 0 bytes, startup_stm32l072xx.o(.text))
<BR>[Address Reference Count : 1]<UL><LI> startup_stm32l072xx.o(RESET)
</UL>
<P><STRONG><a name="[20]"></a>TIM22_IRQHandler</STRONG> (Thumb, 0 bytes, Stack size 0 bytes, startup_stm32l072xx.o(.text))
<BR>[Address Reference Count : 1]<UL><LI> startup_stm32l072xx.o(RESET)
</UL>
<P><STRONG><a name="[1a]"></a>TIM2_IRQHandler</STRONG> (Thumb, 0 bytes, Stack size 0 bytes, startup_stm32l072xx.o(.text))
<BR>[Address Reference Count : 1]<UL><LI> startup_stm32l072xx.o(RESET)
</UL>
<P><STRONG><a name="[1b]"></a>TIM3_IRQHandler</STRONG> (Thumb, 0 bytes, Stack size 0 bytes, startup_stm32l072xx.o(.text))
<BR>[Address Reference Count : 1]<UL><LI> startup_stm32l072xx.o(RESET)
</UL>
<P><STRONG><a name="[1c]"></a>TIM6_DAC_IRQHandler</STRONG> (Thumb, 0 bytes, Stack size 0 bytes, startup_stm32l072xx.o(.text))
<BR>[Address Reference Count : 1]<UL><LI> startup_stm32l072xx.o(RESET)
</UL>
<P><STRONG><a name="[1d]"></a>TIM7_IRQHandler</STRONG> (Thumb, 0 bytes, Stack size 0 bytes, startup_stm32l072xx.o(.text))
<BR>[Address Reference Count : 1]<UL><LI> startup_stm32l072xx.o(RESET)
</UL>
<P><STRONG><a name="[13]"></a>TSC_IRQHandler</STRONG> (Thumb, 0 bytes, Stack size 0 bytes, startup_stm32l072xx.o(.text))
<BR>[Address Reference Count : 1]<UL><LI> startup_stm32l072xx.o(RESET)
</UL>
<P><STRONG><a name="[26]"></a>USART2_IRQHandler</STRONG> (Thumb, 0 bytes, Stack size 0 bytes, startup_stm32l072xx.o(.text))
<BR>[Address Reference Count : 1]<UL><LI> startup_stm32l072xx.o(RESET)
</UL>
<P><STRONG><a name="[19]"></a>USART4_5_IRQHandler</STRONG> (Thumb, 0 bytes, Stack size 0 bytes, startup_stm32l072xx.o(.text))
<BR>[Address Reference Count : 1]<UL><LI> startup_stm32l072xx.o(RESET)
</UL>
<P><STRONG><a name="[28]"></a>USB_IRQHandler</STRONG> (Thumb, 0 bytes, Stack size 0 bytes, startup_stm32l072xx.o(.text))
<BR>[Address Reference Count : 1]<UL><LI> startup_stm32l072xx.o(RESET)
</UL>
<P><STRONG><a name="[b]"></a>WWDG_IRQHandler</STRONG> (Thumb, 0 bytes, Stack size 0 bytes, startup_stm32l072xx.o(.text))
<BR>[Address Reference Count : 1]<UL><LI> startup_stm32l072xx.o(RESET)
</UL>
<P><STRONG><a name="[23b]"></a>__aeabi_uidiv</STRONG> (Thumb, 0 bytes, Stack size 12 bytes, uidiv.o(.text), UNUSED)

<P><STRONG><a name="[65]"></a>__aeabi_uidivmod</STRONG> (Thumb, 44 bytes, Stack size 12 bytes, uidiv.o(.text))
<BR><BR>[Stack]<UL><LI>Max Depth = 12<LI>Call Chain = __aeabi_uidivmod
</UL>
<BR>[Called By]<UL><LI><a href="#[93]">&gt;&gt;</a>&nbsp;&nbsp;&nbsp;SystemClockConfig
<LI><a href="#[233]">&gt;&gt;</a>&nbsp;&nbsp;&nbsp;rand1
<LI><a href="#[db]">&gt;&gt;</a>&nbsp;&nbsp;&nbsp;HAL_InitTick
<LI><a href="#[df]">&gt;&gt;</a>&nbsp;&nbsp;&nbsp;HAL_RCCEx_GetPeriphCLKFreq
<LI><a href="#[e1]">&gt;&gt;</a>&nbsp;&nbsp;&nbsp;HAL_RCC_GetSysClockFreq
<LI><a href="#[109]">&gt;&gt;</a>&nbsp;&nbsp;&nbsp;UART_SetConfig
<LI><a href="#[a5]">&gt;&gt;</a>&nbsp;&nbsp;&nbsp;CalcNextV10X
<LI><a href="#[1ce]">&gt;&gt;</a>&nbsp;&nbsp;&nbsp;VerifyRfFreq
<LI><a href="#[64]">&gt;&gt;</a>&nbsp;&nbsp;&nbsp;__aeabi_idivmod
</UL>

<P><STRONG><a name="[23c]"></a>__aeabi_idiv</STRONG> (Thumb, 0 bytes, Stack size 16 bytes, idiv.o(.text), UNUSED)

<P><STRONG><a name="[64]"></a>__aeabi_idivmod</STRONG> (Thumb, 40 bytes, Stack size 16 bytes, idiv.o(.text))
<BR><BR>[Stack]<UL><LI>Max Depth = 28<LI>Call Chain = __aeabi_idivmod &rArr; __aeabi_uidivmod
</UL>
<BR>[Calls]<UL><LI><a href="#[65]">&gt;&gt;</a>&nbsp;&nbsp;&nbsp;__aeabi_uidivmod
</UL>
<BR>[Called By]<UL><LI><a href="#[1c2]">&gt;&gt;</a>&nbsp;&nbsp;&nbsp;randr
<LI><a href="#[1f3]">&gt;&gt;</a>&nbsp;&nbsp;&nbsp;RtcStartAlarm
<LI><a href="#[1a2]">&gt;&gt;</a>&nbsp;&nbsp;&nbsp;ProcessMacCommands
<LI><a href="#[1cc]">&gt;&gt;</a>&nbsp;&nbsp;&nbsp;RegionCN470RxConfig
<LI><a href="#[87]">&gt;&gt;</a>&nbsp;&nbsp;&nbsp;aes_set_key
<LI><a href="#[c0]">&gt;&gt;</a>&nbsp;&nbsp;&nbsp;FifoNext
</UL>

<P><STRONG><a name="[66]"></a>__aeabi_uldivmod</STRONG> (Thumb, 96 bytes, Stack size 48 bytes, uldiv.o(.text))
<BR><BR>[Stack]<UL><LI>Max Depth = 56<LI>Call Chain = __aeabi_uldivmod &rArr; __aeabi_llsr
</UL>
<BR>[Calls]<UL><LI><a href="#[67]">&gt;&gt;</a>&nbsp;&nbsp;&nbsp;__aeabi_llsr
<LI><a href="#[68]">&gt;&gt;</a>&nbsp;&nbsp;&nbsp;__aeabi_llsl
</UL>
<BR>[Called By]<UL><LI><a href="#[1f0]">&gt;&gt;</a>&nbsp;&nbsp;&nbsp;RtcMs2Tick
<LI><a href="#[109]">&gt;&gt;</a>&nbsp;&nbsp;&nbsp;UART_SetConfig
<LI><a href="#[222]">&gt;&gt;</a>&nbsp;&nbsp;&nbsp;_printf_core
</UL>

<P><STRONG><a name="[23d]"></a>__aeabi_memcpy</STRONG> (Thumb, 36 bytes, Stack size 0 bytes, memcpya.o(.text), UNUSED)

<P><STRONG><a name="[198]"></a>__aeabi_memcpy4</STRONG> (Thumb, 0 bytes, Stack size 0 bytes, memcpya.o(.text))
<BR><BR>[Called By]<UL><LI><a href="#[41]">&gt;&gt;</a>&nbsp;&nbsp;&nbsp;McpsIndication
<LI><a href="#[1f3]">&gt;&gt;</a>&nbsp;&nbsp;&nbsp;RtcStartAlarm
<LI><a href="#[172]">&gt;&gt;</a>&nbsp;&nbsp;&nbsp;SwitchClass
</UL>

<P><STRONG><a name="[23e]"></a>__aeabi_memcpy8</STRONG> (Thumb, 0 bytes, Stack size 0 bytes, memcpya.o(.text), UNUSED)

<P><STRONG><a name="[6a]"></a>__aeabi_memset</STRONG> (Thumb, 14 bytes, Stack size 0 bytes, memseta.o(.text), UNUSED)
<BR><BR>[Called By]<UL><LI><a href="#[6b]">&gt;&gt;</a>&nbsp;&nbsp;&nbsp;_memset$wrapper
<LI><a href="#[69]">&gt;&gt;</a>&nbsp;&nbsp;&nbsp;__aeabi_memclr
</UL>

<P><STRONG><a name="[23f]"></a>__aeabi_memset4</STRONG> (Thumb, 0 bytes, Stack size 0 bytes, memseta.o(.text), UNUSED)

<P><STRONG><a name="[240]"></a>__aeabi_memset8</STRONG> (Thumb, 0 bytes, Stack size 0 bytes, memseta.o(.text), UNUSED)

<P><STRONG><a name="[69]"></a>__aeabi_memclr</STRONG> (Thumb, 4 bytes, Stack size 0 bytes, memseta.o(.text), UNUSED)
<BR><BR>[Calls]<UL><LI><a href="#[6a]">&gt;&gt;</a>&nbsp;&nbsp;&nbsp;__aeabi_memset
</UL>

<P><STRONG><a name="[1c8]"></a>__aeabi_memclr4</STRONG> (Thumb, 0 bytes, Stack size 0 bytes, memseta.o(.text))
<BR><BR>[Called By]<UL><LI><a href="#[57]">&gt;&gt;</a>&nbsp;&nbsp;&nbsp;SX1276SetRx
<LI><a href="#[1c7]">&gt;&gt;</a>&nbsp;&nbsp;&nbsp;RegionCN470NextChannel
</UL>

<P><STRONG><a name="[241]"></a>__aeabi_memclr8</STRONG> (Thumb, 0 bytes, Stack size 0 bytes, memseta.o(.text), UNUSED)

<P><STRONG><a name="[6b]"></a>_memset$wrapper</STRONG> (Thumb, 18 bytes, Stack size 8 bytes, memseta.o(.text), UNUSED)
<BR><BR>[Calls]<UL><LI><a href="#[6a]">&gt;&gt;</a>&nbsp;&nbsp;&nbsp;__aeabi_memset
</UL>

<P><STRONG><a name="[6c]"></a>__aeabi_fadd</STRONG> (Thumb, 162 bytes, Stack size 24 bytes, fadd.o(.text))
<BR><BR>[Stack]<UL><LI>Max Depth = 36<LI>Call Chain = __aeabi_fadd &rArr; _float_epilogue
</UL>
<BR>[Calls]<UL><LI><a href="#[6e]">&gt;&gt;</a>&nbsp;&nbsp;&nbsp;_float_round
<LI><a href="#[6d]">&gt;&gt;</a>&nbsp;&nbsp;&nbsp;_float_epilogue
</UL>
<BR>[Called By]<UL><LI><a href="#[6f]">&gt;&gt;</a>&nbsp;&nbsp;&nbsp;__aeabi_fsub
<LI><a href="#[70]">&gt;&gt;</a>&nbsp;&nbsp;&nbsp;__aeabi_frsub
</UL>

<P><STRONG><a name="[6f]"></a>__aeabi_fsub</STRONG> (Thumb, 8 bytes, Stack size 0 bytes, fadd.o(.text))
<BR><BR>[Stack]<UL><LI>Max Depth = 36<LI>Call Chain = __aeabi_fsub &rArr; __aeabi_fadd &rArr; _float_epilogue
</UL>
<BR>[Calls]<UL><LI><a href="#[6c]">&gt;&gt;</a>&nbsp;&nbsp;&nbsp;__aeabi_fadd
</UL>
<BR>[Called By]<UL><LI><a href="#[1d3]">&gt;&gt;</a>&nbsp;&nbsp;&nbsp;RegionCommonComputeTxPower
</UL>

<P><STRONG><a name="[70]"></a>__aeabi_frsub</STRONG> (Thumb, 8 bytes, Stack size 0 bytes, fadd.o(.text))
<BR><BR>[Stack]<UL><LI>Max Depth = 36<LI>Call Chain = __aeabi_frsub &rArr; __aeabi_fadd &rArr; _float_epilogue
</UL>
<BR>[Calls]<UL><LI><a href="#[6c]">&gt;&gt;</a>&nbsp;&nbsp;&nbsp;__aeabi_fadd
</UL>
<BR>[Called By]<UL><LI><a href="#[1d3]">&gt;&gt;</a>&nbsp;&nbsp;&nbsp;RegionCommonComputeTxPower
</UL>

<P><STRONG><a name="[71]"></a>__aeabi_dadd</STRONG> (Thumb, 328 bytes, Stack size 48 bytes, dadd.o(.text))
<BR><BR>[Stack]<UL><LI>Max Depth = 104<LI>Call Chain = __aeabi_dadd &rArr; _double_epilogue &rArr; __aeabi_llsr
</UL>
<BR>[Calls]<UL><LI><a href="#[72]">&gt;&gt;</a>&nbsp;&nbsp;&nbsp;__aeabi_lasr
<LI><a href="#[68]">&gt;&gt;</a>&nbsp;&nbsp;&nbsp;__aeabi_llsl
<LI><a href="#[74]">&gt;&gt;</a>&nbsp;&nbsp;&nbsp;_double_round
<LI><a href="#[73]">&gt;&gt;</a>&nbsp;&nbsp;&nbsp;_double_epilogue
</UL>
<BR>[Called By]<UL><LI><a href="#[53]">&gt;&gt;</a>&nbsp;&nbsp;&nbsp;SX1276GetTimeOnAir
<LI><a href="#[75]">&gt;&gt;</a>&nbsp;&nbsp;&nbsp;__aeabi_dsub
<LI><a href="#[1bf]">&gt;&gt;</a>&nbsp;&nbsp;&nbsp;RegionCommonComputeRxWindowParameters
<LI><a href="#[1f9]">&gt;&gt;</a>&nbsp;&nbsp;&nbsp;round
<LI><a href="#[1da]">&gt;&gt;</a>&nbsp;&nbsp;&nbsp;floor
<LI><a href="#[76]">&gt;&gt;</a>&nbsp;&nbsp;&nbsp;__aeabi_drsub
<LI><a href="#[1d8]">&gt;&gt;</a>&nbsp;&nbsp;&nbsp;ceil
</UL>

<P><STRONG><a name="[75]"></a>__aeabi_dsub</STRONG> (Thumb, 12 bytes, Stack size 8 bytes, dadd.o(.text))
<BR><BR>[Stack]<UL><LI>Max Depth = 112<LI>Call Chain = __aeabi_dsub &rArr; __aeabi_dadd &rArr; _double_epilogue &rArr; __aeabi_llsr
</UL>
<BR>[Calls]<UL><LI><a href="#[71]">&gt;&gt;</a>&nbsp;&nbsp;&nbsp;__aeabi_dadd
</UL>
<BR>[Called By]<UL><LI><a href="#[1bf]">&gt;&gt;</a>&nbsp;&nbsp;&nbsp;RegionCommonComputeRxWindowParameters
<LI><a href="#[1f9]">&gt;&gt;</a>&nbsp;&nbsp;&nbsp;round
</UL>

<P><STRONG><a name="[76]"></a>__aeabi_drsub</STRONG> (Thumb, 12 bytes, Stack size 8 bytes, dadd.o(.text))
<BR><BR>[Stack]<UL><LI>Max Depth = 112<LI>Call Chain = __aeabi_drsub &rArr; __aeabi_dadd &rArr; _double_epilogue &rArr; __aeabi_llsr
</UL>
<BR>[Calls]<UL><LI><a href="#[71]">&gt;&gt;</a>&nbsp;&nbsp;&nbsp;__aeabi_dadd
</UL>
<BR>[Called By]<UL><LI><a href="#[1da]">&gt;&gt;</a>&nbsp;&nbsp;&nbsp;floor
<LI><a href="#[1d8]">&gt;&gt;</a>&nbsp;&nbsp;&nbsp;ceil
</UL>

<P><STRONG><a name="[77]"></a>__aeabi_dmul</STRONG> (Thumb, 202 bytes, Stack size 72 bytes, dmul.o(.text))
<BR><BR>[Stack]<UL><LI>Max Depth = 128<LI>Call Chain = __aeabi_dmul &rArr; _double_epilogue &rArr; __aeabi_llsr
</UL>
<BR>[Calls]<UL><LI><a href="#[73]">&gt;&gt;</a>&nbsp;&nbsp;&nbsp;_double_epilogue
</UL>
<BR>[Called By]<UL><LI><a href="#[50]">&gt;&gt;</a>&nbsp;&nbsp;&nbsp;SX1276SetRxConfig
<LI><a href="#[53]">&gt;&gt;</a>&nbsp;&nbsp;&nbsp;SX1276GetTimeOnAir
<LI><a href="#[1be]">&gt;&gt;</a>&nbsp;&nbsp;&nbsp;RegionCommonComputeSymbolTimeLoRa
<LI><a href="#[1bf]">&gt;&gt;</a>&nbsp;&nbsp;&nbsp;RegionCommonComputeRxWindowParameters
<LI><a href="#[2]">&gt;&gt;</a>&nbsp;&nbsp;&nbsp;SX1276OnDio2Irq
<LI><a href="#[1f6]">&gt;&gt;</a>&nbsp;&nbsp;&nbsp;RxChainCalibration
</UL>

<P><STRONG><a name="[78]"></a>__aeabi_ddiv</STRONG> (Thumb, 234 bytes, Stack size 40 bytes, ddiv.o(.text))
<BR><BR>[Stack]<UL><LI>Max Depth = 48<LI>Call Chain = __aeabi_ddiv &rArr; _double_round
</UL>
<BR>[Calls]<UL><LI><a href="#[74]">&gt;&gt;</a>&nbsp;&nbsp;&nbsp;_double_round
</UL>
<BR>[Called By]<UL><LI><a href="#[51]">&gt;&gt;</a>&nbsp;&nbsp;&nbsp;SX1276SetTxConfig
<LI><a href="#[50]">&gt;&gt;</a>&nbsp;&nbsp;&nbsp;SX1276SetRxConfig
<LI><a href="#[4d]">&gt;&gt;</a>&nbsp;&nbsp;&nbsp;SX1276SetChannel
<LI><a href="#[53]">&gt;&gt;</a>&nbsp;&nbsp;&nbsp;SX1276GetTimeOnAir
<LI><a href="#[1be]">&gt;&gt;</a>&nbsp;&nbsp;&nbsp;RegionCommonComputeSymbolTimeLoRa
<LI><a href="#[1bf]">&gt;&gt;</a>&nbsp;&nbsp;&nbsp;RegionCommonComputeRxWindowParameters
</UL>

<P><STRONG><a name="[79]"></a>__aeabi_ui2f</STRONG> (Thumb, 14 bytes, Stack size 8 bytes, ffltui.o(.text))
<BR><BR>[Stack]<UL><LI>Max Depth = 20<LI>Call Chain = __aeabi_ui2f &rArr; _float_epilogue
</UL>
<BR>[Calls]<UL><LI><a href="#[6d]">&gt;&gt;</a>&nbsp;&nbsp;&nbsp;_float_epilogue
</UL>
<BR>[Called By]<UL><LI><a href="#[1a2]">&gt;&gt;</a>&nbsp;&nbsp;&nbsp;ProcessMacCommands
<LI><a href="#[1d3]">&gt;&gt;</a>&nbsp;&nbsp;&nbsp;RegionCommonComputeTxPower
</UL>

<P><STRONG><a name="[7a]"></a>__aeabi_i2d</STRONG> (Thumb, 34 bytes, Stack size 16 bytes, dflti.o(.text))
<BR><BR>[Stack]<UL><LI>Max Depth = 72<LI>Call Chain = __aeabi_i2d &rArr; _double_epilogue &rArr; __aeabi_llsr
</UL>
<BR>[Calls]<UL><LI><a href="#[73]">&gt;&gt;</a>&nbsp;&nbsp;&nbsp;_double_epilogue
</UL>
<BR>[Called By]<UL><LI><a href="#[53]">&gt;&gt;</a>&nbsp;&nbsp;&nbsp;SX1276GetTimeOnAir
<LI><a href="#[1be]">&gt;&gt;</a>&nbsp;&nbsp;&nbsp;RegionCommonComputeSymbolTimeLoRa
<LI><a href="#[1bf]">&gt;&gt;</a>&nbsp;&nbsp;&nbsp;RegionCommonComputeRxWindowParameters
<LI><a href="#[2]">&gt;&gt;</a>&nbsp;&nbsp;&nbsp;SX1276OnDio2Irq
</UL>

<P><STRONG><a name="[7b]"></a>__aeabi_ui2d</STRONG> (Thumb, 24 bytes, Stack size 16 bytes, dfltui.o(.text))
<BR><BR>[Stack]<UL><LI>Max Depth = 72<LI>Call Chain = __aeabi_ui2d &rArr; _double_epilogue &rArr; __aeabi_llsr
</UL>
<BR>[Calls]<UL><LI><a href="#[73]">&gt;&gt;</a>&nbsp;&nbsp;&nbsp;_double_epilogue
</UL>
<BR>[Called By]<UL><LI><a href="#[51]">&gt;&gt;</a>&nbsp;&nbsp;&nbsp;SX1276SetTxConfig
<LI><a href="#[50]">&gt;&gt;</a>&nbsp;&nbsp;&nbsp;SX1276SetRxConfig
<LI><a href="#[4d]">&gt;&gt;</a>&nbsp;&nbsp;&nbsp;SX1276SetChannel
<LI><a href="#[53]">&gt;&gt;</a>&nbsp;&nbsp;&nbsp;SX1276GetTimeOnAir
<LI><a href="#[1be]">&gt;&gt;</a>&nbsp;&nbsp;&nbsp;RegionCommonComputeSymbolTimeLoRa
<LI><a href="#[1bf]">&gt;&gt;</a>&nbsp;&nbsp;&nbsp;RegionCommonComputeRxWindowParameters
<LI><a href="#[1f6]">&gt;&gt;</a>&nbsp;&nbsp;&nbsp;RxChainCalibration
</UL>

<P><STRONG><a name="[7c]"></a>__aeabi_d2iz</STRONG> (Thumb, 62 bytes, Stack size 16 bytes, dfixi.o(.text))
<BR><BR>[Stack]<UL><LI>Max Depth = 24<LI>Call Chain = __aeabi_d2iz &rArr; __aeabi_llsr
</UL>
<BR>[Calls]<UL><LI><a href="#[67]">&gt;&gt;</a>&nbsp;&nbsp;&nbsp;__aeabi_llsr
</UL>
<BR>[Called By]<UL><LI><a href="#[1d3]">&gt;&gt;</a>&nbsp;&nbsp;&nbsp;RegionCommonComputeTxPower
<LI><a href="#[1bf]">&gt;&gt;</a>&nbsp;&nbsp;&nbsp;RegionCommonComputeRxWindowParameters
<LI><a href="#[2]">&gt;&gt;</a>&nbsp;&nbsp;&nbsp;SX1276OnDio2Irq
</UL>

<P><STRONG><a name="[7d]"></a>__aeabi_d2uiz</STRONG> (Thumb, 50 bytes, Stack size 8 bytes, dfixui.o(.text))
<BR><BR>[Stack]<UL><LI>Max Depth = 16<LI>Call Chain = __aeabi_d2uiz &rArr; __aeabi_llsr
</UL>
<BR>[Calls]<UL><LI><a href="#[67]">&gt;&gt;</a>&nbsp;&nbsp;&nbsp;__aeabi_llsr
</UL>
<BR>[Called By]<UL><LI><a href="#[51]">&gt;&gt;</a>&nbsp;&nbsp;&nbsp;SX1276SetTxConfig
<LI><a href="#[50]">&gt;&gt;</a>&nbsp;&nbsp;&nbsp;SX1276SetRxConfig
<LI><a href="#[4d]">&gt;&gt;</a>&nbsp;&nbsp;&nbsp;SX1276SetChannel
<LI><a href="#[53]">&gt;&gt;</a>&nbsp;&nbsp;&nbsp;SX1276GetTimeOnAir
<LI><a href="#[1bf]">&gt;&gt;</a>&nbsp;&nbsp;&nbsp;RegionCommonComputeRxWindowParameters
<LI><a href="#[1f6]">&gt;&gt;</a>&nbsp;&nbsp;&nbsp;RxChainCalibration
</UL>

<P><STRONG><a name="[1d9]"></a>__aeabi_f2d</STRONG> (Thumb, 40 bytes, Stack size 0 bytes, f2d.o(.text))
<BR><BR>[Called By]<UL><LI><a href="#[1d3]">&gt;&gt;</a>&nbsp;&nbsp;&nbsp;RegionCommonComputeTxPower
</UL>

<P><STRONG><a name="[242]"></a>__aeabi_cdcmpeq</STRONG> (Thumb, 0 bytes, Stack size 0 bytes, cdcmple.o(.text), UNUSED)

<P><STRONG><a name="[234]"></a>__aeabi_cdcmple</STRONG> (Thumb, 38 bytes, Stack size 0 bytes, cdcmple.o(.text))
<BR><BR>[Called By]<UL><LI><a href="#[1f9]">&gt;&gt;</a>&nbsp;&nbsp;&nbsp;round
</UL>

<P><STRONG><a name="[1fa]"></a>__aeabi_cdrcmple</STRONG> (Thumb, 38 bytes, Stack size 0 bytes, cdrcmple.o(.text))
<BR><BR>[Called By]<UL><LI><a href="#[53]">&gt;&gt;</a>&nbsp;&nbsp;&nbsp;SX1276GetTimeOnAir
<LI><a href="#[1f9]">&gt;&gt;</a>&nbsp;&nbsp;&nbsp;round
<LI><a href="#[1da]">&gt;&gt;</a>&nbsp;&nbsp;&nbsp;floor
<LI><a href="#[1d8]">&gt;&gt;</a>&nbsp;&nbsp;&nbsp;ceil
</UL>

<P><STRONG><a name="[68]"></a>__aeabi_llsl</STRONG> (Thumb, 32 bytes, Stack size 8 bytes, llshl.o(.text))
<BR><BR>[Stack]<UL><LI>Max Depth = 8<LI>Call Chain = __aeabi_llsl
</UL>
<BR>[Called By]<UL><LI><a href="#[71]">&gt;&gt;</a>&nbsp;&nbsp;&nbsp;__aeabi_dadd
<LI><a href="#[73]">&gt;&gt;</a>&nbsp;&nbsp;&nbsp;_double_epilogue
<LI><a href="#[66]">&gt;&gt;</a>&nbsp;&nbsp;&nbsp;__aeabi_uldivmod
<LI><a href="#[7f]">&gt;&gt;</a>&nbsp;&nbsp;&nbsp;_drnd
</UL>

<P><STRONG><a name="[243]"></a>_ll_shift_l</STRONG> (Thumb, 0 bytes, Stack size 8 bytes, llshl.o(.text), UNUSED)

<P><STRONG><a name="[67]"></a>__aeabi_llsr</STRONG> (Thumb, 34 bytes, Stack size 8 bytes, llushr.o(.text))
<BR><BR>[Stack]<UL><LI>Max Depth = 8<LI>Call Chain = __aeabi_llsr
</UL>
<BR>[Called By]<UL><LI><a href="#[7d]">&gt;&gt;</a>&nbsp;&nbsp;&nbsp;__aeabi_d2uiz
<LI><a href="#[7c]">&gt;&gt;</a>&nbsp;&nbsp;&nbsp;__aeabi_d2iz
<LI><a href="#[73]">&gt;&gt;</a>&nbsp;&nbsp;&nbsp;_double_epilogue
<LI><a href="#[66]">&gt;&gt;</a>&nbsp;&nbsp;&nbsp;__aeabi_uldivmod
<LI><a href="#[7f]">&gt;&gt;</a>&nbsp;&nbsp;&nbsp;_drnd
</UL>

<P><STRONG><a name="[244]"></a>_ll_ushift_r</STRONG> (Thumb, 0 bytes, Stack size 8 bytes, llushr.o(.text), UNUSED)

<P><STRONG><a name="[72]"></a>__aeabi_lasr</STRONG> (Thumb, 38 bytes, Stack size 8 bytes, llsshr.o(.text))
<BR><BR>[Stack]<UL><LI>Max Depth = 8<LI>Call Chain = __aeabi_lasr
</UL>
<BR>[Called By]<UL><LI><a href="#[71]">&gt;&gt;</a>&nbsp;&nbsp;&nbsp;__aeabi_dadd
</UL>

<P><STRONG><a name="[245]"></a>_ll_sshift_r</STRONG> (Thumb, 0 bytes, Stack size 8 bytes, llsshr.o(.text), UNUSED)

<P><STRONG><a name="[246]"></a>__I$use$fp</STRONG> (Thumb, 0 bytes, Stack size 0 bytes, iusefp.o(.text), UNUSED)

<P><STRONG><a name="[6e]"></a>_float_round</STRONG> (Thumb, 16 bytes, Stack size 0 bytes, fepilogue.o(.text))
<BR><BR>[Called By]<UL><LI><a href="#[6c]">&gt;&gt;</a>&nbsp;&nbsp;&nbsp;__aeabi_fadd
</UL>

<P><STRONG><a name="[6d]"></a>_float_epilogue</STRONG> (Thumb, 114 bytes, Stack size 12 bytes, fepilogue.o(.text))
<BR><BR>[Stack]<UL><LI>Max Depth = 12<LI>Call Chain = _float_epilogue
</UL>
<BR>[Called By]<UL><LI><a href="#[79]">&gt;&gt;</a>&nbsp;&nbsp;&nbsp;__aeabi_ui2f
<LI><a href="#[6c]">&gt;&gt;</a>&nbsp;&nbsp;&nbsp;__aeabi_fadd
</UL>

<P><STRONG><a name="[74]"></a>_double_round</STRONG> (Thumb, 26 bytes, Stack size 8 bytes, depilogue.o(.text))
<BR><BR>[Stack]<UL><LI>Max Depth = 8<LI>Call Chain = _double_round
</UL>
<BR>[Called By]<UL><LI><a href="#[78]">&gt;&gt;</a>&nbsp;&nbsp;&nbsp;__aeabi_ddiv
<LI><a href="#[71]">&gt;&gt;</a>&nbsp;&nbsp;&nbsp;__aeabi_dadd
<LI><a href="#[73]">&gt;&gt;</a>&nbsp;&nbsp;&nbsp;_double_epilogue
<LI><a href="#[7f]">&gt;&gt;</a>&nbsp;&nbsp;&nbsp;_drnd
</UL>

<P><STRONG><a name="[73]"></a>_double_epilogue</STRONG> (Thumb, 164 bytes, Stack size 48 bytes, depilogue.o(.text))
<BR><BR>[Stack]<UL><LI>Max Depth = 56<LI>Call Chain = _double_epilogue &rArr; __aeabi_llsr
</UL>
<BR>[Calls]<UL><LI><a href="#[7e]">&gt;&gt;</a>&nbsp;&nbsp;&nbsp;__ARM_clz
<LI><a href="#[67]">&gt;&gt;</a>&nbsp;&nbsp;&nbsp;__aeabi_llsr
<LI><a href="#[68]">&gt;&gt;</a>&nbsp;&nbsp;&nbsp;__aeabi_llsl
<LI><a href="#[74]">&gt;&gt;</a>&nbsp;&nbsp;&nbsp;_double_round
</UL>
<BR>[Called By]<UL><LI><a href="#[7b]">&gt;&gt;</a>&nbsp;&nbsp;&nbsp;__aeabi_ui2d
<LI><a href="#[7a]">&gt;&gt;</a>&nbsp;&nbsp;&nbsp;__aeabi_i2d
<LI><a href="#[77]">&gt;&gt;</a>&nbsp;&nbsp;&nbsp;__aeabi_dmul
<LI><a href="#[71]">&gt;&gt;</a>&nbsp;&nbsp;&nbsp;__aeabi_dadd
</UL>

<P><STRONG><a name="[7f]"></a>_drnd</STRONG> (Thumb, 114 bytes, Stack size 24 bytes, drnd.o(.text))
<BR><BR>[Stack]<UL><LI>Max Depth = 32<LI>Call Chain = _drnd &rArr; __aeabi_llsr
</UL>
<BR>[Calls]<UL><LI><a href="#[67]">&gt;&gt;</a>&nbsp;&nbsp;&nbsp;__aeabi_llsr
<LI><a href="#[68]">&gt;&gt;</a>&nbsp;&nbsp;&nbsp;__aeabi_llsl
<LI><a href="#[74]">&gt;&gt;</a>&nbsp;&nbsp;&nbsp;_double_round
</UL>
<BR>[Called By]<UL><LI><a href="#[1f9]">&gt;&gt;</a>&nbsp;&nbsp;&nbsp;round
</UL>

<P><STRONG><a name="[63]"></a>__scatterload</STRONG> (Thumb, 28 bytes, Stack size 0 bytes, init.o(.text))
<BR><BR>[Calls]<UL><LI><a href="#[80]">&gt;&gt;</a>&nbsp;&nbsp;&nbsp;__main_after_scatterload
</UL>
<BR>[Called By]<UL><LI><a href="#[62]">&gt;&gt;</a>&nbsp;&nbsp;&nbsp;_main_scatterload
</UL>

<P><STRONG><a name="[247]"></a>__scatterload_rt2</STRONG> (Thumb, 0 bytes, Stack size 0 bytes, init.o(.text), UNUSED)

<P><STRONG><a name="[248]"></a>__decompress</STRONG> (Thumb, 0 bytes, Stack size unknown bytes, __dczerorl2.o(.text), UNUSED)

<P><STRONG><a name="[249]"></a>__decompress1</STRONG> (Thumb, 86 bytes, Stack size unknown bytes, __dczerorl2.o(.text), UNUSED)

<P><STRONG><a name="[81]"></a>AES_CMAC_Final</STRONG> (Thumb, 452 bytes, Stack size 48 bytes, cmac.o(i.AES_CMAC_Final))
<BR><BR>[Stack]<UL><LI>Max Depth = 112<LI>Call Chain = AES_CMAC_Final &rArr; aes_encrypt &rArr; mix_sub_columns
</UL>
<BR>[Calls]<UL><LI><a href="#[82]">&gt;&gt;</a>&nbsp;&nbsp;&nbsp;memset1
<LI><a href="#[84]">&gt;&gt;</a>&nbsp;&nbsp;&nbsp;memcpy1
<LI><a href="#[83]">&gt;&gt;</a>&nbsp;&nbsp;&nbsp;aes_encrypt
</UL>
<BR>[Called By]<UL><LI><a href="#[b0]">&gt;&gt;</a>&nbsp;&nbsp;&nbsp;ComputeCmac
</UL>

<P><STRONG><a name="[85]"></a>AES_CMAC_Init</STRONG> (Thumb, 34 bytes, Stack size 8 bytes, cmac.o(i.AES_CMAC_Init))
<BR><BR>[Stack]<UL><LI>Max Depth = 16<LI>Call Chain = AES_CMAC_Init &rArr; memset1
</UL>
<BR>[Calls]<UL><LI><a href="#[82]">&gt;&gt;</a>&nbsp;&nbsp;&nbsp;memset1
</UL>
<BR>[Called By]<UL><LI><a href="#[b0]">&gt;&gt;</a>&nbsp;&nbsp;&nbsp;ComputeCmac
</UL>

<P><STRONG><a name="[86]"></a>AES_CMAC_SetKey</STRONG> (Thumb, 18 bytes, Stack size 16 bytes, cmac.o(i.AES_CMAC_SetKey))
<BR><BR>[Stack]<UL><LI>Max Depth = 100<LI>Call Chain = AES_CMAC_SetKey &rArr; aes_set_key &rArr; __aeabi_idivmod &rArr; __aeabi_uidivmod
</UL>
<BR>[Calls]<UL><LI><a href="#[87]">&gt;&gt;</a>&nbsp;&nbsp;&nbsp;aes_set_key
</UL>
<BR>[Called By]<UL><LI><a href="#[b0]">&gt;&gt;</a>&nbsp;&nbsp;&nbsp;ComputeCmac
</UL>

<P><STRONG><a name="[88]"></a>AES_CMAC_Update</STRONG> (Thumb, 242 bytes, Stack size 40 bytes, cmac.o(i.AES_CMAC_Update))
<BR><BR>[Stack]<UL><LI>Max Depth = 104<LI>Call Chain = AES_CMAC_Update &rArr; aes_encrypt &rArr; mix_sub_columns
</UL>
<BR>[Calls]<UL><LI><a href="#[84]">&gt;&gt;</a>&nbsp;&nbsp;&nbsp;memcpy1
<LI><a href="#[83]">&gt;&gt;</a>&nbsp;&nbsp;&nbsp;aes_encrypt
</UL>
<BR>[Called By]<UL><LI><a href="#[b0]">&gt;&gt;</a>&nbsp;&nbsp;&nbsp;ComputeCmac
</UL>

<P><STRONG><a name="[14e]"></a>BoardCriticalSectionBegin</STRONG> (Thumb, 12 bytes, Stack size 0 bytes, board.o(i.BoardCriticalSectionBegin))
<BR><BR>[Called By]<UL><LI><a href="#[9d]">&gt;&gt;</a>&nbsp;&nbsp;&nbsp;SpiInit
<LI><a href="#[9b]">&gt;&gt;</a>&nbsp;&nbsp;&nbsp;LpmSetOffMode
<LI><a href="#[18c]">&gt;&gt;</a>&nbsp;&nbsp;&nbsp;LpmExitStopMode
<LI><a href="#[18b]">&gt;&gt;</a>&nbsp;&nbsp;&nbsp;LpmEnterStopMode
<LI><a href="#[158]">&gt;&gt;</a>&nbsp;&nbsp;&nbsp;TimerStop
<LI><a href="#[ad]">&gt;&gt;</a>&nbsp;&nbsp;&nbsp;TimerStart
<LI><a href="#[29]">&gt;&gt;</a>&nbsp;&nbsp;&nbsp;main
<LI><a href="#[21f]">&gt;&gt;</a>&nbsp;&nbsp;&nbsp;UartMcuPutChar
<LI><a href="#[201]">&gt;&gt;</a>&nbsp;&nbsp;&nbsp;SpiInOut
<LI><a href="#[195]">&gt;&gt;</a>&nbsp;&nbsp;&nbsp;LpmSetStopMode
<LI><a href="#[194]">&gt;&gt;</a>&nbsp;&nbsp;&nbsp;LpmGetMode
<LI><a href="#[14d]">&gt;&gt;</a>&nbsp;&nbsp;&nbsp;LoRaMacHandleIrqEvents
</UL>

<P><STRONG><a name="[14f]"></a>BoardCriticalSectionEnd</STRONG> (Thumb, 10 bytes, Stack size 0 bytes, board.o(i.BoardCriticalSectionEnd))
<BR><BR>[Called By]<UL><LI><a href="#[9d]">&gt;&gt;</a>&nbsp;&nbsp;&nbsp;SpiInit
<LI><a href="#[9b]">&gt;&gt;</a>&nbsp;&nbsp;&nbsp;LpmSetOffMode
<LI><a href="#[18c]">&gt;&gt;</a>&nbsp;&nbsp;&nbsp;LpmExitStopMode
<LI><a href="#[18b]">&gt;&gt;</a>&nbsp;&nbsp;&nbsp;LpmEnterStopMode
<LI><a href="#[158]">&gt;&gt;</a>&nbsp;&nbsp;&nbsp;TimerStop
<LI><a href="#[ad]">&gt;&gt;</a>&nbsp;&nbsp;&nbsp;TimerStart
<LI><a href="#[29]">&gt;&gt;</a>&nbsp;&nbsp;&nbsp;main
<LI><a href="#[21f]">&gt;&gt;</a>&nbsp;&nbsp;&nbsp;UartMcuPutChar
<LI><a href="#[201]">&gt;&gt;</a>&nbsp;&nbsp;&nbsp;SpiInOut
<LI><a href="#[195]">&gt;&gt;</a>&nbsp;&nbsp;&nbsp;LpmSetStopMode
<LI><a href="#[194]">&gt;&gt;</a>&nbsp;&nbsp;&nbsp;LpmGetMode
<LI><a href="#[14d]">&gt;&gt;</a>&nbsp;&nbsp;&nbsp;LoRaMacHandleIrqEvents
</UL>

<P><STRONG><a name="[8d]"></a>BoardDeInitMcu</STRONG> (Thumb, 14 bytes, Stack size 8 bytes, board.o(i.BoardDeInitMcu))
<BR><BR>[Stack]<UL><LI>Max Depth = 136<LI>Call Chain = BoardDeInitMcu &rArr; SpiDeInit &rArr; GpioInit &rArr; GpioMcuInit &rArr; HAL_GPIO_Init
</UL>
<BR>[Calls]<UL><LI><a href="#[8e]">&gt;&gt;</a>&nbsp;&nbsp;&nbsp;SpiDeInit
<LI><a href="#[8f]">&gt;&gt;</a>&nbsp;&nbsp;&nbsp;SX1276IoDeInit
</UL>
<BR>[Called By]<UL><LI><a href="#[18b]">&gt;&gt;</a>&nbsp;&nbsp;&nbsp;LpmEnterStopMode
</UL>

<P><STRONG><a name="[44]"></a>BoardGetBatteryLevel</STRONG> (Thumb, 4 bytes, Stack size 0 bytes, board.o(i.BoardGetBatteryLevel))
<BR>[Address Reference Count : 1]<UL><LI> main.o(i.main)
</UL>
<P><STRONG><a name="[22e]"></a>BoardGetRandomSeed</STRONG> (Thumb, 18 bytes, Stack size 0 bytes, board.o(i.BoardGetRandomSeed))
<BR><BR>[Called By]<UL><LI><a href="#[29]">&gt;&gt;</a>&nbsp;&nbsp;&nbsp;main
</UL>

<P><STRONG><a name="[22d]"></a>BoardGetUniqueId</STRONG> (Thumb, 94 bytes, Stack size 0 bytes, board.o(i.BoardGetUniqueId))
<BR><BR>[Called By]<UL><LI><a href="#[29]">&gt;&gt;</a>&nbsp;&nbsp;&nbsp;main
</UL>

<P><STRONG><a name="[90]"></a>BoardInitMcu</STRONG> (Thumb, 282 bytes, Stack size 16 bytes, board.o(i.BoardInitMcu))
<BR><BR>[Stack]<UL><LI>Max Depth = 244<LI>Call Chain = BoardInitMcu &rArr; UartConfig &rArr; UartMcuConfig &rArr; HAL_UART_Init &rArr; UART_SetConfig &rArr; HAL_RCCEx_GetPeriphCLKFreq &rArr; HAL_RCC_GetSysClockFreq &rArr; __aeabi_uidivmod
</UL>
<BR>[Calls]<UL><LI><a href="#[95]">&gt;&gt;</a>&nbsp;&nbsp;&nbsp;UartInit
<LI><a href="#[96]">&gt;&gt;</a>&nbsp;&nbsp;&nbsp;UartConfig
<LI><a href="#[9d]">&gt;&gt;</a>&nbsp;&nbsp;&nbsp;SpiInit
<LI><a href="#[9e]">&gt;&gt;</a>&nbsp;&nbsp;&nbsp;SX1276IoInit
<LI><a href="#[97]">&gt;&gt;</a>&nbsp;&nbsp;&nbsp;RtcInit
<LI><a href="#[9b]">&gt;&gt;</a>&nbsp;&nbsp;&nbsp;LpmSetOffMode
<LI><a href="#[91]">&gt;&gt;</a>&nbsp;&nbsp;&nbsp;HAL_Init
<LI><a href="#[94]">&gt;&gt;</a>&nbsp;&nbsp;&nbsp;FifoInit
<LI><a href="#[9a]">&gt;&gt;</a>&nbsp;&nbsp;&nbsp;GetBoardPowerSource
<LI><a href="#[9c]">&gt;&gt;</a>&nbsp;&nbsp;&nbsp;SystemClockReConfig
<LI><a href="#[93]">&gt;&gt;</a>&nbsp;&nbsp;&nbsp;SystemClockConfig
<LI><a href="#[9f]">&gt;&gt;</a>&nbsp;&nbsp;&nbsp;CalibrateSystemWakeupTime
<LI><a href="#[99]">&gt;&gt;</a>&nbsp;&nbsp;&nbsp;BoardUnusedIoInit
<LI><a href="#[92]">&gt;&gt;</a>&nbsp;&nbsp;&nbsp;GpioInit
<LI><a href="#[98]">&gt;&gt;</a>&nbsp;&nbsp;&nbsp;GpioWrite
</UL>
<BR>[Called By]<UL><LI><a href="#[18c]">&gt;&gt;</a>&nbsp;&nbsp;&nbsp;LpmExitStopMode
<LI><a href="#[29]">&gt;&gt;</a>&nbsp;&nbsp;&nbsp;main
</UL>

<P><STRONG><a name="[22b]"></a>BoardInitPeriph</STRONG> (Thumb, 2 bytes, Stack size 0 bytes, board.o(i.BoardInitPeriph))
<BR><BR>[Called By]<UL><LI><a href="#[29]">&gt;&gt;</a>&nbsp;&nbsp;&nbsp;main
</UL>

<P><STRONG><a name="[a0]"></a>BoardLowPowerHandler</STRONG> (Thumb, 12 bytes, Stack size 8 bytes, board.o(i.BoardLowPowerHandler))
<BR><BR>[Stack]<UL><LI>Max Depth = 268<LI>Call Chain = BoardLowPowerHandler &rArr; LpmEnterLowPower &rArr; LpmExitStopMode &rArr; BoardInitMcu &rArr; UartConfig &rArr; UartMcuConfig &rArr; HAL_UART_Init &rArr; UART_SetConfig &rArr; HAL_RCCEx_GetPeriphCLKFreq &rArr; HAL_RCC_GetSysClockFreq &rArr; __aeabi_uidivmod
</UL>
<BR>[Calls]<UL><LI><a href="#[a1]">&gt;&gt;</a>&nbsp;&nbsp;&nbsp;LpmEnterLowPower
</UL>
<BR>[Called By]<UL><LI><a href="#[29]">&gt;&gt;</a>&nbsp;&nbsp;&nbsp;main
</UL>

<P><STRONG><a name="[b7]"></a>DelayMs</STRONG> (Thumb, 12 bytes, Stack size 8 bytes, delay.o(i.DelayMs))
<BR><BR>[Stack]<UL><LI>Max Depth = 32<LI>Call Chain = DelayMs &rArr; DelayMsMcu &rArr; HAL_Delay
</UL>
<BR>[Calls]<UL><LI><a href="#[b8]">&gt;&gt;</a>&nbsp;&nbsp;&nbsp;DelayMsMcu
</UL>
<BR>[Called By]<UL><LI><a href="#[54]">&gt;&gt;</a>&nbsp;&nbsp;&nbsp;SX1276Send
<LI><a href="#[4f]">&gt;&gt;</a>&nbsp;&nbsp;&nbsp;SX1276Random
<LI><a href="#[4e]">&gt;&gt;</a>&nbsp;&nbsp;&nbsp;SX1276IsChannelFree
<LI><a href="#[202]">&gt;&gt;</a>&nbsp;&nbsp;&nbsp;SX1276SetBoardTcxo
<LI><a href="#[1fc]">&gt;&gt;</a>&nbsp;&nbsp;&nbsp;SX1276Reset
</UL>

<P><STRONG><a name="[b8]"></a>DelayMsMcu</STRONG> (Thumb, 12 bytes, Stack size 8 bytes, delay-board.o(i.DelayMsMcu))
<BR><BR>[Stack]<UL><LI>Max Depth = 24<LI>Call Chain = DelayMsMcu &rArr; HAL_Delay
</UL>
<BR>[Calls]<UL><LI><a href="#[b9]">&gt;&gt;</a>&nbsp;&nbsp;&nbsp;HAL_Delay
</UL>
<BR>[Called By]<UL><LI><a href="#[b7]">&gt;&gt;</a>&nbsp;&nbsp;&nbsp;DelayMs
</UL>

<P><STRONG><a name="[1b1]"></a>DetermineFrameType</STRONG> (Thumb, 108 bytes, Stack size 0 bytes, loramac.o(i.DetermineFrameType))
<BR><BR>[Called By]<UL><LI><a href="#[151]">&gt;&gt;</a>&nbsp;&nbsp;&nbsp;ProcessRadioRxDone
</UL>

<P><STRONG><a name="[10]"></a>EXTI0_1_IRQHandler</STRONG> (Thumb, 16 bytes, Stack size 8 bytes, gpio-board.o(i.EXTI0_1_IRQHandler))
<BR><BR>[Stack]<UL><LI>Max Depth = 32<LI>Call Chain = EXTI0_1_IRQHandler &rArr; HAL_GPIO_EXTI_IRQHandler &rArr; HAL_GPIO_EXTI_Callback
</UL>
<BR>[Calls]<UL><LI><a href="#[bc]">&gt;&gt;</a>&nbsp;&nbsp;&nbsp;HAL_GPIO_EXTI_IRQHandler
</UL>
<BR>[Address Reference Count : 1]<UL><LI> startup_stm32l072xx.o(RESET)
</UL>
<P><STRONG><a name="[11]"></a>EXTI2_3_IRQHandler</STRONG> (Thumb, 16 bytes, Stack size 8 bytes, gpio-board.o(i.EXTI2_3_IRQHandler))
<BR><BR>[Stack]<UL><LI>Max Depth = 32<LI>Call Chain = EXTI2_3_IRQHandler &rArr; HAL_GPIO_EXTI_IRQHandler &rArr; HAL_GPIO_EXTI_Callback
</UL>
<BR>[Calls]<UL><LI><a href="#[bc]">&gt;&gt;</a>&nbsp;&nbsp;&nbsp;HAL_GPIO_EXTI_IRQHandler
</UL>
<BR>[Address Reference Count : 1]<UL><LI> startup_stm32l072xx.o(RESET)
</UL>
<P><STRONG><a name="[12]"></a>EXTI4_15_IRQHandler</STRONG> (Thumb, 92 bytes, Stack size 8 bytes, gpio-board.o(i.EXTI4_15_IRQHandler))
<BR><BR>[Stack]<UL><LI>Max Depth = 32<LI>Call Chain = EXTI4_15_IRQHandler &rArr; HAL_GPIO_EXTI_IRQHandler &rArr; HAL_GPIO_EXTI_Callback
</UL>
<BR>[Calls]<UL><LI><a href="#[bc]">&gt;&gt;</a>&nbsp;&nbsp;&nbsp;HAL_GPIO_EXTI_IRQHandler
</UL>
<BR>[Address Reference Count : 1]<UL><LI> startup_stm32l072xx.o(RESET)
</UL>
<P><STRONG><a name="[94]"></a>FifoInit</STRONG> (Thumb, 12 bytes, Stack size 0 bytes, fifo.o(i.FifoInit))
<BR><BR>[Called By]<UL><LI><a href="#[90]">&gt;&gt;</a>&nbsp;&nbsp;&nbsp;BoardInitMcu
</UL>

<P><STRONG><a name="[c1]"></a>FifoPop</STRONG> (Thumb, 30 bytes, Stack size 16 bytes, fifo.o(i.FifoPop))
<BR><BR>[Stack]<UL><LI>Max Depth = 60<LI>Call Chain = FifoPop &rArr; FifoNext &rArr; __aeabi_idivmod &rArr; __aeabi_uidivmod
</UL>
<BR>[Calls]<UL><LI><a href="#[c0]">&gt;&gt;</a>&nbsp;&nbsp;&nbsp;FifoNext
</UL>
<BR>[Called By]<UL><LI><a href="#[10d]">&gt;&gt;</a>&nbsp;&nbsp;&nbsp;HAL_UART_TxCpltCallback
</UL>

<P><STRONG><a name="[c2]"></a>FifoPush</STRONG> (Thumb, 24 bytes, Stack size 16 bytes, fifo.o(i.FifoPush))
<BR><BR>[Stack]<UL><LI>Max Depth = 60<LI>Call Chain = FifoPush &rArr; FifoNext &rArr; __aeabi_idivmod &rArr; __aeabi_uidivmod
</UL>
<BR>[Calls]<UL><LI><a href="#[c0]">&gt;&gt;</a>&nbsp;&nbsp;&nbsp;FifoNext
</UL>
<BR>[Called By]<UL><LI><a href="#[21f]">&gt;&gt;</a>&nbsp;&nbsp;&nbsp;UartMcuPutChar
<LI><a href="#[10b]">&gt;&gt;</a>&nbsp;&nbsp;&nbsp;HAL_UART_RxCpltCallback
</UL>

<P><STRONG><a name="[9a]"></a>GetBoardPowerSource</STRONG> (Thumb, 16 bytes, Stack size 0 bytes, board.o(i.GetBoardPowerSource))
<BR><BR>[Called By]<UL><LI><a href="#[90]">&gt;&gt;</a>&nbsp;&nbsp;&nbsp;BoardInitMcu
</UL>

<P><STRONG><a name="[c4]"></a>GetCtxs</STRONG> (Thumb, 102 bytes, Stack size 8 bytes, loramac.o(i.GetCtxs))
<BR><BR>[Stack]<UL><LI>Max Depth = 24<LI>Call Chain = GetCtxs &rArr; RegionGetNvmCtx
</UL>
<BR>[Calls]<UL><LI><a href="#[c7]">&gt;&gt;</a>&nbsp;&nbsp;&nbsp;SecureElementGetNvmCtx
<LI><a href="#[c6]">&gt;&gt;</a>&nbsp;&nbsp;&nbsp;RegionGetNvmCtx
<LI><a href="#[c5]">&gt;&gt;</a>&nbsp;&nbsp;&nbsp;LoRaMacCryptoGetNvmCtx
<LI><a href="#[ca]">&gt;&gt;</a>&nbsp;&nbsp;&nbsp;LoRaMacConfirmQueueGetNvmCtx
<LI><a href="#[c8]">&gt;&gt;</a>&nbsp;&nbsp;&nbsp;LoRaMacCommandsGetNvmCtx
<LI><a href="#[c9]">&gt;&gt;</a>&nbsp;&nbsp;&nbsp;LoRaMacClassBGetNvmCtx
</UL>
<BR>[Called By]<UL><LI><a href="#[16d]">&gt;&gt;</a>&nbsp;&nbsp;&nbsp;LoRaMacMibGetRequestConfirm
</UL>

<P><STRONG><a name="[b1]"></a>GetKeyByID</STRONG> (Thumb, 46 bytes, Stack size 12 bytes, soft-se.o(i.GetKeyByID))
<BR><BR>[Stack]<UL><LI>Max Depth = 12<LI>Call Chain = GetKeyByID
</UL>
<BR>[Called By]<UL><LI><a href="#[b0]">&gt;&gt;</a>&nbsp;&nbsp;&nbsp;ComputeCmac
<LI><a href="#[139]">&gt;&gt;</a>&nbsp;&nbsp;&nbsp;SecureElementAesEncrypt
</UL>

<P><STRONG><a name="[92]"></a>GpioInit</STRONG> (Thumb, 34 bytes, Stack size 48 bytes, gpio.o(i.GpioInit))
<BR><BR>[Stack]<UL><LI>Max Depth = 112<LI>Call Chain = GpioInit &rArr; GpioMcuInit &rArr; HAL_GPIO_Init
</UL>
<BR>[Calls]<UL><LI><a href="#[d1]">&gt;&gt;</a>&nbsp;&nbsp;&nbsp;GpioMcuInit
</UL>
<BR>[Called By]<UL><LI><a href="#[9d]">&gt;&gt;</a>&nbsp;&nbsp;&nbsp;SpiInit
<LI><a href="#[8e]">&gt;&gt;</a>&nbsp;&nbsp;&nbsp;SpiDeInit
<LI><a href="#[9e]">&gt;&gt;</a>&nbsp;&nbsp;&nbsp;SX1276IoInit
<LI><a href="#[8f]">&gt;&gt;</a>&nbsp;&nbsp;&nbsp;SX1276IoDeInit
<LI><a href="#[90]">&gt;&gt;</a>&nbsp;&nbsp;&nbsp;BoardInitMcu
<LI><a href="#[21e]">&gt;&gt;</a>&nbsp;&nbsp;&nbsp;UartMcuInit
<LI><a href="#[1fc]">&gt;&gt;</a>&nbsp;&nbsp;&nbsp;SX1276Reset
<LI><a href="#[1f8]">&gt;&gt;</a>&nbsp;&nbsp;&nbsp;SX1276AntSwInit
<LI><a href="#[1f7]">&gt;&gt;</a>&nbsp;&nbsp;&nbsp;SX1276AntSwDeInit
</UL>

<P><STRONG><a name="[d1]"></a>GpioMcuInit</STRONG> (Thumb, 320 bytes, Stack size 48 bytes, gpio-board.o(i.GpioMcuInit))
<BR><BR>[Stack]<UL><LI>Max Depth = 64<LI>Call Chain = GpioMcuInit &rArr; HAL_GPIO_Init
</UL>
<BR>[Calls]<UL><LI><a href="#[d3]">&gt;&gt;</a>&nbsp;&nbsp;&nbsp;HAL_GPIO_Init
<LI><a href="#[d2]">&gt;&gt;</a>&nbsp;&nbsp;&nbsp;GpioMcuWrite
</UL>
<BR>[Called By]<UL><LI><a href="#[92]">&gt;&gt;</a>&nbsp;&nbsp;&nbsp;GpioInit
</UL>

<P><STRONG><a name="[d4]"></a>GpioMcuSetInterrupt</STRONG> (Thumb, 324 bytes, Stack size 48 bytes, gpio-board.o(i.GpioMcuSetInterrupt))
<BR><BR>[Stack]<UL><LI>Max Depth = 72<LI>Call Chain = GpioMcuSetInterrupt &rArr; HAL_NVIC_SetPriority &rArr; NVIC_SetPriority
</UL>
<BR>[Calls]<UL><LI><a href="#[d5]">&gt;&gt;</a>&nbsp;&nbsp;&nbsp;HAL_NVIC_SetPriority
<LI><a href="#[ce]">&gt;&gt;</a>&nbsp;&nbsp;&nbsp;__ARM_common_switch8
<LI><a href="#[d6]">&gt;&gt;</a>&nbsp;&nbsp;&nbsp;HAL_NVIC_EnableIRQ
<LI><a href="#[d3]">&gt;&gt;</a>&nbsp;&nbsp;&nbsp;HAL_GPIO_Init
</UL>
<BR>[Called By]<UL><LI><a href="#[d8]">&gt;&gt;</a>&nbsp;&nbsp;&nbsp;GpioSetInterrupt
</UL>

<P><STRONG><a name="[d2]"></a>GpioMcuWrite</STRONG> (Thumb, 46 bytes, Stack size 16 bytes, gpio-board.o(i.GpioMcuWrite))
<BR><BR>[Stack]<UL><LI>Max Depth = 16<LI>Call Chain = GpioMcuWrite
</UL>
<BR>[Calls]<UL><LI><a href="#[d7]">&gt;&gt;</a>&nbsp;&nbsp;&nbsp;HAL_GPIO_WritePin
</UL>
<BR>[Called By]<UL><LI><a href="#[98]">&gt;&gt;</a>&nbsp;&nbsp;&nbsp;GpioWrite
<LI><a href="#[d1]">&gt;&gt;</a>&nbsp;&nbsp;&nbsp;GpioMcuInit
</UL>

<P><STRONG><a name="[d8]"></a>GpioSetInterrupt</STRONG> (Thumb, 24 bytes, Stack size 24 bytes, gpio.o(i.GpioSetInterrupt))
<BR><BR>[Stack]<UL><LI>Max Depth = 96<LI>Call Chain = GpioSetInterrupt &rArr; GpioMcuSetInterrupt &rArr; HAL_NVIC_SetPriority &rArr; NVIC_SetPriority
</UL>
<BR>[Calls]<UL><LI><a href="#[d4]">&gt;&gt;</a>&nbsp;&nbsp;&nbsp;GpioMcuSetInterrupt
</UL>
<BR>[Called By]<UL><LI><a href="#[1fe]">&gt;&gt;</a>&nbsp;&nbsp;&nbsp;SX1276IoIrqInit
</UL>

<P><STRONG><a name="[98]"></a>GpioWrite</STRONG> (Thumb, 16 bytes, Stack size 16 bytes, gpio.o(i.GpioWrite))
<BR><BR>[Stack]<UL><LI>Max Depth = 32<LI>Call Chain = GpioWrite &rArr; GpioMcuWrite
</UL>
<BR>[Calls]<UL><LI><a href="#[d2]">&gt;&gt;</a>&nbsp;&nbsp;&nbsp;GpioMcuWrite
</UL>
<BR>[Called By]<UL><LI><a href="#[90]">&gt;&gt;</a>&nbsp;&nbsp;&nbsp;BoardInitMcu
<LI><a href="#[49]">&gt;&gt;</a>&nbsp;&nbsp;&nbsp;OnLed3TimerEvent
<LI><a href="#[48]">&gt;&gt;</a>&nbsp;&nbsp;&nbsp;OnLed1TimerEvent
<LI><a href="#[41]">&gt;&gt;</a>&nbsp;&nbsp;&nbsp;McpsIndication
<LI><a href="#[40]">&gt;&gt;</a>&nbsp;&nbsp;&nbsp;McpsConfirm
<LI><a href="#[5d]">&gt;&gt;</a>&nbsp;&nbsp;&nbsp;SX1276WriteBuffer
<LI><a href="#[5e]">&gt;&gt;</a>&nbsp;&nbsp;&nbsp;SX1276ReadBuffer
<LI><a href="#[202]">&gt;&gt;</a>&nbsp;&nbsp;&nbsp;SX1276SetBoardTcxo
<LI><a href="#[204]">&gt;&gt;</a>&nbsp;&nbsp;&nbsp;SX1276SetAntSw
</UL>

<P><STRONG><a name="[a2]"></a>HAL_DBGMCU_EnableDBGSleepMode</STRONG> (Thumb, 14 bytes, Stack size 0 bytes, stm32l0xx_hal.o(i.HAL_DBGMCU_EnableDBGSleepMode))
<BR><BR>[Called By]<UL><LI><a href="#[99]">&gt;&gt;</a>&nbsp;&nbsp;&nbsp;BoardUnusedIoInit
</UL>

<P><STRONG><a name="[a4]"></a>HAL_DBGMCU_EnableDBGStandbyMode</STRONG> (Thumb, 14 bytes, Stack size 0 bytes, stm32l0xx_hal.o(i.HAL_DBGMCU_EnableDBGStandbyMode))
<BR><BR>[Called By]<UL><LI><a href="#[99]">&gt;&gt;</a>&nbsp;&nbsp;&nbsp;BoardUnusedIoInit
</UL>

<P><STRONG><a name="[a3]"></a>HAL_DBGMCU_EnableDBGStopMode</STRONG> (Thumb, 14 bytes, Stack size 0 bytes, stm32l0xx_hal.o(i.HAL_DBGMCU_EnableDBGStopMode))
<BR><BR>[Called By]<UL><LI><a href="#[99]">&gt;&gt;</a>&nbsp;&nbsp;&nbsp;BoardUnusedIoInit
</UL>

<P><STRONG><a name="[102]"></a>HAL_DMA_Abort_IT</STRONG> (Thumb, 174 bytes, Stack size 16 bytes, stm32l0xx_hal_dma.o(i.HAL_DMA_Abort_IT))
<BR><BR>[Stack]<UL><LI>Max Depth = 16<LI>Call Chain = HAL_DMA_Abort_IT
</UL>
<BR>[Called By]<UL><LI><a href="#[ff]">&gt;&gt;</a>&nbsp;&nbsp;&nbsp;HAL_UART_IRQHandler
</UL>

<P><STRONG><a name="[b9]"></a>HAL_Delay</STRONG> (Thumb, 26 bytes, Stack size 16 bytes, stm32l0xx_hal.o(i.HAL_Delay))
<BR><BR>[Stack]<UL><LI>Max Depth = 16<LI>Call Chain = HAL_Delay
</UL>
<BR>[Calls]<UL><LI><a href="#[d9]">&gt;&gt;</a>&nbsp;&nbsp;&nbsp;HAL_GetTick
</UL>
<BR>[Called By]<UL><LI><a href="#[b8]">&gt;&gt;</a>&nbsp;&nbsp;&nbsp;DelayMsMcu
</UL>

<P><STRONG><a name="[da]"></a>HAL_GPIO_EXTI_Callback</STRONG> (Thumb, 60 bytes, Stack size 16 bytes, gpio-board.o(i.HAL_GPIO_EXTI_Callback))
<BR><BR>[Stack]<UL><LI>Max Depth = 16<LI>Call Chain = HAL_GPIO_EXTI_Callback
</UL>
<BR>[Called By]<UL><LI><a href="#[bc]">&gt;&gt;</a>&nbsp;&nbsp;&nbsp;HAL_GPIO_EXTI_IRQHandler
</UL>

<P><STRONG><a name="[bc]"></a>HAL_GPIO_EXTI_IRQHandler</STRONG> (Thumb, 26 bytes, Stack size 8 bytes, stm32l0xx_hal_gpio.o(i.HAL_GPIO_EXTI_IRQHandler))
<BR><BR>[Stack]<UL><LI>Max Depth = 24<LI>Call Chain = HAL_GPIO_EXTI_IRQHandler &rArr; HAL_GPIO_EXTI_Callback
</UL>
<BR>[Calls]<UL><LI><a href="#[da]">&gt;&gt;</a>&nbsp;&nbsp;&nbsp;HAL_GPIO_EXTI_Callback
</UL>
<BR>[Called By]<UL><LI><a href="#[12]">&gt;&gt;</a>&nbsp;&nbsp;&nbsp;EXTI4_15_IRQHandler
<LI><a href="#[11]">&gt;&gt;</a>&nbsp;&nbsp;&nbsp;EXTI2_3_IRQHandler
<LI><a href="#[10]">&gt;&gt;</a>&nbsp;&nbsp;&nbsp;EXTI0_1_IRQHandler
</UL>

<P><STRONG><a name="[d3]"></a>HAL_GPIO_Init</STRONG> (Thumb, 472 bytes, Stack size 16 bytes, stm32l0xx_hal_gpio.o(i.HAL_GPIO_Init))
<BR><BR>[Stack]<UL><LI>Max Depth = 16<LI>Call Chain = HAL_GPIO_Init
</UL>
<BR>[Called By]<UL><LI><a href="#[d4]">&gt;&gt;</a>&nbsp;&nbsp;&nbsp;GpioMcuSetInterrupt
<LI><a href="#[d1]">&gt;&gt;</a>&nbsp;&nbsp;&nbsp;GpioMcuInit
</UL>

<P><STRONG><a name="[d7]"></a>HAL_GPIO_WritePin</STRONG> (Thumb, 12 bytes, Stack size 0 bytes, stm32l0xx_hal_gpio.o(i.HAL_GPIO_WritePin))
<BR><BR>[Called By]<UL><LI><a href="#[d2]">&gt;&gt;</a>&nbsp;&nbsp;&nbsp;GpioMcuWrite
</UL>

<P><STRONG><a name="[d9]"></a>HAL_GetTick</STRONG> (Thumb, 6 bytes, Stack size 0 bytes, stm32l0xx_hal.o(i.HAL_GetTick))
<BR><BR>[Called By]<UL><LI><a href="#[b9]">&gt;&gt;</a>&nbsp;&nbsp;&nbsp;HAL_Delay
<LI><a href="#[e6]">&gt;&gt;</a>&nbsp;&nbsp;&nbsp;HAL_RCC_OscConfig
<LI><a href="#[e4]">&gt;&gt;</a>&nbsp;&nbsp;&nbsp;HAL_RCC_ClockConfig
<LI><a href="#[e3]">&gt;&gt;</a>&nbsp;&nbsp;&nbsp;HAL_RCCEx_PeriphCLKConfig
<LI><a href="#[f2]">&gt;&gt;</a>&nbsp;&nbsp;&nbsp;HAL_RTC_SetAlarm_IT
<LI><a href="#[ea]">&gt;&gt;</a>&nbsp;&nbsp;&nbsp;HAL_RTC_DeactivateAlarm
<LI><a href="#[f1]">&gt;&gt;</a>&nbsp;&nbsp;&nbsp;RTC_EnterInitMode
<LI><a href="#[f5]">&gt;&gt;</a>&nbsp;&nbsp;&nbsp;HAL_RTC_WaitForSynchro
<LI><a href="#[21c]">&gt;&gt;</a>&nbsp;&nbsp;&nbsp;UART_WaitOnFlagUntilTimeout
<LI><a href="#[10a]">&gt;&gt;</a>&nbsp;&nbsp;&nbsp;UART_CheckIdleState
</UL>

<P><STRONG><a name="[214]"></a>HAL_IncTick</STRONG> (Thumb, 12 bytes, Stack size 0 bytes, stm32l0xx_hal.o(i.HAL_IncTick))
<BR><BR>[Called By]<UL><LI><a href="#[a]">&gt;&gt;</a>&nbsp;&nbsp;&nbsp;SysTick_Handler
</UL>

<P><STRONG><a name="[91]"></a>HAL_Init</STRONG> (Thumb, 28 bytes, Stack size 8 bytes, stm32l0xx_hal.o(i.HAL_Init))
<BR><BR>[Stack]<UL><LI>Max Depth = 48<LI>Call Chain = HAL_Init &rArr; HAL_InitTick &rArr; HAL_SYSTICK_Config &rArr; NVIC_SetPriority
</UL>
<BR>[Calls]<UL><LI><a href="#[db]">&gt;&gt;</a>&nbsp;&nbsp;&nbsp;HAL_InitTick
<LI><a href="#[dc]">&gt;&gt;</a>&nbsp;&nbsp;&nbsp;HAL_MspInit
</UL>
<BR>[Called By]<UL><LI><a href="#[90]">&gt;&gt;</a>&nbsp;&nbsp;&nbsp;BoardInitMcu
</UL>

<P><STRONG><a name="[db]"></a>HAL_InitTick</STRONG> (Thumb, 36 bytes, Stack size 16 bytes, stm32l0xx_hal.o(i.HAL_InitTick))
<BR><BR>[Stack]<UL><LI>Max Depth = 40<LI>Call Chain = HAL_InitTick &rArr; HAL_SYSTICK_Config &rArr; NVIC_SetPriority
</UL>
<BR>[Calls]<UL><LI><a href="#[dd]">&gt;&gt;</a>&nbsp;&nbsp;&nbsp;HAL_SYSTICK_Config
<LI><a href="#[d5]">&gt;&gt;</a>&nbsp;&nbsp;&nbsp;HAL_NVIC_SetPriority
<LI><a href="#[65]">&gt;&gt;</a>&nbsp;&nbsp;&nbsp;__aeabi_uidivmod
</UL>
<BR>[Called By]<UL><LI><a href="#[e6]">&gt;&gt;</a>&nbsp;&nbsp;&nbsp;HAL_RCC_OscConfig
<LI><a href="#[e4]">&gt;&gt;</a>&nbsp;&nbsp;&nbsp;HAL_RCC_ClockConfig
<LI><a href="#[91]">&gt;&gt;</a>&nbsp;&nbsp;&nbsp;HAL_Init
</UL>

<P><STRONG><a name="[dc]"></a>HAL_MspInit</STRONG> (Thumb, 2 bytes, Stack size 0 bytes, stm32l0xx_hal_msp_template.o(i.HAL_MspInit))
<BR><BR>[Called By]<UL><LI><a href="#[91]">&gt;&gt;</a>&nbsp;&nbsp;&nbsp;HAL_Init
</UL>

<P><STRONG><a name="[d6]"></a>HAL_NVIC_EnableIRQ</STRONG> (Thumb, 18 bytes, Stack size 0 bytes, stm32l0xx_hal_cortex.o(i.HAL_NVIC_EnableIRQ))
<BR><BR>[Called By]<UL><LI><a href="#[97]">&gt;&gt;</a>&nbsp;&nbsp;&nbsp;RtcInit
<LI><a href="#[21d]">&gt;&gt;</a>&nbsp;&nbsp;&nbsp;UartMcuConfig
<LI><a href="#[d4]">&gt;&gt;</a>&nbsp;&nbsp;&nbsp;GpioMcuSetInterrupt
</UL>

<P><STRONG><a name="[1f4]"></a>HAL_NVIC_GetPendingIRQ</STRONG> (Thumb, 34 bytes, Stack size 8 bytes, stm32l0xx_hal_cortex.o(i.HAL_NVIC_GetPendingIRQ))
<BR><BR>[Stack]<UL><LI>Max Depth = 8<LI>Call Chain = HAL_NVIC_GetPendingIRQ
</UL>
<BR>[Called By]<UL><LI><a href="#[199]">&gt;&gt;</a>&nbsp;&nbsp;&nbsp;RtcSetMcuWakeUpTime
</UL>

<P><STRONG><a name="[d5]"></a>HAL_NVIC_SetPriority</STRONG> (Thumb, 18 bytes, Stack size 16 bytes, stm32l0xx_hal_cortex.o(i.HAL_NVIC_SetPriority))
<BR><BR>[Stack]<UL><LI>Max Depth = 24<LI>Call Chain = HAL_NVIC_SetPriority &rArr; NVIC_SetPriority
</UL>
<BR>[Calls]<UL><LI><a href="#[de]">&gt;&gt;</a>&nbsp;&nbsp;&nbsp;NVIC_SetPriority
</UL>
<BR>[Called By]<UL><LI><a href="#[97]">&gt;&gt;</a>&nbsp;&nbsp;&nbsp;RtcInit
<LI><a href="#[93]">&gt;&gt;</a>&nbsp;&nbsp;&nbsp;SystemClockConfig
<LI><a href="#[21d]">&gt;&gt;</a>&nbsp;&nbsp;&nbsp;UartMcuConfig
<LI><a href="#[d4]">&gt;&gt;</a>&nbsp;&nbsp;&nbsp;GpioMcuSetInterrupt
<LI><a href="#[db]">&gt;&gt;</a>&nbsp;&nbsp;&nbsp;HAL_InitTick
</UL>

<P><STRONG><a name="[192]"></a>HAL_PWREx_EnableFastWakeUp</STRONG> (Thumb, 16 bytes, Stack size 0 bytes, stm32l0xx_hal_pwr_ex.o(i.HAL_PWREx_EnableFastWakeUp))
<BR><BR>[Called By]<UL><LI><a href="#[18b]">&gt;&gt;</a>&nbsp;&nbsp;&nbsp;LpmEnterStopMode
</UL>

<P><STRONG><a name="[191]"></a>HAL_PWREx_EnableUltraLowPower</STRONG> (Thumb, 16 bytes, Stack size 0 bytes, stm32l0xx_hal_pwr_ex.o(i.HAL_PWREx_EnableUltraLowPower))
<BR><BR>[Called By]<UL><LI><a href="#[18b]">&gt;&gt;</a>&nbsp;&nbsp;&nbsp;LpmEnterStopMode
</UL>

<P><STRONG><a name="[190]"></a>HAL_PWR_DisablePVD</STRONG> (Thumb, 14 bytes, Stack size 0 bytes, stm32l0xx_hal_pwr.o(i.HAL_PWR_DisablePVD))
<BR><BR>[Called By]<UL><LI><a href="#[18b]">&gt;&gt;</a>&nbsp;&nbsp;&nbsp;LpmEnterStopMode
</UL>

<P><STRONG><a name="[18f]"></a>HAL_PWR_EnterSLEEPMode</STRONG> (Thumb, 52 bytes, Stack size 8 bytes, stm32l0xx_hal_pwr.o(i.HAL_PWR_EnterSLEEPMode))
<BR><BR>[Stack]<UL><LI>Max Depth = 8<LI>Call Chain = HAL_PWR_EnterSLEEPMode
</UL>
<BR>[Called By]<UL><LI><a href="#[189]">&gt;&gt;</a>&nbsp;&nbsp;&nbsp;LpmEnterSleepMode
</UL>

<P><STRONG><a name="[193]"></a>HAL_PWR_EnterSTOPMode</STRONG> (Thumb, 64 bytes, Stack size 8 bytes, stm32l0xx_hal_pwr.o(i.HAL_PWR_EnterSTOPMode))
<BR><BR>[Stack]<UL><LI>Max Depth = 8<LI>Call Chain = HAL_PWR_EnterSTOPMode
</UL>
<BR>[Called By]<UL><LI><a href="#[18b]">&gt;&gt;</a>&nbsp;&nbsp;&nbsp;LpmEnterStopMode
</UL>

<P><STRONG><a name="[df]"></a>HAL_RCCEx_GetPeriphCLKFreq</STRONG> (Thumb, 854 bytes, Stack size 40 bytes, stm32l0xx_hal_rcc_ex.o(i.HAL_RCCEx_GetPeriphCLKFreq))
<BR><BR>[Stack]<UL><LI>Max Depth = 84<LI>Call Chain = HAL_RCCEx_GetPeriphCLKFreq &rArr; HAL_RCC_GetSysClockFreq &rArr; __aeabi_uidivmod
</UL>
<BR>[Calls]<UL><LI><a href="#[e1]">&gt;&gt;</a>&nbsp;&nbsp;&nbsp;HAL_RCC_GetSysClockFreq
<LI><a href="#[e0]">&gt;&gt;</a>&nbsp;&nbsp;&nbsp;HAL_RCC_GetPCLK2Freq
<LI><a href="#[e2]">&gt;&gt;</a>&nbsp;&nbsp;&nbsp;HAL_RCC_GetPCLK1Freq
<LI><a href="#[65]">&gt;&gt;</a>&nbsp;&nbsp;&nbsp;__aeabi_uidivmod
</UL>
<BR>[Called By]<UL><LI><a href="#[109]">&gt;&gt;</a>&nbsp;&nbsp;&nbsp;UART_SetConfig
</UL>

<P><STRONG><a name="[e3]"></a>HAL_RCCEx_PeriphCLKConfig</STRONG> (Thumb, 610 bytes, Stack size 24 bytes, stm32l0xx_hal_rcc_ex.o(i.HAL_RCCEx_PeriphCLKConfig))
<BR><BR>[Stack]<UL><LI>Max Depth = 24<LI>Call Chain = HAL_RCCEx_PeriphCLKConfig
</UL>
<BR>[Calls]<UL><LI><a href="#[d9]">&gt;&gt;</a>&nbsp;&nbsp;&nbsp;HAL_GetTick
</UL>
<BR>[Called By]<UL><LI><a href="#[93]">&gt;&gt;</a>&nbsp;&nbsp;&nbsp;SystemClockConfig
</UL>

<P><STRONG><a name="[e4]"></a>HAL_RCC_ClockConfig</STRONG> (Thumb, 482 bytes, Stack size 16 bytes, stm32l0xx_hal_rcc.o(i.HAL_RCC_ClockConfig))
<BR><BR>[Stack]<UL><LI>Max Depth = 60<LI>Call Chain = HAL_RCC_ClockConfig &rArr; HAL_RCC_GetSysClockFreq &rArr; __aeabi_uidivmod
</UL>
<BR>[Calls]<UL><LI><a href="#[d9]">&gt;&gt;</a>&nbsp;&nbsp;&nbsp;HAL_GetTick
<LI><a href="#[db]">&gt;&gt;</a>&nbsp;&nbsp;&nbsp;HAL_InitTick
<LI><a href="#[e1]">&gt;&gt;</a>&nbsp;&nbsp;&nbsp;HAL_RCC_GetSysClockFreq
</UL>
<BR>[Called By]<UL><LI><a href="#[93]">&gt;&gt;</a>&nbsp;&nbsp;&nbsp;SystemClockConfig
</UL>

<P><STRONG><a name="[e5]"></a>HAL_RCC_GetHCLKFreq</STRONG> (Thumb, 6 bytes, Stack size 0 bytes, stm32l0xx_hal_rcc.o(i.HAL_RCC_GetHCLKFreq))
<BR><BR>[Called By]<UL><LI><a href="#[93]">&gt;&gt;</a>&nbsp;&nbsp;&nbsp;SystemClockConfig
<LI><a href="#[e0]">&gt;&gt;</a>&nbsp;&nbsp;&nbsp;HAL_RCC_GetPCLK2Freq
<LI><a href="#[e2]">&gt;&gt;</a>&nbsp;&nbsp;&nbsp;HAL_RCC_GetPCLK1Freq
</UL>

<P><STRONG><a name="[e2]"></a>HAL_RCC_GetPCLK1Freq</STRONG> (Thumb, 26 bytes, Stack size 4 bytes, stm32l0xx_hal_rcc.o(i.HAL_RCC_GetPCLK1Freq))
<BR><BR>[Stack]<UL><LI>Max Depth = 4<LI>Call Chain = HAL_RCC_GetPCLK1Freq
</UL>
<BR>[Calls]<UL><LI><a href="#[e5]">&gt;&gt;</a>&nbsp;&nbsp;&nbsp;HAL_RCC_GetHCLKFreq
</UL>
<BR>[Called By]<UL><LI><a href="#[df]">&gt;&gt;</a>&nbsp;&nbsp;&nbsp;HAL_RCCEx_GetPeriphCLKFreq
<LI><a href="#[109]">&gt;&gt;</a>&nbsp;&nbsp;&nbsp;UART_SetConfig
</UL>

<P><STRONG><a name="[e0]"></a>HAL_RCC_GetPCLK2Freq</STRONG> (Thumb, 26 bytes, Stack size 4 bytes, stm32l0xx_hal_rcc.o(i.HAL_RCC_GetPCLK2Freq))
<BR><BR>[Stack]<UL><LI>Max Depth = 4<LI>Call Chain = HAL_RCC_GetPCLK2Freq
</UL>
<BR>[Calls]<UL><LI><a href="#[e5]">&gt;&gt;</a>&nbsp;&nbsp;&nbsp;HAL_RCC_GetHCLKFreq
</UL>
<BR>[Called By]<UL><LI><a href="#[df]">&gt;&gt;</a>&nbsp;&nbsp;&nbsp;HAL_RCCEx_GetPeriphCLKFreq
<LI><a href="#[109]">&gt;&gt;</a>&nbsp;&nbsp;&nbsp;UART_SetConfig
</UL>

<P><STRONG><a name="[e1]"></a>HAL_RCC_GetSysClockFreq</STRONG> (Thumb, 206 bytes, Stack size 32 bytes, stm32l0xx_hal_rcc.o(i.HAL_RCC_GetSysClockFreq))
<BR><BR>[Stack]<UL><LI>Max Depth = 44<LI>Call Chain = HAL_RCC_GetSysClockFreq &rArr; __aeabi_uidivmod
</UL>
<BR>[Calls]<UL><LI><a href="#[65]">&gt;&gt;</a>&nbsp;&nbsp;&nbsp;__aeabi_uidivmod
</UL>
<BR>[Called By]<UL><LI><a href="#[e4]">&gt;&gt;</a>&nbsp;&nbsp;&nbsp;HAL_RCC_ClockConfig
<LI><a href="#[df]">&gt;&gt;</a>&nbsp;&nbsp;&nbsp;HAL_RCCEx_GetPeriphCLKFreq
<LI><a href="#[109]">&gt;&gt;</a>&nbsp;&nbsp;&nbsp;UART_SetConfig
</UL>

<P><STRONG><a name="[e6]"></a>HAL_RCC_OscConfig</STRONG> (Thumb, 1744 bytes, Stack size 24 bytes, stm32l0xx_hal_rcc.o(i.HAL_RCC_OscConfig))
<BR><BR>[Stack]<UL><LI>Max Depth = 64<LI>Call Chain = HAL_RCC_OscConfig &rArr; HAL_InitTick &rArr; HAL_SYSTICK_Config &rArr; NVIC_SetPriority
</UL>
<BR>[Calls]<UL><LI><a href="#[d9]">&gt;&gt;</a>&nbsp;&nbsp;&nbsp;HAL_GetTick
<LI><a href="#[db]">&gt;&gt;</a>&nbsp;&nbsp;&nbsp;HAL_InitTick
<LI><a href="#[e7]">&gt;&gt;</a>&nbsp;&nbsp;&nbsp;RCC_SetFlashLatencyFromMSIRange
</UL>
<BR>[Called By]<UL><LI><a href="#[93]">&gt;&gt;</a>&nbsp;&nbsp;&nbsp;SystemClockConfig
</UL>

<P><STRONG><a name="[1e6]"></a>HAL_RTCEx_BKUPRead</STRONG> (Thumb, 18 bytes, Stack size 0 bytes, stm32l0xx_hal_rtc_ex.o(i.HAL_RTCEx_BKUPRead))
<BR><BR>[Called By]<UL><LI><a href="#[1e5]">&gt;&gt;</a>&nbsp;&nbsp;&nbsp;RtcBkupRead
</UL>

<P><STRONG><a name="[1e8]"></a>HAL_RTCEx_BKUPWrite</STRONG> (Thumb, 18 bytes, Stack size 8 bytes, stm32l0xx_hal_rtc_ex.o(i.HAL_RTCEx_BKUPWrite))
<BR><BR>[Stack]<UL><LI>Max Depth = 8<LI>Call Chain = HAL_RTCEx_BKUPWrite
</UL>
<BR>[Called By]<UL><LI><a href="#[1e7]">&gt;&gt;</a>&nbsp;&nbsp;&nbsp;RtcBkupWrite
</UL>

<P><STRONG><a name="[1ee]"></a>HAL_RTCEx_EnableBypassShadow</STRONG> (Thumb, 88 bytes, Stack size 0 bytes, stm32l0xx_hal_rtc_ex.o(i.HAL_RTCEx_EnableBypassShadow))
<BR><BR>[Called By]<UL><LI><a href="#[97]">&gt;&gt;</a>&nbsp;&nbsp;&nbsp;RtcInit
</UL>

<P><STRONG><a name="[e8]"></a>HAL_RTC_AlarmAEventCallback</STRONG> (Thumb, 10 bytes, Stack size 8 bytes, rtc-board.o(i.HAL_RTC_AlarmAEventCallback))
<BR><BR>[Stack]<UL><LI>Max Depth = 148<LI>Call Chain = HAL_RTC_AlarmAEventCallback &rArr; TimerIrqHandler &rArr; TimerSetTimeout &rArr; RtcSetAlarm &rArr; RtcGetTimerElapsedTime &rArr; RtcGetCalendarValue &rArr; HAL_RTC_GetTime
</UL>
<BR>[Calls]<UL><LI><a href="#[e9]">&gt;&gt;</a>&nbsp;&nbsp;&nbsp;TimerIrqHandler
</UL>
<BR>[Called By]<UL><LI><a href="#[d]">&gt;&gt;</a>&nbsp;&nbsp;&nbsp;RTC_IRQHandler
</UL>

<P><STRONG><a name="[ea]"></a>HAL_RTC_DeactivateAlarm</STRONG> (Thumb, 274 bytes, Stack size 16 bytes, stm32l0xx_hal_rtc.o(i.HAL_RTC_DeactivateAlarm))
<BR><BR>[Stack]<UL><LI>Max Depth = 16<LI>Call Chain = HAL_RTC_DeactivateAlarm
</UL>
<BR>[Calls]<UL><LI><a href="#[d9]">&gt;&gt;</a>&nbsp;&nbsp;&nbsp;HAL_GetTick
</UL>
<BR>[Called By]<UL><LI><a href="#[97]">&gt;&gt;</a>&nbsp;&nbsp;&nbsp;RtcInit
<LI><a href="#[1f5]">&gt;&gt;</a>&nbsp;&nbsp;&nbsp;RtcStopAlarm
</UL>

<P><STRONG><a name="[eb]"></a>HAL_RTC_GetAlarm</STRONG> (Thumb, 236 bytes, Stack size 40 bytes, stm32l0xx_hal_rtc.o(i.HAL_RTC_GetAlarm))
<BR><BR>[Stack]<UL><LI>Max Depth = 40<LI>Call Chain = HAL_RTC_GetAlarm
</UL>
<BR>[Calls]<UL><LI><a href="#[ec]">&gt;&gt;</a>&nbsp;&nbsp;&nbsp;RTC_Bcd2ToByte
</UL>
<BR>[Called By]<UL><LI><a href="#[199]">&gt;&gt;</a>&nbsp;&nbsp;&nbsp;RtcSetMcuWakeUpTime
</UL>

<P><STRONG><a name="[ed]"></a>HAL_RTC_GetDate</STRONG> (Thumb, 88 bytes, Stack size 20 bytes, stm32l0xx_hal_rtc.o(i.HAL_RTC_GetDate))
<BR><BR>[Stack]<UL><LI>Max Depth = 20<LI>Call Chain = HAL_RTC_GetDate
</UL>
<BR>[Calls]<UL><LI><a href="#[ec]">&gt;&gt;</a>&nbsp;&nbsp;&nbsp;RTC_Bcd2ToByte
</UL>
<BR>[Called By]<UL><LI><a href="#[1ea]">&gt;&gt;</a>&nbsp;&nbsp;&nbsp;RtcGetCalendarValue
</UL>

<P><STRONG><a name="[ee]"></a>HAL_RTC_GetTime</STRONG> (Thumb, 104 bytes, Stack size 20 bytes, stm32l0xx_hal_rtc.o(i.HAL_RTC_GetTime))
<BR><BR>[Stack]<UL><LI>Max Depth = 20<LI>Call Chain = HAL_RTC_GetTime
</UL>
<BR>[Calls]<UL><LI><a href="#[ec]">&gt;&gt;</a>&nbsp;&nbsp;&nbsp;RTC_Bcd2ToByte
</UL>
<BR>[Called By]<UL><LI><a href="#[1ea]">&gt;&gt;</a>&nbsp;&nbsp;&nbsp;RtcGetCalendarValue
</UL>

<P><STRONG><a name="[ef]"></a>HAL_RTC_Init</STRONG> (Thumb, 196 bytes, Stack size 8 bytes, stm32l0xx_hal_rtc.o(i.HAL_RTC_Init))
<BR><BR>[Stack]<UL><LI>Max Depth = 24<LI>Call Chain = HAL_RTC_Init &rArr; RTC_EnterInitMode
</UL>
<BR>[Calls]<UL><LI><a href="#[f0]">&gt;&gt;</a>&nbsp;&nbsp;&nbsp;HAL_RTC_MspInit
<LI><a href="#[f1]">&gt;&gt;</a>&nbsp;&nbsp;&nbsp;RTC_EnterInitMode
</UL>
<BR>[Called By]<UL><LI><a href="#[97]">&gt;&gt;</a>&nbsp;&nbsp;&nbsp;RtcInit
</UL>

<P><STRONG><a name="[f0]"></a>HAL_RTC_MspInit</STRONG> (Thumb, 2 bytes, Stack size 0 bytes, stm32l0xx_hal_rtc.o(i.HAL_RTC_MspInit))
<BR><BR>[Called By]<UL><LI><a href="#[ef]">&gt;&gt;</a>&nbsp;&nbsp;&nbsp;HAL_RTC_Init
</UL>

<P><STRONG><a name="[f2]"></a>HAL_RTC_SetAlarm_IT</STRONG> (Thumb, 590 bytes, Stack size 32 bytes, stm32l0xx_hal_rtc.o(i.HAL_RTC_SetAlarm_IT))
<BR><BR>[Stack]<UL><LI>Max Depth = 32<LI>Call Chain = HAL_RTC_SetAlarm_IT
</UL>
<BR>[Calls]<UL><LI><a href="#[d9]">&gt;&gt;</a>&nbsp;&nbsp;&nbsp;HAL_GetTick
<LI><a href="#[f3]">&gt;&gt;</a>&nbsp;&nbsp;&nbsp;RTC_ByteToBcd2
<LI><a href="#[ec]">&gt;&gt;</a>&nbsp;&nbsp;&nbsp;RTC_Bcd2ToByte
</UL>
<BR>[Called By]<UL><LI><a href="#[1f3]">&gt;&gt;</a>&nbsp;&nbsp;&nbsp;RtcStartAlarm
</UL>

<P><STRONG><a name="[f4]"></a>HAL_RTC_SetDate</STRONG> (Thumb, 298 bytes, Stack size 24 bytes, stm32l0xx_hal_rtc.o(i.HAL_RTC_SetDate))
<BR><BR>[Stack]<UL><LI>Max Depth = 40<LI>Call Chain = HAL_RTC_SetDate &rArr; RTC_EnterInitMode
</UL>
<BR>[Calls]<UL><LI><a href="#[f1]">&gt;&gt;</a>&nbsp;&nbsp;&nbsp;RTC_EnterInitMode
<LI><a href="#[f3]">&gt;&gt;</a>&nbsp;&nbsp;&nbsp;RTC_ByteToBcd2
<LI><a href="#[ec]">&gt;&gt;</a>&nbsp;&nbsp;&nbsp;RTC_Bcd2ToByte
<LI><a href="#[f5]">&gt;&gt;</a>&nbsp;&nbsp;&nbsp;HAL_RTC_WaitForSynchro
</UL>
<BR>[Called By]<UL><LI><a href="#[97]">&gt;&gt;</a>&nbsp;&nbsp;&nbsp;RtcInit
</UL>

<P><STRONG><a name="[f6]"></a>HAL_RTC_SetTime</STRONG> (Thumb, 336 bytes, Stack size 24 bytes, stm32l0xx_hal_rtc.o(i.HAL_RTC_SetTime))
<BR><BR>[Stack]<UL><LI>Max Depth = 40<LI>Call Chain = HAL_RTC_SetTime &rArr; RTC_EnterInitMode
</UL>
<BR>[Calls]<UL><LI><a href="#[f1]">&gt;&gt;</a>&nbsp;&nbsp;&nbsp;RTC_EnterInitMode
<LI><a href="#[f3]">&gt;&gt;</a>&nbsp;&nbsp;&nbsp;RTC_ByteToBcd2
<LI><a href="#[ec]">&gt;&gt;</a>&nbsp;&nbsp;&nbsp;RTC_Bcd2ToByte
<LI><a href="#[f5]">&gt;&gt;</a>&nbsp;&nbsp;&nbsp;HAL_RTC_WaitForSynchro
</UL>
<BR>[Called By]<UL><LI><a href="#[97]">&gt;&gt;</a>&nbsp;&nbsp;&nbsp;RtcInit
</UL>

<P><STRONG><a name="[f5]"></a>HAL_RTC_WaitForSynchro</STRONG> (Thumb, 60 bytes, Stack size 16 bytes, stm32l0xx_hal_rtc.o(i.HAL_RTC_WaitForSynchro))
<BR><BR>[Stack]<UL><LI>Max Depth = 16<LI>Call Chain = HAL_RTC_WaitForSynchro
</UL>
<BR>[Calls]<UL><LI><a href="#[d9]">&gt;&gt;</a>&nbsp;&nbsp;&nbsp;HAL_GetTick
</UL>
<BR>[Called By]<UL><LI><a href="#[f6]">&gt;&gt;</a>&nbsp;&nbsp;&nbsp;HAL_RTC_SetTime
<LI><a href="#[f4]">&gt;&gt;</a>&nbsp;&nbsp;&nbsp;HAL_RTC_SetDate
</UL>

<P><STRONG><a name="[f7]"></a>HAL_SPI_DeInit</STRONG> (Thumb, 58 bytes, Stack size 8 bytes, stm32l0xx_hal_spi.o(i.HAL_SPI_DeInit))
<BR><BR>[Stack]<UL><LI>Max Depth = 8<LI>Call Chain = HAL_SPI_DeInit
</UL>
<BR>[Calls]<UL><LI><a href="#[f8]">&gt;&gt;</a>&nbsp;&nbsp;&nbsp;HAL_SPI_MspDeInit
</UL>
<BR>[Called By]<UL><LI><a href="#[8e]">&gt;&gt;</a>&nbsp;&nbsp;&nbsp;SpiDeInit
</UL>

<P><STRONG><a name="[f9]"></a>HAL_SPI_Init</STRONG> (Thumb, 142 bytes, Stack size 8 bytes, stm32l0xx_hal_spi.o(i.HAL_SPI_Init))
<BR><BR>[Stack]<UL><LI>Max Depth = 8<LI>Call Chain = HAL_SPI_Init
</UL>
<BR>[Calls]<UL><LI><a href="#[fa]">&gt;&gt;</a>&nbsp;&nbsp;&nbsp;HAL_SPI_MspInit
</UL>
<BR>[Called By]<UL><LI><a href="#[9d]">&gt;&gt;</a>&nbsp;&nbsp;&nbsp;SpiInit
</UL>

<P><STRONG><a name="[f8]"></a>HAL_SPI_MspDeInit</STRONG> (Thumb, 2 bytes, Stack size 0 bytes, stm32l0xx_hal_spi.o(i.HAL_SPI_MspDeInit))
<BR><BR>[Called By]<UL><LI><a href="#[f7]">&gt;&gt;</a>&nbsp;&nbsp;&nbsp;HAL_SPI_DeInit
</UL>

<P><STRONG><a name="[fa]"></a>HAL_SPI_MspInit</STRONG> (Thumb, 2 bytes, Stack size 0 bytes, stm32l0xx_hal_spi.o(i.HAL_SPI_MspInit))
<BR><BR>[Called By]<UL><LI><a href="#[f9]">&gt;&gt;</a>&nbsp;&nbsp;&nbsp;HAL_SPI_Init
</UL>

<P><STRONG><a name="[215]"></a>HAL_SYSTICK_CLKSourceConfig</STRONG> (Thumb, 32 bytes, Stack size 0 bytes, stm32l0xx_hal_cortex.o(i.HAL_SYSTICK_CLKSourceConfig))
<BR><BR>[Called By]<UL><LI><a href="#[93]">&gt;&gt;</a>&nbsp;&nbsp;&nbsp;SystemClockConfig
</UL>

<P><STRONG><a name="[fc]"></a>HAL_SYSTICK_Callback</STRONG> (Thumb, 2 bytes, Stack size 0 bytes, stm32l0xx_hal_cortex.o(i.HAL_SYSTICK_Callback))
<BR><BR>[Called By]<UL><LI><a href="#[fb]">&gt;&gt;</a>&nbsp;&nbsp;&nbsp;HAL_SYSTICK_IRQHandler
</UL>

<P><STRONG><a name="[dd]"></a>HAL_SYSTICK_Config</STRONG> (Thumb, 46 bytes, Stack size 16 bytes, stm32l0xx_hal_cortex.o(i.HAL_SYSTICK_Config))
<BR><BR>[Stack]<UL><LI>Max Depth = 24<LI>Call Chain = HAL_SYSTICK_Config &rArr; NVIC_SetPriority
</UL>
<BR>[Calls]<UL><LI><a href="#[de]">&gt;&gt;</a>&nbsp;&nbsp;&nbsp;NVIC_SetPriority
</UL>
<BR>[Called By]<UL><LI><a href="#[93]">&gt;&gt;</a>&nbsp;&nbsp;&nbsp;SystemClockConfig
<LI><a href="#[db]">&gt;&gt;</a>&nbsp;&nbsp;&nbsp;HAL_InitTick
</UL>

<P><STRONG><a name="[fb]"></a>HAL_SYSTICK_IRQHandler</STRONG> (Thumb, 8 bytes, Stack size 8 bytes, stm32l0xx_hal_cortex.o(i.HAL_SYSTICK_IRQHandler))
<BR><BR>[Stack]<UL><LI>Max Depth = 8<LI>Call Chain = HAL_SYSTICK_IRQHandler
</UL>
<BR>[Calls]<UL><LI><a href="#[fc]">&gt;&gt;</a>&nbsp;&nbsp;&nbsp;HAL_SYSTICK_Callback
</UL>
<BR>[Called By]<UL><LI><a href="#[a]">&gt;&gt;</a>&nbsp;&nbsp;&nbsp;SysTick_Handler
</UL>

<P><STRONG><a name="[103]"></a>HAL_UARTEx_WakeupCallback</STRONG> (Thumb, 2 bytes, Stack size 0 bytes, stm32l0xx_hal_uart_ex.o(i.HAL_UARTEx_WakeupCallback))
<BR><BR>[Called By]<UL><LI><a href="#[ff]">&gt;&gt;</a>&nbsp;&nbsp;&nbsp;HAL_UART_IRQHandler
</UL>

<P><STRONG><a name="[fd]"></a>HAL_UART_ErrorCallback</STRONG> (Thumb, 16 bytes, Stack size 8 bytes, uart-board.o(i.HAL_UART_ErrorCallback))
<BR><BR>[Stack]<UL><LI>Max Depth = 16<LI>Call Chain = HAL_UART_ErrorCallback &rArr; HAL_UART_Receive_IT
</UL>
<BR>[Calls]<UL><LI><a href="#[fe]">&gt;&gt;</a>&nbsp;&nbsp;&nbsp;HAL_UART_Receive_IT
</UL>
<BR>[Called By]<UL><LI><a href="#[ff]">&gt;&gt;</a>&nbsp;&nbsp;&nbsp;HAL_UART_IRQHandler
<LI><a href="#[2d]">&gt;&gt;</a>&nbsp;&nbsp;&nbsp;UART_DMAAbortOnError
</UL>

<P><STRONG><a name="[ff]"></a>HAL_UART_IRQHandler</STRONG> (Thumb, 444 bytes, Stack size 24 bytes, stm32l0xx_hal_uart.o(i.HAL_UART_IRQHandler))
<BR><BR>[Stack]<UL><LI>Max Depth = 116<LI>Call Chain = HAL_UART_IRQHandler &rArr; UART_Receive_IT &rArr; HAL_UART_RxCpltCallback &rArr; FifoPush &rArr; FifoNext &rArr; __aeabi_idivmod &rArr; __aeabi_uidivmod
</UL>
<BR>[Calls]<UL><LI><a href="#[fd]">&gt;&gt;</a>&nbsp;&nbsp;&nbsp;HAL_UART_ErrorCallback
<LI><a href="#[102]">&gt;&gt;</a>&nbsp;&nbsp;&nbsp;HAL_DMA_Abort_IT
<LI><a href="#[103]">&gt;&gt;</a>&nbsp;&nbsp;&nbsp;HAL_UARTEx_WakeupCallback
<LI><a href="#[104]">&gt;&gt;</a>&nbsp;&nbsp;&nbsp;UART_Transmit_IT
<LI><a href="#[100]">&gt;&gt;</a>&nbsp;&nbsp;&nbsp;UART_Receive_IT
<LI><a href="#[105]">&gt;&gt;</a>&nbsp;&nbsp;&nbsp;UART_EndTransmit_IT
<LI><a href="#[101]">&gt;&gt;</a>&nbsp;&nbsp;&nbsp;UART_EndRxTransfer
</UL>
<BR>[Called By]<UL><LI><a href="#[25]">&gt;&gt;</a>&nbsp;&nbsp;&nbsp;USART1_IRQHandler
</UL>

<P><STRONG><a name="[106]"></a>HAL_UART_Init</STRONG> (Thumb, 130 bytes, Stack size 8 bytes, stm32l0xx_hal_uart.o(i.HAL_UART_Init))
<BR><BR>[Stack]<UL><LI>Max Depth = 140<LI>Call Chain = HAL_UART_Init &rArr; UART_SetConfig &rArr; HAL_RCCEx_GetPeriphCLKFreq &rArr; HAL_RCC_GetSysClockFreq &rArr; __aeabi_uidivmod
</UL>
<BR>[Calls]<UL><LI><a href="#[107]">&gt;&gt;</a>&nbsp;&nbsp;&nbsp;HAL_UART_MspInit
<LI><a href="#[109]">&gt;&gt;</a>&nbsp;&nbsp;&nbsp;UART_SetConfig
<LI><a href="#[10a]">&gt;&gt;</a>&nbsp;&nbsp;&nbsp;UART_CheckIdleState
<LI><a href="#[108]">&gt;&gt;</a>&nbsp;&nbsp;&nbsp;UART_AdvFeatureConfig
</UL>
<BR>[Called By]<UL><LI><a href="#[21d]">&gt;&gt;</a>&nbsp;&nbsp;&nbsp;UartMcuConfig
</UL>

<P><STRONG><a name="[107]"></a>HAL_UART_MspInit</STRONG> (Thumb, 2 bytes, Stack size 0 bytes, stm32l0xx_hal_uart.o(i.HAL_UART_MspInit))
<BR><BR>[Called By]<UL><LI><a href="#[106]">&gt;&gt;</a>&nbsp;&nbsp;&nbsp;HAL_UART_Init
</UL>

<P><STRONG><a name="[fe]"></a>HAL_UART_Receive_IT</STRONG> (Thumb, 230 bytes, Stack size 8 bytes, stm32l0xx_hal_uart.o(i.HAL_UART_Receive_IT))
<BR><BR>[Stack]<UL><LI>Max Depth = 8<LI>Call Chain = HAL_UART_Receive_IT
</UL>
<BR>[Called By]<UL><LI><a href="#[21d]">&gt;&gt;</a>&nbsp;&nbsp;&nbsp;UartMcuConfig
<LI><a href="#[10b]">&gt;&gt;</a>&nbsp;&nbsp;&nbsp;HAL_UART_RxCpltCallback
<LI><a href="#[fd]">&gt;&gt;</a>&nbsp;&nbsp;&nbsp;HAL_UART_ErrorCallback
</UL>

<P><STRONG><a name="[10b]"></a>HAL_UART_RxCpltCallback</STRONG> (Thumb, 56 bytes, Stack size 8 bytes, uart-board.o(i.HAL_UART_RxCpltCallback))
<BR><BR>[Stack]<UL><LI>Max Depth = 68<LI>Call Chain = HAL_UART_RxCpltCallback &rArr; FifoPush &rArr; FifoNext &rArr; __aeabi_idivmod &rArr; __aeabi_uidivmod
</UL>
[...]
</UL>

<P><STRONG><a name="[11b]"></a>UpdateRxSlotIdleState</STRONG> (Thumb, 28 bytes, Stack size 0 bytes, loramac.o(i.UpdateRxSlotIdleState))
<BR><BR>[Called By]<UL><LI><a href="#[152]">&gt;&gt;</a>&nbsp;&nbsp;&nbsp;ProcessRadioTxTimeout
<LI><a href="#[151]">&gt;&gt;</a>&nbsp;&nbsp;&nbsp;ProcessRadioRxDone
<LI><a href="#[1a1]">&gt;&gt;</a>&nbsp;&nbsp;&nbsp;PrepareRxDoneAbort
<LI><a href="#[110]">&gt;&gt;</a>&nbsp;&nbsp;&nbsp;HandleRadioRxErrorTimeout
</UL>

<P><STRONG><a name="[209]"></a>ValidatePayloadLength</STRONG> (Thumb, 42 bytes, Stack size 24 bytes, loramac.o(i.ValidatePayloadLength))
<BR><BR>[Stack]<UL><LI>Max Depth = 124<LI>Call Chain = ValidatePayloadLength &rArr; GetMaxAppPayloadWithoutFOptsLength &rArr; RegionGetPhyParam &rArr; RegionCN470GetPhyParam &rArr; randr &rArr; __aeabi_idivmod &rArr; __aeabi_uidivmod
</UL>
<BR>[Calls]<UL><LI><a href="#[d0]">&gt;&gt;</a>&nbsp;&nbsp;&nbsp;GetMaxAppPayloadWithoutFOptsLength
</UL>
<BR>[Called By]<UL><LI><a href="#[19d]">&gt;&gt;</a>&nbsp;&nbsp;&nbsp;ScheduleTx
</UL>

<P><STRONG><a name="[a5]"></a>CalcNextV10X</STRONG> (Thumb, 214 bytes, Stack size 64 bytes, loramacadr.o(i.CalcNextV10X))
<BR><BR>[Stack]<UL><LI>Max Depth = 148<LI>Call Chain = CalcNextV10X &rArr; RegionGetPhyParam &rArr; RegionCN470GetPhyParam &rArr; randr &rArr; __aeabi_idivmod &rArr; __aeabi_uidivmod
</UL>
<BR>[Calls]<UL><LI><a href="#[8a]">&gt;&gt;</a>&nbsp;&nbsp;&nbsp;RegionInitDefaults
<LI><a href="#[8c]">&gt;&gt;</a>&nbsp;&nbsp;&nbsp;RegionGetPhyParam
<LI><a href="#[65]">&gt;&gt;</a>&nbsp;&nbsp;&nbsp;__aeabi_uidivmod
</UL>
<BR>[Called By]<UL><LI><a href="#[121]">&gt;&gt;</a>&nbsp;&nbsp;&nbsp;LoRaMacAdrCalcNext
</UL>

<P><STRONG><a name="[c3]"></a>FreeMacCommandSlot</STRONG> (Thumb, 24 bytes, Stack size 8 bytes, loramaccommands.o(i.FreeMacCommandSlot))
<BR><BR>[Stack]<UL><LI>Max Depth = 16<LI>Call Chain = FreeMacCommandSlot &rArr; memset1
</UL>
<BR>[Calls]<UL><LI><a href="#[82]">&gt;&gt;</a>&nbsp;&nbsp;&nbsp;memset1
</UL>
<BR>[Called By]<UL><LI><a href="#[12a]">&gt;&gt;</a>&nbsp;&nbsp;&nbsp;LoRaMacCommandsRemoveCmd
</UL>

<P><STRONG><a name="[196]"></a>IsSlotFree</STRONG> (Thumb, 30 bytes, Stack size 0 bytes, loramaccommands.o(i.IsSlotFree))
<BR><BR>[Called By]<UL><LI><a href="#[124]">&gt;&gt;</a>&nbsp;&nbsp;&nbsp;MallocNewMacCommandSlot
</UL>

<P><STRONG><a name="[126]"></a>IsSticky</STRONG> (Thumb, 26 bytes, Stack size 0 bytes, loramaccommands.o(i.IsSticky))
<BR><BR>[Called By]<UL><LI><a href="#[12c]">&gt;&gt;</a>&nbsp;&nbsp;&nbsp;LoRaMacCommandsRemoveStickyAnsCmds
<LI><a href="#[123]">&gt;&gt;</a>&nbsp;&nbsp;&nbsp;LoRaMacCommandsAddCmd
</UL>

<P><STRONG><a name="[125]"></a>LinkedListAdd</STRONG> (Thumb, 40 bytes, Stack size 0 bytes, loramaccommands.o(i.LinkedListAdd))
<BR><BR>[Called By]<UL><LI><a href="#[123]">&gt;&gt;</a>&nbsp;&nbsp;&nbsp;LoRaMacCommandsAddCmd
</UL>

<P><STRONG><a name="[120]"></a>LinkedListGetPrevious</STRONG> (Thumb, 42 bytes, Stack size 0 bytes, loramaccommands.o(i.LinkedListGetPrevious))
<BR><BR>[Called By]<UL><LI><a href="#[11f]">&gt;&gt;</a>&nbsp;&nbsp;&nbsp;LinkedListRemove
</UL>

<P><STRONG><a name="[129]"></a>LinkedListInit</STRONG> (Thumb, 18 bytes, Stack size 0 bytes, loramaccommands.o(i.LinkedListInit))
<BR><BR>[Called By]<UL><LI><a href="#[128]">&gt;&gt;</a>&nbsp;&nbsp;&nbsp;LoRaMacCommandsInit
</UL>

<P><STRONG><a name="[11f]"></a>LinkedListRemove</STRONG> (Thumb, 60 bytes, Stack size 16 bytes, loramaccommands.o(i.LinkedListRemove))
<BR><BR>[Stack]<UL><LI>Max Depth = 16<LI>Call Chain = LinkedListRemove
</UL>
<BR>[Calls]<UL><LI><a href="#[120]">&gt;&gt;</a>&nbsp;&nbsp;&nbsp;LinkedListGetPrevious
</UL>
<BR>[Called By]<UL><LI><a href="#[12a]">&gt;&gt;</a>&nbsp;&nbsp;&nbsp;LoRaMacCommandsRemoveCmd
</UL>

<P><STRONG><a name="[124]"></a>MallocNewMacCommandSlot</STRONG> (Thumb, 40 bytes, Stack size 8 bytes, loramaccommands.o(i.MallocNewMacCommandSlot))
<BR><BR>[Stack]<UL><LI>Max Depth = 8<LI>Call Chain = MallocNewMacCommandSlot
</UL>
<BR>[Calls]<UL><LI><a href="#[196]">&gt;&gt;</a>&nbsp;&nbsp;&nbsp;IsSlotFree
</UL>
<BR>[Called By]<UL><LI><a href="#[123]">&gt;&gt;</a>&nbsp;&nbsp;&nbsp;LoRaMacCommandsAddCmd
</UL>

<P><STRONG><a name="[127]"></a>NvmCtxCallback</STRONG> (Thumb, 18 bytes, Stack size 8 bytes, loramaccommands.o(i.NvmCtxCallback))
<BR><BR>[Stack]<UL><LI>Max Depth = 8<LI>Call Chain = NvmCtxCallback
</UL>
<BR>[Called By]<UL><LI><a href="#[12c]">&gt;&gt;</a>&nbsp;&nbsp;&nbsp;LoRaMacCommandsRemoveStickyAnsCmds
<LI><a href="#[12b]">&gt;&gt;</a>&nbsp;&nbsp;&nbsp;LoRaMacCommandsRemoveNoneStickyCmds
<LI><a href="#[123]">&gt;&gt;</a>&nbsp;&nbsp;&nbsp;LoRaMacCommandsAddCmd
<LI><a href="#[12a]">&gt;&gt;</a>&nbsp;&nbsp;&nbsp;LoRaMacCommandsRemoveCmd
</UL>

<P><STRONG><a name="[cb]"></a>GetElement</STRONG> (Thumb, 38 bytes, Stack size 24 bytes, loramacconfirmqueue.o(i.GetElement))
<BR><BR>[Stack]<UL><LI>Max Depth = 24<LI>Call Chain = GetElement
</UL>
<BR>[Calls]<UL><LI><a href="#[cc]">&gt;&gt;</a>&nbsp;&nbsp;&nbsp;IncreaseBufferPointer
</UL>
<BR>[Called By]<UL><LI><a href="#[135]">&gt;&gt;</a>&nbsp;&nbsp;&nbsp;LoRaMacConfirmQueueSetStatus
<LI><a href="#[a9]">&gt;&gt;</a>&nbsp;&nbsp;&nbsp;LoRaMacConfirmQueueIsCmdActive
<LI><a href="#[130]">&gt;&gt;</a>&nbsp;&nbsp;&nbsp;LoRaMacConfirmQueueGetStatus
</UL>

<P><STRONG><a name="[cc]"></a>IncreaseBufferPointer</STRONG> (Thumb, 20 bytes, Stack size 0 bytes, loramacconfirmqueue.o(i.IncreaseBufferPointer))
<BR><BR>[Called By]<UL><LI><a href="#[11a]">&gt;&gt;</a>&nbsp;&nbsp;&nbsp;LoRaMacConfirmQueueSetStatusCmn
<LI><a href="#[12f]">&gt;&gt;</a>&nbsp;&nbsp;&nbsp;LoRaMacConfirmQueueAdd
<LI><a href="#[132]">&gt;&gt;</a>&nbsp;&nbsp;&nbsp;LoRaMacConfirmQueueRemoveFirst
<LI><a href="#[cb]">&gt;&gt;</a>&nbsp;&nbsp;&nbsp;GetElement
</UL>

<P><STRONG><a name="[ae]"></a>CheckFCntDown</STRONG> (Thumb, 48 bytes, Stack size 16 bytes, loramaccrypto.o(i.CheckFCntDown))
<BR><BR>[Stack]<UL><LI>Max Depth = 28<LI>Call Chain = CheckFCntDown &rArr; GetLastFcntDown &rArr; __ARM_common_switch8
</UL>
<BR>[Calls]<UL><LI><a href="#[af]">&gt;&gt;</a>&nbsp;&nbsp;&nbsp;GetLastFcntDown
</UL>
<BR>[Called By]<UL><LI><a href="#[148]">&gt;&gt;</a>&nbsp;&nbsp;&nbsp;LoRaMacCryptoUnsecureMessage
</UL>

<P><STRONG><a name="[b2]"></a>ComputeCmacB0</STRONG> (Thumb, 86 bytes, Stack size 64 bytes, loramaccrypto.o(i.ComputeCmacB0))
<BR><BR>[Stack]<UL><LI>Max Depth = 272<LI>Call Chain = ComputeCmacB0 &rArr; SecureElementComputeAesCmac &rArr; ComputeCmac &rArr; AES_CMAC_Final &rArr; aes_encrypt &rArr; mix_sub_columns
</UL>
<BR>[Calls]<UL><LI><a href="#[b4]">&gt;&gt;</a>&nbsp;&nbsp;&nbsp;SecureElementComputeAesCmac
<LI><a href="#[b3]">&gt;&gt;</a>&nbsp;&nbsp;&nbsp;PrepareB0
</UL>
<BR>[Called By]<UL><LI><a href="#[143]">&gt;&gt;</a>&nbsp;&nbsp;&nbsp;LoRaMacCryptoSecureMessage
</UL>

<P><STRONG><a name="[ba]"></a>DeriveSessionKey10x</STRONG> (Thumb, 170 bytes, Stack size 56 bytes, loramaccrypto.o(i.DeriveSessionKey10x))
<BR><BR>[Stack]<UL><LI>Max Depth = 284<LI>Call Chain = DeriveSessionKey10x &rArr; SecureElementDeriveAndStoreKey &rArr; SecureElementSetKey &rArr; SecureElementAesEncrypt &rArr; aes_set_key &rArr; __aeabi_idivmod &rArr; __aeabi_uidivmod
</UL>
<BR>[Calls]<UL><LI><a href="#[84]">&gt;&gt;</a>&nbsp;&nbsp;&nbsp;memcpy1
<LI><a href="#[bb]">&gt;&gt;</a>&nbsp;&nbsp;&nbsp;SecureElementDeriveAndStoreKey
</UL>
<BR>[Called By]<UL><LI><a href="#[138]">&gt;&gt;</a>&nbsp;&nbsp;&nbsp;LoRaMacCryptoHandleJoinAccept
</UL>

<P><STRONG><a name="[2e]"></a>DummyCB</STRONG> (Thumb, 2 bytes, Stack size 0 bytes, loramaccrypto.o(i.DummyCB))
<BR>[Address Reference Count : 1]<UL><LI> loramaccrypto.o(i.LoRaMacCryptoInit)
</UL>
<P><STRONG><a name="[14a]"></a>GetKeyAddrItem</STRONG> (Thumb, 42 bytes, Stack size 8 bytes, loramaccrypto.o(i.GetKeyAddrItem))
<BR><BR>[Stack]<UL><LI>Max Depth = 8<LI>Call Chain = GetKeyAddrItem
</UL>
<BR>[Called By]<UL><LI><a href="#[148]">&gt;&gt;</a>&nbsp;&nbsp;&nbsp;LoRaMacCryptoUnsecureMessage
</UL>

<P><STRONG><a name="[af]"></a>GetLastFcntDown</STRONG> (Thumb, 144 bytes, Stack size 4 bytes, loramaccrypto.o(i.GetLastFcntDown))
<BR><BR>[Stack]<UL><LI>Max Depth = 12<LI>Call Chain = GetLastFcntDown &rArr; __ARM_common_switch8
</UL>
<BR>[Calls]<UL><LI><a href="#[ce]">&gt;&gt;</a>&nbsp;&nbsp;&nbsp;__ARM_common_switch8
</UL>
<BR>[Called By]<UL><LI><a href="#[cf]">&gt;&gt;</a>&nbsp;&nbsp;&nbsp;LoRaMacCryptoGetFCntDown
<LI><a href="#[ae]">&gt;&gt;</a>&nbsp;&nbsp;&nbsp;CheckFCntDown
</UL>

<P><STRONG><a name="[144]"></a>PayloadEncrypt</STRONG> (Thumb, 202 bytes, Stack size 80 bytes, loramaccrypto.o(i.PayloadEncrypt))
<BR><BR>[Stack]<UL><LI>Max Depth = 212<LI>Call Chain = PayloadEncrypt &rArr; SecureElementAesEncrypt &rArr; aes_set_key &rArr; __aeabi_idivmod &rArr; __aeabi_uidivmod
</UL>
<BR>[Calls]<UL><LI><a href="#[139]">&gt;&gt;</a>&nbsp;&nbsp;&nbsp;SecureElementAesEncrypt
</UL>
<BR>[Called By]<UL><LI><a href="#[148]">&gt;&gt;</a>&nbsp;&nbsp;&nbsp;LoRaMacCryptoUnsecureMessage
<LI><a href="#[143]">&gt;&gt;</a>&nbsp;&nbsp;&nbsp;LoRaMacCryptoSecureMessage
</UL>

<P><STRONG><a name="[b3]"></a>PrepareB0</STRONG> (Thumb, 108 bytes, Stack size 20 bytes, loramaccrypto.o(i.PrepareB0))
<BR><BR>[Stack]<UL><LI>Max Depth = 20<LI>Call Chain = PrepareB0
</UL>
<BR>[Called By]<UL><LI><a href="#[14b]">&gt;&gt;</a>&nbsp;&nbsp;&nbsp;VerifyCmacB0
<LI><a href="#[b2]">&gt;&gt;</a>&nbsp;&nbsp;&nbsp;ComputeCmacB0
</UL>

<P><STRONG><a name="[13e]"></a>ResetFCnts</STRONG> (Thumb, 78 bytes, Stack size 8 bytes, loramaccrypto.o(i.ResetFCnts))
<BR><BR>[Stack]<UL><LI>Max Depth = 8<LI>Call Chain = ResetFCnts
</UL>
<BR>[Called By]<UL><LI><a href="#[13d]">&gt;&gt;</a>&nbsp;&nbsp;&nbsp;LoRaMacCryptoInit
</UL>

<P><STRONG><a name="[14c]"></a>UpdateFCntDown</STRONG> (Thumb, 90 bytes, Stack size 16 bytes, loramaccrypto.o(i.UpdateFCntDown))
<BR><BR>[Stack]<UL><LI>Max Depth = 24<LI>Call Chain = UpdateFCntDown &rArr; __ARM_common_switch8
</UL>
<BR>[Calls]<UL><LI><a href="#[ce]">&gt;&gt;</a>&nbsp;&nbsp;&nbsp;__ARM_common_switch8
</UL>
<BR>[Called By]<UL><LI><a href="#[148]">&gt;&gt;</a>&nbsp;&nbsp;&nbsp;LoRaMacCryptoUnsecureMessage
</UL>

<P><STRONG><a name="[14b]"></a>VerifyCmacB0</STRONG> (Thumb, 120 bytes, Stack size 312 bytes, loramaccrypto.o(i.VerifyCmacB0))
<BR><BR>[Stack]<UL><LI>Max Depth = 528<LI>Call Chain = VerifyCmacB0 &rArr; SecureElementVerifyAesCmac &rArr; ComputeCmac &rArr; AES_CMAC_Final &rArr; aes_encrypt &rArr; mix_sub_columns
</UL>
<BR>[Calls]<UL><LI><a href="#[82]">&gt;&gt;</a>&nbsp;&nbsp;&nbsp;memset1
<LI><a href="#[84]">&gt;&gt;</a>&nbsp;&nbsp;&nbsp;memcpy1
<LI><a href="#[13b]">&gt;&gt;</a>&nbsp;&nbsp;&nbsp;SecureElementVerifyAesCmac
<LI><a href="#[b3]">&gt;&gt;</a>&nbsp;&nbsp;&nbsp;PrepareB0
</UL>
<BR>[Called By]<UL><LI><a href="#[148]">&gt;&gt;</a>&nbsp;&nbsp;&nbsp;LoRaMacCryptoUnsecureMessage
</UL>

<P><STRONG><a name="[225]"></a>add_round_key</STRONG> (Thumb, 16 bytes, Stack size 16 bytes, aes.o(i.add_round_key))
<BR><BR>[Stack]<UL><LI>Max Depth = 16<LI>Call Chain = add_round_key
</UL>
<BR>[Calls]<UL><LI><a href="#[226]">&gt;&gt;</a>&nbsp;&nbsp;&nbsp;xor_block
</UL>
<BR>[Called By]<UL><LI><a href="#[83]">&gt;&gt;</a>&nbsp;&nbsp;&nbsp;aes_encrypt
</UL>

<P><STRONG><a name="[227]"></a>copy_and_key</STRONG> (Thumb, 132 bytes, Stack size 8 bytes, aes.o(i.copy_and_key))
<BR><BR>[Stack]<UL><LI>Max Depth = 8<LI>Call Chain = copy_and_key
</UL>
<BR>[Called By]<UL><LI><a href="#[83]">&gt;&gt;</a>&nbsp;&nbsp;&nbsp;aes_encrypt
</UL>

<P><STRONG><a name="[232]"></a>copy_block</STRONG> (Thumb, 66 bytes, Stack size 0 bytes, aes.o(i.copy_block))
<BR><BR>[Called By]<UL><LI><a href="#[228]">&gt;&gt;</a>&nbsp;&nbsp;&nbsp;mix_sub_columns
</UL>

<P><STRONG><a name="[22a]"></a>copy_block_nn</STRONG> (Thumb, 24 bytes, Stack size 8 bytes, aes.o(i.copy_block_nn))
<BR><BR>[Stack]<UL><LI>Max Depth = 8<LI>Call Chain = copy_block_nn
</UL>
<BR>[Called By]<UL><LI><a href="#[87]">&gt;&gt;</a>&nbsp;&nbsp;&nbsp;aes_set_key
</UL>

<P><STRONG><a name="[228]"></a>mix_sub_columns</STRONG> (Thumb, 630 bytes, Stack size 24 bytes, aes.o(i.mix_sub_columns))
<BR><BR>[Stack]<UL><LI>Max Depth = 24<LI>Call Chain = mix_sub_columns
</UL>
<BR>[Calls]<UL><LI><a href="#[232]">&gt;&gt;</a>&nbsp;&nbsp;&nbsp;copy_block
</UL>
<BR>[Called By]<UL><LI><a href="#[83]">&gt;&gt;</a>&nbsp;&nbsp;&nbsp;aes_encrypt
</UL>

<P><STRONG><a name="[229]"></a>shift_sub_rows</STRONG> (Thumb, 108 bytes, Stack size 0 bytes, aes.o(i.shift_sub_rows))
<BR><BR>[Called By]<UL><LI><a href="#[83]">&gt;&gt;</a>&nbsp;&nbsp;&nbsp;aes_encrypt
</UL>

<P><STRONG><a name="[226]"></a>xor_block</STRONG> (Thumb, 130 bytes, Stack size 0 bytes, aes.o(i.xor_block))
<BR><BR>[Called By]<UL><LI><a href="#[225]">&gt;&gt;</a>&nbsp;&nbsp;&nbsp;add_round_key
</UL>

<P><STRONG><a name="[b0]"></a>ComputeCmac</STRONG> (Thumb, 118 bytes, Stack size 56 bytes, soft-se.o(i.ComputeCmac))
<BR><BR>[Stack]<UL><LI>Max Depth = 168<LI>Call Chain = ComputeCmac &rArr; AES_CMAC_Final &rArr; aes_encrypt &rArr; mix_sub_columns
</UL>
<BR>[Calls]<UL><LI><a href="#[b1]">&gt;&gt;</a>&nbsp;&nbsp;&nbsp;GetKeyByID
<LI><a href="#[88]">&gt;&gt;</a>&nbsp;&nbsp;&nbsp;AES_CMAC_Update
<LI><a href="#[86]">&gt;&gt;</a>&nbsp;&nbsp;&nbsp;AES_CMAC_SetKey
<LI><a href="#[85]">&gt;&gt;</a>&nbsp;&nbsp;&nbsp;AES_CMAC_Init
<LI><a href="#[81]">&gt;&gt;</a>&nbsp;&nbsp;&nbsp;AES_CMAC_Final
</UL>
<BR>[Called By]<UL><LI><a href="#[13b]">&gt;&gt;</a>&nbsp;&nbsp;&nbsp;SecureElementVerifyAesCmac
<LI><a href="#[b4]">&gt;&gt;</a>&nbsp;&nbsp;&nbsp;SecureElementComputeAesCmac
</UL>

<P><STRONG><a name="[3e]"></a>DummyCB</STRONG> (Thumb, 2 bytes, Stack size 0 bytes, soft-se.o(i.DummyCB))
<BR>[Address Reference Count : 1]<UL><LI> soft-se.o(i.SecureElementInit)
</UL>
<P><STRONG><a name="[b5]"></a>CountNbOfEnabledChannels</STRONG> (Thumb, 184 bytes, Stack size 48 bytes, regioncn470.o(i.CountNbOfEnabledChannels))
<BR><BR>[Stack]<UL><LI>Max Depth = 48<LI>Call Chain = CountNbOfEnabledChannels
</UL>
<BR>[Calls]<UL><LI><a href="#[b6]">&gt;&gt;</a>&nbsp;&nbsp;&nbsp;RegionCommonValueInRange
</UL>
<BR>[Called By]<UL><LI><a href="#[1c7]">&gt;&gt;</a>&nbsp;&nbsp;&nbsp;RegionCN470NextChannel
</UL>

<P><STRONG><a name="[1bd]"></a>GetBandwidth</STRONG> (Thumb, 44 bytes, Stack size 0 bytes, regioncn470.o(i.GetBandwidth))
<BR><BR>[Called By]<UL><LI><a href="#[1bc]">&gt;&gt;</a>&nbsp;&nbsp;&nbsp;RegionCN470ComputeRxWindowParameters
</UL>

<P><STRONG><a name="[1c1]"></a>GetNextLowerTxDr</STRONG> (Thumb, 20 bytes, Stack size 0 bytes, regioncn470.o(i.GetNextLowerTxDr))
<BR><BR>[Called By]<UL><LI><a href="#[1c0]">&gt;&gt;</a>&nbsp;&nbsp;&nbsp;RegionCN470GetPhyParam
</UL>

<P><STRONG><a name="[1d2]"></a>LimitTxPower</STRONG> (Thumb, 20 bytes, Stack size 12 bytes, regioncn470.o(i.LimitTxPower))
<BR><BR>[Stack]<UL><LI>Max Depth = 12<LI>Call Chain = LimitTxPower
</UL>
<BR>[Called By]<UL><LI><a href="#[1d4]">&gt;&gt;</a>&nbsp;&nbsp;&nbsp;RegionCN470TxConfig
<LI><a href="#[1d1]">&gt;&gt;</a>&nbsp;&nbsp;&nbsp;RegionCN470SetContinuousWave
</UL>

<P><STRONG><a name="[1ce]"></a>VerifyRfFreq</STRONG> (Thumb, 68 bytes, Stack size 8 bytes, regioncn470.o(i.VerifyRfFreq))
<BR><BR>[Stack]<UL><LI>Max Depth = 20<LI>Call Chain = VerifyRfFreq &rArr; __aeabi_uidivmod
</UL>
<BR>[Calls]<UL><LI><a href="#[65]">&gt;&gt;</a>&nbsp;&nbsp;&nbsp;__aeabi_uidivmod
</UL>
<BR>[Called By]<UL><LI><a href="#[1d5]">&gt;&gt;</a>&nbsp;&nbsp;&nbsp;RegionCN470Verify
<LI><a href="#[1cd]">&gt;&gt;</a>&nbsp;&nbsp;&nbsp;RegionCN470RxParamSetupReq
</UL>

<P><STRONG><a name="[1db]"></a>CountChannels</STRONG> (Thumb, 40 bytes, Stack size 12 bytes, regioncommon.o(i.CountChannels))
<BR><BR>[Stack]<UL><LI>Max Depth = 12<LI>Call Chain = CountChannels
</UL>
<BR>[Called By]<UL><LI><a href="#[1c9]">&gt;&gt;</a>&nbsp;&nbsp;&nbsp;RegionCommonCountChannels
</UL>

<P><STRONG><a name="[208]"></a>GetFskBandwidthRegValue</STRONG> (Thumb, 46 bytes, Stack size 0 bytes, sx1276.o(i.GetFskBandwidthRegValue))
<BR><BR>[Called By]<UL><LI><a href="#[50]">&gt;&gt;</a>&nbsp;&nbsp;&nbsp;SX1276SetRxConfig
</UL>

<P><STRONG><a name="[1f6]"></a>RxChainCalibration</STRONG> (Thumb, 174 bytes, Stack size 40 bytes, sx1276.o(i.RxChainCalibration))
<BR><BR>[Stack]<UL><LI>Max Depth = 168<LI>Call Chain = RxChainCalibration &rArr; __aeabi_dmul &rArr; _double_epilogue &rArr; __aeabi_llsr
</UL>
<BR>[Calls]<UL><LI><a href="#[5b]">&gt;&gt;</a>&nbsp;&nbsp;&nbsp;SX1276Write
<LI><a href="#[4d]">&gt;&gt;</a>&nbsp;&nbsp;&nbsp;SX1276SetChannel
<LI><a href="#[5c]">&gt;&gt;</a>&nbsp;&nbsp;&nbsp;SX1276Read
<LI><a href="#[7b]">&gt;&gt;</a>&nbsp;&nbsp;&nbsp;__aeabi_ui2d
<LI><a href="#[77]">&gt;&gt;</a>&nbsp;&nbsp;&nbsp;__aeabi_dmul
<LI><a href="#[7d]">&gt;&gt;</a>&nbsp;&nbsp;&nbsp;__aeabi_d2uiz
</UL>
<BR>[Called By]<UL><LI><a href="#[4a]">&gt;&gt;</a>&nbsp;&nbsp;&nbsp;SX1276Init
<LI><a href="#[3d]">&gt;&gt;</a>&nbsp;&nbsp;&nbsp;SX1276OnTimeoutIrq
</UL>

<P><STRONG><a name="[c0]"></a>FifoNext</STRONG> (Thumb, 18 bytes, Stack size 16 bytes, fifo.o(i.FifoNext))
<BR><BR>[Stack]<UL><LI>Max Depth = 44<LI>Call Chain = FifoNext &rArr; __aeabi_idivmod &rArr; __aeabi_uidivmod
</UL>
<BR>[Calls]<UL><LI><a href="#[64]">&gt;&gt;</a>&nbsp;&nbsp;&nbsp;__aeabi_idivmod
</UL>
<BR>[Called By]<UL><LI><a href="#[10c]">&gt;&gt;</a>&nbsp;&nbsp;&nbsp;IsFifoFull
<LI><a href="#[c2]">&gt;&gt;</a>&nbsp;&nbsp;&nbsp;FifoPush
<LI><a href="#[c1]">&gt;&gt;</a>&nbsp;&nbsp;&nbsp;FifoPop
</UL>

<P><STRONG><a name="[21a]"></a>TimerExists</STRONG> (Thumb, 26 bytes, Stack size 0 bytes, timer.o(i.TimerExists))
<BR><BR>[Called By]<UL><LI><a href="#[ad]">&gt;&gt;</a>&nbsp;&nbsp;&nbsp;TimerStart
</UL>

<P><STRONG><a name="[216]"></a>TimerInsertNewHeadTimer</STRONG> (Thumb, 30 bytes, Stack size 16 bytes, timer.o(i.TimerInsertNewHeadTimer))
<BR><BR>[Stack]<UL><LI>Max Depth = 132<LI>Call Chain = TimerInsertNewHeadTimer &rArr; TimerSetTimeout &rArr; RtcSetAlarm &rArr; RtcGetTimerElapsedTime &rArr; RtcGetCalendarValue &rArr; HAL_RTC_GetTime
</UL>
<BR>[Calls]<UL><LI><a href="#[217]">&gt;&gt;</a>&nbsp;&nbsp;&nbsp;TimerSetTimeout
</UL>
<BR>[Called By]<UL><LI><a href="#[ad]">&gt;&gt;</a>&nbsp;&nbsp;&nbsp;TimerStart
</UL>

<P><STRONG><a name="[21b]"></a>TimerInsertTimer</STRONG> (Thumb, 46 bytes, Stack size 8 bytes, timer.o(i.TimerInsertTimer))
<BR><BR>[Stack]<UL><LI>Max Depth = 8<LI>Call Chain = TimerInsertTimer
</UL>
<BR>[Called By]<UL><LI><a href="#[ad]">&gt;&gt;</a>&nbsp;&nbsp;&nbsp;TimerStart
</UL>

<P><STRONG><a name="[217]"></a>TimerSetTimeout</STRONG> (Thumb, 42 bytes, Stack size 16 bytes, timer.o(i.TimerSetTimeout))
<BR><BR>[Stack]<UL><LI>Max Depth = 116<LI>Call Chain = TimerSetTimeout &rArr; RtcSetAlarm &rArr; RtcGetTimerElapsedTime &rArr; RtcGetCalendarValue &rArr; HAL_RTC_GetTime
</UL>
<BR>[Calls]<UL><LI><a href="#[1f2]">&gt;&gt;</a>&nbsp;&nbsp;&nbsp;RtcSetAlarm
<LI><a href="#[1ec]">&gt;&gt;</a>&nbsp;&nbsp;&nbsp;RtcGetTimerElapsedTime
<LI><a href="#[219]">&gt;&gt;</a>&nbsp;&nbsp;&nbsp;RtcGetMinimumTimeout
</UL>
<BR>[Called By]<UL><LI><a href="#[158]">&gt;&gt;</a>&nbsp;&nbsp;&nbsp;TimerStop
<LI><a href="#[e9]">&gt;&gt;</a>&nbsp;&nbsp;&nbsp;TimerIrqHandler
<LI><a href="#[216]">&gt;&gt;</a>&nbsp;&nbsp;&nbsp;TimerInsertNewHeadTimer
</UL>

<P><STRONG><a name="[222]"></a>_printf_core</STRONG> (Thumb, 1020 bytes, Stack size 104 bytes, printf8.o(i._printf_core), UNUSED)
<BR><BR>[Calls]<UL><LI><a href="#[223]">&gt;&gt;</a>&nbsp;&nbsp;&nbsp;_printf_pre_padding
<LI><a href="#[224]">&gt;&gt;</a>&nbsp;&nbsp;&nbsp;_printf_post_padding
<LI><a href="#[66]">&gt;&gt;</a>&nbsp;&nbsp;&nbsp;__aeabi_uldivmod
</UL>
<BR>[Called By]<UL><LI><a href="#[221]">&gt;&gt;</a>&nbsp;&nbsp;&nbsp;__0printf$8
</UL>

<P><STRONG><a name="[224]"></a>_printf_post_padding</STRONG> (Thumb, 32 bytes, Stack size 24 bytes, printf8.o(i._printf_post_padding), UNUSED)
<BR><BR>[Called By]<UL><LI><a href="#[222]">&gt;&gt;</a>&nbsp;&nbsp;&nbsp;_printf_core
</UL>

<P><STRONG><a name="[223]"></a>_printf_pre_padding</STRONG> (Thumb, 44 bytes, Stack size 40 bytes, printf8.o(i._printf_pre_padding), UNUSED)
<BR><BR>[Called By]<UL><LI><a href="#[222]">&gt;&gt;</a>&nbsp;&nbsp;&nbsp;_printf_core
</UL>
<P>
<H3>
Undefined Global Symbols
</H3><HR></body></html>
